S-450	<2mgr>तिमी नै त्यस्तो रहेछ ।
T-450	नाक न इन्च लेसा ।
H-450	-0.04068661108613014	नाङ न हुन्च लेसा ।
D-450	-0.04068661108613014	नाङ न हुन्च लेसा ।
P-450	-0.0302 -0.0296 -0.0014 -0.0295 -0.0330 -0.0847 -0.0764
S-13	<2mgr>उनीहरू झाँक्री हुन् ।
T-13	होसको झाँक्री आले ।
H-13	-0.047973763197660446	होसको झाँक्री आले ।
D-13	-0.047973763197660446	होसको झाँक्री आले ।
P-13	-0.0112 -0.0218 -0.0364 -0.0941 -0.0765
S-59	<2mgr>तिमी कहिले आयौ ?
T-59	नाङ सेन राहा ?
H-59	-0.2134486734867096	नाङ सेन राहाच ?
D-59	-0.2134486734867096	नाङ सेन राहाच ?
P-59	-0.0309 -0.0041 -0.8633 -0.0933 -0.0756
S-21	<2mgr>छोरा छोरी कति छन् ?
T-21	मीजाको कुडीक ले ?
H-21	-0.2690383493900299	लेन्जा मीजाको कुडीक ले ?
D-21	-0.2690383493900299	लेन्जा मीजाको कुडीक ले ?
P-21	-1.6000 -0.0178 -0.0450 -0.0341 -0.0421 -0.0682 -0.0760
S-62	<2mgr>चिटिक्क घर ।
T-62	चीटीक्क इम ।
H-62	-0.16962121427059174	चीटिक्क इम ।
D-62	-0.16962121427059174	चीटिक्क इम ।
P-62	-0.2754 -0.5267 -0.0908 -0.1109 -0.0169 -0.0857 -0.0810
S-114	<2mgr>डाँडाभरि मानिस थिए ।
T-114	डाँडाभरी भर्मी लेया ।
H-114	-0.18572495877742767	डाँडभरी भर्मी लेया ।
D-114	-0.18572495877742767	डाँडभरी भर्मी लेया ।
P-114	-0.3691 -0.0098 -0.6435 -0.0695 -0.0369 -0.0915 -0.0797
S-117	<2mgr>छोरा छोरी कति छन् ?
T-117	मीजाको कुडीक ले ?
H-117	-0.2690383493900299	लेन्जा मीजाको कुडीक ले ?
D-117	-0.2690383493900299	लेन्जा मीजाको कुडीक ले ?
P-117	-1.6000 -0.0178 -0.0450 -0.0341 -0.0421 -0.0682 -0.0760
S-128	<2mgr>तामाङनीहरू पनि छन् ।
T-128	तामाङनीको ड ले ।
H-128	-0.04758528620004654	तामाङनीको ड ले ।
D-128	-0.04758528620004654	तामाङनीको ड ले ।
P-128	-0.0525 -0.0045 -0.0482 -0.0090 -0.0946 -0.0767
S-288	<2mgr>दाज्युलाई मन पर्यो ।
T-288	दाजीके मीमन परीसा ।
H-288	-0.18775445222854614	दाजीके मीमन परीसा ।
D-288	-0.18775445222854614	दाजीके मीमन परीसा ।
P-288	-0.7831 -0.0618 -0.0306 -0.0776 -0.0946 -0.0789
S-79	<2mgr>भागमा पनि छोयो ।
T-79	भागाङ ड छुआ ।
H-79	-0.2261134386062622	भागाङ ड डासा ।
D-79	-0.2261134386062622	भागाङ ड डासा ।
P-79	-0.0231 -0.3079 -0.0298 -0.9955 -0.0538 -0.0961 -0.0767
S-92	<2mgr>मेरो कुरा सुन न ।
T-92	ङौ कुरा सेनी न ।
H-92	-0.4619142711162567	ङौ कुरा सेके न ।
D-92	-0.4619142711162567	ङौ कुरा सेके न ।
P-92	-0.0140 -0.3454 -0.5009 -0.9018 -1.3069 -0.0846 -0.0798
S-180	<2mgr>कसैले देखेनछ ।
T-180	सुयर माडाङा ।
H-180	-0.15427246689796448	सुयर माडाङ्मले ।
D-180	-0.15427246689796448	सुयर माडाङ्मले ।
P-180	-0.0161 -0.0134 -0.1162 -0.0374 -0.5007 -0.3906 -0.0805 -0.0794
S-305	<2mgr>दिदीलाई खाना दिनुहोस् ।
T-305	डैके छो याहानीको ।
H-305	-0.2429364174604416	डैके छो याहानी ।
D-305	-0.2429364174604416	डैके छो याहानी ।
P-305	-0.0069 -0.1760 -0.0146 -1.2953 -0.0358 -0.0938 -0.0781
S-340	<2mgr>कपाल बाँध्नु
T-340	मीछाम छ्याक्के
H-340	-0.6341434717178345	एकछिन छ्याक्नी
D-340	-0.6341434717178345	एकछिन छ्याक्नी
P-340	-1.4592 -1.7768 -1.1401 -0.3708 -0.1225 -0.0443 -0.0813 -0.0783
S-401	<2mgr>हामी सबै मगर हौं ।
T-401	कानको जम्मै मगर आले ।
H-401	-0.26773950457572937	कान जम्मै मगर आले ।
D-401	-0.26773950457572937	कान जम्मै मगर आले ।
P-401	-1.2499 -0.0363 -0.1265 -0.0208 -0.0920 -0.0810
S-413	<2mgr>फुर्साद छैन ।
T-413	फुर्साड माले ।
H-413	-0.12274011224508286	फुर्साद माले ।
D-413	-0.12274011224508286	फुर्साद माले ।
P-413	-0.0147 -0.0165 -0.0148 -0.6390 -0.0080 -0.0896 -0.0765
S-448	<2mgr>त्यस दिन सबै मानिस थिए ।
T-448	होसे याक जम्मै भर्मी लेया ।
H-448	-0.16115571558475494	होसे याक जम्मै भर्मी लेया ।
D-448	-0.16115571558475494	होसे याक जम्मै भर्मी लेया ।
P-448	-0.7389 -0.0139 -0.0144 -0.1321 -0.0569 -0.0942 -0.0777
S-80	<2mgr>म पुग्दा ऊ थिएन ।
T-80	ङा टानाङ होसे मालेया ।
H-80	-0.17010439932346344	ङा टाहानाङ होसे मालेया ।
D-80	-0.17010439932346344	ङा टाहानाङ होसे मालेया ।
P-80	-0.0628 -0.6253 -0.0292 -0.1515 -0.1499 -0.0952 -0.0768
S-412	<2mgr>हजुर कहाँ हो त ?
T-412	नाको कुलाक आले त ?
H-412	-0.13760603964328766	नाको कुलाङ आले च ?
D-412	-0.13760603964328766	नाको कुलाङ आले च ?
P-412	-0.0173 -0.1051 -0.1172 -0.0236 -0.5261 -0.0984 -0.0755
S-484	<2mgr>आइया ! आमा !
T-484	आइया ! मोइ !
H-484	-0.28809088468551636	आइ ! मोइ !
D-484	-0.28809088468551636	आइ ! मोइ !
P-484	-1.3292 -0.1955 -0.0593 -0.0192 -0.0518 -0.0735
S-243	<2mgr>तिमी नै भन न ।
T-243	ने न डेउ न ।
H-243	-0.27134737372398376	नाङ न डेनी न ।
D-243	-0.27134737372398376	नाङ न डेनी न ।
P-243	-0.0278 -0.0409 -0.0022 -0.3743 -1.2825 -0.0922 -0.0796
S-341	<2mgr>'ल हिँड । '
T-341	'ल व्हान । '
H-341	-0.142241969704628	'ल व्हान । '
D-341	-0.142241969704628	'ल व्हान । '
P-341	-0.0613 -0.5113 -0.0409 -0.1095 -0.0983 -0.1028 -0.0715
S-415	<2mgr>च्यतिएको लुगा
T-415	च्याहाच बडीन
H-415	-0.9993118643760681	हजुर बन्डीच बन्डी
D-415	-0.9993118643760681	हजुर बन्डीच बन्डी
P-415	-3.6637 -1.4878 -0.2851 -0.1090 -0.4789 -0.5314 -1.1012 -0.3374
S-426	<2mgr>दिदी पानी दिनु न ।
T-426	डै डी याहानी न ।
H-426	-0.25855839252471924	डै डी याहौ न ।
D-426	-0.25855839252471924	डै डी याहौ न ।
P-426	-0.0060 -0.2586 -1.3162 -0.0557 -0.1732 -0.0709 -0.1071 -0.0807
S-427	<2mgr>किन यसो गरेको होला ?
T-427	हीके इट जाट्च ओला ?
H-427	-0.16680322587490082	हिके इट जाट्च ओला ?
D-427	-0.16680322587490082	हिके इट जाट्च ओला ?
P-427	-0.0334 -0.0751 -0.0140 -0.1060 -0.8498 -0.1099 -0.0651 -0.0811
S-494	<2mgr>माइला घरमा गएछ ।
T-494	माइला इमाङ नुङ्लेसा ।
H-494	-0.14666718244552612	माइला इमाङ नुङलेसा ।
D-494	-0.14666718244552612	माइला इमाङ नुङलेसा ।
P-494	-0.0084 -0.0164 -0.0080 -0.5694 -0.2571 -0.0871 -0.0804
S-109	<2mgr>म त्यसै गर्छु ।
T-109	ङै होट्न जाट्लाङ ।
H-109	-0.246217280626297	ङा होटै जाट्लाङ ।
D-109	-0.246217280626297	ङा होटै जाट्लाङ ।
P-109	-0.0683 -0.0082 -1.1072 -0.2823 -0.0834 -0.0966 -0.0776
S-223	<2mgr>हिउँ सेतो हुन्छ ।
T-223	हीँउ बोच छान्ह्ले ।
H-223	-0.03500807657837868	हीँउ बोच छान्ह्ले ।
D-223	-0.03500807657837868	हीँउ बोच छान्ह्ले ।
P-223	-0.0318 -0.0328 -0.0185 -0.0116 -0.0056 -0.0099 -0.0896 -0.0803
S-335	<2mgr>पानी पर्न थाल्यो।
T-335	नामास राहाके पा।
H-335	-0.2518567442893982	नामास राहाके ठाला।
D-335	-0.2518567442893982	नामास राहाके ठाला।
P-335	-0.1771 -0.0474 -0.0056 -0.8539 -0.0135 -0.2519 -0.5933 -0.0722
S-504	<2mgr>सामुन्ने केहि छैन ।
T-504	अघेरपट्टी हीड माले ।
H-504	-0.18032652139663696	सामुन्ने हीड माले ।
D-504	-0.18032652139663696	सामुन्ने हीड माले ।
P-504	-0.3934 -0.2554 -0.4182 -0.0218 -0.0114 -0.0876 -0.0743
S-445	<2mgr>छिटो छिटो लेख ।
T-445	झोको झोको रीको ।
H-445	-0.18534022569656372	झोको झोको रीको ।
D-445	-0.18534022569656372	झोको झोको रीको ।
P-445	-0.0456 -0.0233 -0.0168 -0.1493 -0.0071 -0.0261 -0.0516 -1.3518 -0.1045 -0.0772
S-408	<2mgr>माथिमाथि हेर ।
T-408	ढेमाङ ढेमाङ ङोसो ।
H-408	-0.15684576332569122	ढेमाङढेमाङ ङोसो ।
D-408	-0.15684576332569122	ढेमाङढेमाङ ङोसो ।
P-408	-0.0677 -0.7009 -0.0255 -0.0237 -0.0999 -0.0972 -0.0831
S-360	<2mgr>मामा भित्र जानुहोस् ।
T-360	मामा भीट्री नुङ्नीको ।
H-360	-0.12972736358642578	मामा भीट्री नुङ्नी ।
D-360	-0.12972736358642578	मामा भीट्री नुङ्नी ।
P-360	-0.2491 -0.0564 -0.1120 -0.1830 -0.0966 -0.0812
S-291	<2mgr>त्यस्ले मासु खायो ।
T-291	होच्य स्या ज्या ।
H-291	-0.4304898977279663	होच्य स्या ज्या ।
D-291	-0.4304898977279663	होच्य स्या ज्या ।
P-291	-1.9347 -0.0327 -0.0150 -0.0918 -0.0782
S-423	<2mgr>पासाङ खोक्यो ।
T-423	पासाङ चुवा ।
H-423	-0.4017300009727478	पासाङ खोरोआ ।
D-423	-0.4017300009727478	पासाङ खोरोआ ।
P-423	-0.0222 -0.0203 -1.5802 -0.6204 -0.0843 -0.0830
S-511	<2mgr>सुँगुर खोर
T-511	वाको खोर
H-511	-0.30897966027259827	आर्भा खोर
D-511	-0.30897966027259827	आर्भा खोर
P-511	-0.1050 -1.0783 -0.2487 -0.0215 -0.0914
S-70	<2mgr>माया गर्नु हुन्थ्यो होला ।
T-70	जाकोला ओला ।
H-70	-0.38069048523902893	माया जाट्के छान्ह्ला ओला ।
D-70	-0.38069048523902893	माया जाट्के छान्ह्ला ओला ।
P-70	-0.1239 -0.3108 -1.7343 -0.1893 -0.1315 -0.0964 -0.0786
S-71	<2mgr>मेडिकल छैन ।
T-71	मेडीकल माले ।
H-71	-0.9180126190185547	मीडीस्म माले ।
D-71	-0.9180126190185547	मीडीस्म माले ।
P-71	-4.2498 -0.6087 -0.2052 -0.2720 -0.0964 -0.0760
S-146	<2mgr>भाइ आज आउँछ ।
T-146	भया छीनीङ राहाले ।
H-146	-0.047955889254808426	भया छीनीङ राहाले ।
D-146	-0.047955889254808426	भया छीनीङ राहाले ।
P-146	-0.0084 -0.0080 -0.0448 -0.0681 -0.0783 -0.0801
S-187	<2mgr>म पो अगाडि भएछ ।
T-187	ङा पो अगाडी छान्हा ।
H-187	-0.045828502625226974	ङा पो अगाडी छान्ह्लेसा ।
D-187	-0.045828502625226974	ङा पो अगाडी छान्ह्लेसा ।
P-187	-0.0647 -0.0150 -0.0221 -0.0264 -0.0139 -0.1020 -0.0768
S-250	<2mgr>जाँड खानुहोस् ।
T-250	हान गौ ।
H-250	-0.09809286147356033	हान गानी ।
D-250	-0.09809286147356033	हान गानी ।
P-250	-0.0480 -0.0547 -0.2273 -0.0821 -0.0991 -0.0774
S-290	<2mgr>कति टाढा छ ?
T-290	कुडीक लोस ले ?
H-290	-0.08087625354528427	कुडीक लोसाङ ले ?
D-290	-0.08087625354528427	कुडीक लोसाङ ले ?
P-290	-0.1957 -0.0105 -0.0790 -0.0494 -0.0731 -0.0775
S-429	<2mgr>ऊ भए पनि हुन्छ ।
T-429	होसे लेनाङ ड छान्ह्ले ।
H-429	-0.07814747095108032	होसे लेनाङ ड छान्ह्ले ।
D-429	-0.07814747095108032	होसे लेनाङ ड छान्ह्ले ।
P-429	-0.1412 -0.0798 -0.0634 -0.0082 -0.0970 -0.0791
S-97	<2mgr>यहाँ आऊ ।
T-97	इलाङ राहान ।
H-97	-0.044753264635801315	इलाङ राहान ।
D-97	-0.044753264635801315	इलाङ राहान ।
P-97	-0.0204 -0.0158 -0.0238 -0.0842 -0.0796
S-222	<2mgr>लिएर आऊ ।
T-222	लाम राहान ।
H-222	-0.6677924394607544	लाम राहान ।
D-222	-0.6677924394607544	लाम राहान ।
P-222	-3.0472 -0.0061 -0.1184 -0.0875 -0.0798
S-245	<2mgr>कस्ले सुन्ने ?
T-245	सुय सेके ?
H-245	-0.04399599879980087	सुय सेके ?
D-245	-0.04399599879980087	सुय सेके ?
P-245	-0.0220 -0.0429 -0.0106 -0.0659 -0.0786
S-269	<2mgr>खेताला जानु
T-269	य्हामी नुहुँके
H-269	-0.3973788022994995	ह्यामी नुङ्के
D-269	-0.3973788022994995	ह्यामी नुङ्के
P-269	-0.1753 -0.0090 -1.4571 -0.6528 -0.0201 -0.0700
S-309	<2mgr>हजुर हुन्छ हुन्छ ।
T-309	ज्या छान्ह्ले छान्ह्ले ।
H-309	-0.05096786841750145	ज्यू छान्ने ।
D-309	-0.05096786841750145	ज्यू छान्ने ।
P-309	-0.0034 -0.0016 -0.0275 -0.0057 -0.0050 -0.2341 -0.0796
S-524	<2mgr>आगो फुक्नु
T-524	म्हे म्हुट्के
H-524	-0.26383665204048157	म्हे म्हुट्के
D-524	-0.26383665204048157	म्हे म्हुट्के
P-524	-0.0270 -0.1962 -0.6747 -0.3595 -0.0618
S-355	<2mgr>ऊ नेवार हो ।
T-355	होसे नेवार आले ।
H-355	-0.033274900168180466	होस नेवार आले ।
D-355	-0.033274900168180466	होस नेवार आले ।
P-355	-0.0023 -0.0016 -0.0183 -0.0084 -0.0910 -0.0780
S-488	<2mgr>ए हो है ! ?
T-488	ए आले है ! ?
H-488	-0.14792045950889587	ए आले है !
D-488	-0.14792045950889587	ए आले है !
P-488	-0.0046 -0.0170 -0.5497 -0.0256 -0.1427
S-22	<2mgr>मैले मानिन ।
T-22	ङै मामन्डीया ।
H-22	-0.03725271672010422	ङै मामन्डीया ।
D-22	-0.03725271672010422	ङै मामन्डीया ।
P-22	-0.0160 -0.0087 -0.0472 -0.0107 -0.0084 -0.0896 -0.0803
S-28	<2mgr>म सानै थिएँ ।
T-28	ङा मार्ह्चन ङालेयाङ ।
H-28	-0.1767975240945816	ङा मार्ह्चन ङालेयाङ ।
D-28	-0.1767975240945816	ङा मार्ह्चन ङालेयाङ ।
P-28	-0.0248 -0.0310 -0.0877 -0.0081 -0.9129 -0.0974 -0.0757
S-217	<2mgr>राख न राख ।
T-217	डौ न डौ ।
H-217	-0.7902343273162842	नाबीक माडाम डानी ।
D-217	-0.7902343273162842	नाबीक माडाम डानी ।
P-217	-3.0176 -0.1988 -1.6971 -0.2809 -0.8179 -0.1227 -0.1104 -0.0764
S-247	<2mgr>नयाँ पुस्तक किन ।
T-247	नयाँ पुस्तक ल्होनी ।
H-247	-0.05285825952887535	नयाँ पुस्तक हीके ।
D-247	-0.05285825952887535	नयाँ पुस्तक हीके ।
P-247	-0.0326 -0.0296 -0.0286 -0.0887 -0.0847
S-143	<2mgr>ढुसी लाग्यो
T-143	कोम्पोर राहा
H-143	-0.6173009276390076	ढुसी लैडीसा
D-143	-0.6173009276390076	ढुसी लैडीसा
P-143	-1.0836 -0.0275 -1.1990 -0.1591
S-64	<2mgr>गर्मी महीना
T-64	उम्च महीना
H-64	-0.7199311256408691	मामना महिना
D-64	-0.7199311256408691	मामना महिना
P-64	-1.0112 -0.3953 -1.9812 -0.7904 -0.0797 -0.0617
S-376	<2mgr>ऊ पेमा होइन ।
T-376	होस पेमा माहाले ।
H-376	-0.1050456240773201	होसे पेमा माहाले ।
D-376	-0.1050456240773201	होसे पेमा माहाले ।
P-376	-0.2648 -0.0559 -0.0337 -0.0922 -0.0786
S-214	<2mgr>त्यहाँ हेर ।
T-214	होलाङ ङोसो ।
H-214	-0.0442354679107666	होलाङ ङोसो ।
D-214	-0.0442354679107666	होलाङ ङोसो ।
P-214	-0.0068 -0.0223 -0.0110 -0.1023 -0.0789
S-523	<2mgr>मगर साथी
T-523	मगर लाफा
H-523	-0.11701233685016632	मगर लाफा
D-523	-0.11701233685016632	मगर लाफा
P-523	-0.0281 -0.0396 -0.2834
S-246	<2mgr>मिल्यो ?
T-246	खाटा माखाटा ?
H-246	-1.2516529560089111	ख्या ?
D-246	-1.2516529560089111	ख्या ?
P-246	-2.7205 -2.1444 -0.0642 -0.0775
S-522	<2mgr>भएको भए
T-522	ल्याहा आओला
H-522	-1.0543310642242432	डेनाङ लेनाङ
D-522	-1.0543310642242432	डेनाङ लेनाङ
P-522	-1.2630 -1.7294 -0.1705
S-506	<2mgr>सफा गर्नु
T-506	साप जाट्के
H-506	-0.22879564762115479	सफा जाट्के
D-506	-0.22879564762115479	सफा जाट्के
P-506	-0.5955 -0.1974 -0.0552 -0.0671
S-134	<2mgr>त्यसो भए
T-134	होटा छान्ह्म
H-134	-0.5226240754127502	होटे छान्ह्म
D-134	-0.5226240754127502	होटे छान्ह्म
P-134	-0.0385 -0.4396 -0.1166 -1.4957
S-492	<2mgr>पोङ पनि खाइसकेको रे ।
T-492	पोङ ड ज्याकेभ्याच टा ।
H-492	-0.25189316272735596	पोङ ड ज्यामभ्याच टा ।
D-492	-0.25189316272735596	पोङ ड ज्यामभ्याच टा ।
P-492	-0.0030 -0.0627 -0.0926 -0.6334 -0.9370 -0.0222 -0.1009 -0.5056 -0.0840 -0.0776
S-313	<2mgr>एक दिनको यो चोला ।
T-313	का याको इसे चोला ।
H-313	-0.5780602693557739	काट याको इसे बोला ।
D-313	-0.5780602693557739	काट याको इसे बोला ।
P-313	-0.0138 -1.8105 -0.4729 -0.0166 -1.7059 -0.4302 -0.0960 -0.0785
S-348	<2mgr>पाडीभैंसी कता छ ?
T-348	पाडीभैंसी कुलाक ले ?
H-348	-0.9249454140663147	पार्लाकभरी कुलाक ले ?
D-348	-0.9249454140663147	पार्लाकभरी कुलाक ले ?
P-348	-1.2831 -1.9772 -2.9554 -0.0813 -0.0152 -0.0802 -0.0822
S-361	<2mgr>चित्तमा लाग्ने छ ।
T-361	चीट्टाङ लैडीस्के ले ।
H-361	-0.19372837245464325	चीट्टाङ लैडीके ले ।
D-361	-0.19372837245464325	चीट्टाङ लैडीके ले ।
P-361	-0.2288 -0.2953 -0.2070 -0.2647 -0.3315 -0.0517 -0.0874 -0.0835
S-441	<2mgr>बाजेले जानेको छैन ।
T-441	बाजीय माव्हारले ।
H-441	-0.11553516983985901	बाजीय नुहुँके माले ।
D-441	-0.11553516983985901	बाजीय नुहुँके माले ।
P-441	-0.0304 -0.0665 -0.3298 -0.0990 -0.0902 -0.0773
S-471	<2mgr>मलाई कस्तो कस्तो लाग्यो ।
T-471	ङाके कुन्च कुन्च लैडीसा ।
H-471	-0.044081952422857285	ङाके कुङ्च कुङ्च लेडीसा ।
D-471	-0.044081952422857285	ङाके कुङ्च कुङ्च लेडीसा ।
P-471	-0.0165 -0.0058 -0.0285 -0.0096 -0.0149 -0.0629 -0.0870 -0.0940 -0.0776
S-474	<2mgr>काग रूखमा छ ।
T-474	कोवा वुटाङ ले ।
H-474	-0.1914631426334381	काग वुटाङ ले ।
D-474	-0.1914631426334381	काग वुटाङ ले ।
P-474	-0.6324 -0.0053 -0.5220 -0.0141 -0.1225 -0.0636 -0.0926 -0.0792
S-0	<2mgr>नयाँ बन्चरो किनेको।
T-0	मीनाम आरुवा लोच।
H-0	-0.6612191796302795	नयाँ बन्चरो की सेच।
D-0	-0.6612191796302795	नयाँ बन्चरो की सेच।
P-0	-0.0607 -0.0508 -0.6511 -0.2850 -0.2052 -2.1485 -1.8121 -0.0765
S-43	<2mgr>आज घाम लाग्छ ।
T-43	छीनीङ नाङ्खान लैडीस्ले ।
H-43	-0.048551689833402634	छीनीङ नाङ्खान लैडीस्ले ।
D-43	-0.048551689833402634	छीनीङ नाङ्खान लैडीस्ले ।
P-43	-0.0226 -0.0278 -0.0061 -0.0305 -0.0179 -0.0377 -0.1243 -0.0901 -0.0799
S-166	<2mgr>पानीले सास रोक्यो ।
T-166	डीय सास रोक्डीया ।
H-166	-0.3300882577896118	डीय सास रोक्डीसा ।
D-166	-0.3300882577896118	डीय सास रोक्डीसा ।
P-166	-0.4421 -0.1709 -0.0887 -0.2112 -0.6104 -0.9572 -0.0821 -0.0780
S-238	<2mgr>निमा घर जाँदै छ ।
T-238	निमा इमाङ नुङ्मन ले ।
H-238	-0.28603631258010864	निमा इमाङ नुङ्मन ले ।
D-238	-0.28603631258010864	निमा इमाङ नुङ्मन ले ।
P-238	-0.0099 -0.0062 -0.3176 -1.2890 -0.4814 -0.0142 -0.0911 -0.0789
S-265	<2mgr>हुन्न , म जान्न ।
T-265	माछान्ह्ले , ङा मानुहुँले ।
H-265	-0.38767001032829285	माछान्ह्ले , ङा मानुहुँले ।
D-265	-0.38767001032829285	माछान्ह्ले , ङा मानुहुँले ।
P-265	-3.0509 -0.0384 -0.1541 -0.0029 -0.0387 -0.0248 -0.0109 -0.0871 -0.0812
S-327	<2mgr>मनमा यस्तो कुरा पनि खेल्यो ।
T-327	मीमनाङ इन्च कुरा ड गेसा ।
H-327	-0.05937303602695465	मीमनाङ इन्च कुरा ड गेसा ।
D-327	-0.05937303602695465	मीमनाङ इन्च कुरा ड गेसा ।
P-327	-0.0709 -0.0088 -0.0802 -0.0513 -0.0525 -0.0920 -0.0077 -0.0921 -0.0790
S-344	<2mgr>तपाईंको नाम के हो ?
T-344	नाकुङ मेर्मीन ही आले ?
H-344	-0.04395198076963425	नाकुङ म्यारमीन ही आले ?
D-344	-0.04395198076963425	नाकुङ म्यारमीन ही आले ?
P-344	-0.0178 -0.0998 -0.0074 -0.0162 -0.0177 -0.0736 -0.0752
S-371	<2mgr>म त उसको घर जान्न ।
T-371	ङा च होस्यो इम नुङ्लाङ ।
H-371	-0.17807187139987946	ङा च होच्यो इम मानुहुँले ।
D-371	-0.17807187139987946	ङा च होच्यो इम मानुहुँले ।
P-371	-0.0110 -0.2572 -0.0031 -0.5132 -0.0067 -0.0140 -0.7857 -0.0238 -0.0862 -0.0797
S-391	<2mgr>नाइ त्यसो हुन दिन्न ।
T-391	माछान्हे होट छान्ह्के मायाहालाङ ।
H-391	-0.6914167404174805	बेइ होट छान्ह्के मायाहा ।
D-391	-0.6914167404174805	बेइ होट छान्ह्के मायाहा ।
P-391	-3.5432 -0.0472 -0.2258 -1.1252 -0.3904 -0.0277 -0.0951 -0.0768
S-266	<2mgr>हिड्ने ३ बजे ।
T-266	व्हाके ३ बजे ।
H-266	-0.5707162618637085	व्हाच ९ बजे ।
D-266	-0.5707162618637085	व्हाच ९ बजे ।
P-266	-1.0331 -0.1781 -0.2402 -2.4389 -0.4561 -0.0361 -0.1008 -0.0824
S-496	<2mgr>खान लाउनको दुःख थिएन ।
T-496	ज्याके बील्ह्चौ डुखा मालेया ।
H-496	-0.6678547263145447	ज्याके नुह्नो डुखा मालेया ।
D-496	-0.6678547263145447	ज्याके नुह्नो डुखा मालेया ।
P-496	-0.7092 -2.6209 -1.3150 -0.4746 -0.0062 -0.0410 -0.0968 -0.0790
S-500	<2mgr>पर को मान्छे आयो , हेर ।
T-500	होलाको भर्मी राहा , ङोसो ।
H-500	-0.1459367424249649	पर सु भर्मी राहा , ङोसो ।
D-500	-0.1459367424249649	पर सु भर्मी राहा , ङोसो ।
P-500	-0.4997 -0.3739 -0.0183 -0.0212 -0.0653 -0.0105 -0.1324 -0.1075 -0.0846
S-502	<2mgr>तिन पाथी रक्सी चाहिन्छ ।
T-502	सोम पाथी रक्सी चैडीस्ले ।
H-502	-0.07794219255447388	सोम पाथी रक्सी चैडीस्ले ।
D-502	-0.07794219255447388	सोम पाथी रक्सी चैडीस्ले ।
P-502	-0.0246 -0.0062 -0.4167 -0.0180 -0.0061 -0.0100 -0.0480 -0.0923 -0.0797
S-525	<2mgr>मिना चाँहि नलजाउने ।
T-525	मिना च माकराके ।
H-525	-0.2397494912147522	मिना च माकराके ।
D-525	-0.2397494912147522	मिना च माकराके ।
P-525	-0.0323 -0.0094 -0.0419 -0.0111 -1.8256 -0.0497 -0.0291 -0.0795 -0.0793
S-161	<2mgr>मैले केहि भन्दा पनि मानिन ।
T-161	ङै हीड डेनाङ ड मामन्डीया ।
H-161	-0.03201247751712799	ङै हीड डेनाङ ड मामन्डीया ।
D-161	-0.03201247751712799	ङै हीड डेनाङ ड मामन्डीया ।
P-161	-0.0167 -0.0118 -0.0439 -0.0361 -0.0132 -0.0040 -0.0117 -0.0135 -0.0896 -0.0794
S-230	<2mgr>केराहरू डालोमा राख ।
T-230	मोचाको झोलाङ डानी ।
H-230	-0.67528235912323	होसको डालोआङ डा ।
D-230	-0.67528235912323	होसको डालोआङ डा ।
P-230	-1.3167 -0.4447 -0.5449 -0.0990 -1.1635 -1.0776 -0.0805
S-255	<2mgr>छोरीको याद आयो ।
T-255	माझामीजौ ह्याका राहा ।
H-255	-0.28990286588668823	माझामीजौ दिद राहा ।
D-255	-0.28990286588668823	माझामीजौ दिद राहा ।
P-255	-0.2579 -0.3355 -0.0349 -0.0163 -0.4383 -1.3170 -0.0306 -0.1013 -0.0772
S-280	<2mgr>मकै चपाउनु सक्दिन ।
T-280	मकै टयाकी माय्होकले ।
H-280	-0.5942330956459045	गौप केस्के माय्होक्ले ।
D-280	-0.5942330956459045	गौप केस्के माय्होक्ले ।
P-280	-0.2694 -0.0036 -2.4832 -1.5799 -0.2768 -0.1563 -0.4098 -0.0902 -0.0788
S-324	<2mgr>'छ' मैले यति मात्र भने ।
T-324	'ले' ङै इडीक मात्रै डेया ।
H-324	-0.4618608355522156	'नाहाले ङै इटार मात्रै डेया । '
D-324	-0.4618608355522156	'नाहाले ङै इटार मात्रै डेया । '
P-324	-0.0446 -1.3504 -2.5446 -0.0062 -0.0095 -0.3327 -0.0311 -0.0119 -0.0824 -0.5477 -0.1194
S-329	<2mgr>पछाडि के पछाडि ।
T-329	न्हुनलाक कै न्हुनलाक ।
H-329	-0.12921254336833954	न्हुनलाक ही न्हुलाक ।
D-329	-0.12921254336833954	न्हुनलाक ही न्हुलाक ।
P-329	-0.0538 -0.4308 -0.1267 -0.0073 -0.0142 -0.2205 -0.0955 -0.0848
S-342	<2mgr>ओछ्यान ओसिलो हुन्थ्यो ।
T-342	ओछ्यान ओसीलो छान्होला ।
H-342	-0.05243917927145958	ओछ्यान ओसिलो छान्ला ।
D-342	-0.05243917927145958	ओछ्यान ओसिलो छान्ला ।
P-342	-0.0077 -0.0872 -0.0066 -0.0177 -0.0258 -0.1545 -0.0038 -0.0932 -0.0755
S-346	<2mgr>गुम्बामा हल्ला भयो ।
T-346	गुम्बाङ हल्ल छान्हा ।
H-346	-0.18935202062129974	गुम्बाङ होयोका ।
D-346	-0.18935202062129974	गुम्बाङ होयोका ।
P-346	-0.0468 -0.0203 -0.4376 -0.0469 -0.0866 -0.2185 -0.6826 -0.0863 -0.0786
S-83	<2mgr>किन त्यसो भन्यो मैले कुरा बुझिन ।
T-83	हिके होट डेया ङै कुरा माव्हारा ।
H-83	-0.26936855912208557	हिके होट डेच ङै कुरा माव्हारा ।
D-83	-0.26936855912208557	हिके होट डेच ङै कुरा माव्हारा ।
P-83	-0.5338 -0.0320 -0.0331 -1.6134 -0.0434 -0.0687 -0.0010 -0.0379 -0.4289 -0.0916 -0.0793
S-184	<2mgr>धेरै दिनपछि होस खुल्यो ।
T-184	ढेर याकन्हुनीङ होस खुल्डीसा ।
H-184	-0.37153834104537964	ढेर याक न्हुनीङ त्यो खुसा ।
D-184	-0.37153834104537964	ढेर याक न्हुनीङ त्यो खुसा ।
P-184	-0.0636 -0.0130 -0.4170 -1.5696 -0.6823 -0.0609 -0.0884 -0.0774
S-308	<2mgr>तिम्रो गोठमा के के छ ?
T-308	नाकुङ बरसालाङ ही ही ले ?
H-308	-0.03509637713432312	नो बरसालाङ ही ही ले ?
D-308	-0.03509637713432312	नो बरसालाङ ही ही ले ?
P-308	-0.0022 -0.0044 -0.0089 -0.0039 -0.0087 -0.0154 -0.1345 -0.0211 -0.0721 -0.0797
S-219	<2mgr>माइज्यु घरमै हुनुहुन्छ ।
T-219	गुमा इमाङ न लेको ।
H-219	-0.3776707649230957	माइला इमाङन लेको ।
D-219	-0.3776707649230957	माइला इमाङन लेको ।
P-219	-0.1580 -1.6380 -0.0069 -1.0171 -0.0299 -0.0047 -0.0875 -0.0794
S-252	<2mgr>तिनवटा कुखुरा थियो ।
T-252	सोम ग्वा लेया ।
H-252	-0.04304445534944534	सोम वटा ग्वा लेया ।
D-252	-0.04304445534944534	सोम वटा ग्वा लेया ।
P-252	-0.0314 -0.0135 -0.0442 -0.0144 -0.0291 -0.0914 -0.0774
S-5	<2mgr>पेमा भोलि आउँछ ।
T-5	पेमा पीहीन राहाले ।
H-5	-0.05925612151622772	पेमा पीहीन राहाले राहाले ।
D-5	-0.05925612151622772	पेमा पीहीन राहाले राहाले ।
P-5	-0.0104 -0.1153 -0.0205 -0.0231 -0.0846 -0.0529 -0.0852 -0.0820
S-125	<2mgr>तपाईं कहाँ जानुहुने ?
T-125	नाको कुलाक नुहुँके आले ?
H-125	-0.17660221457481384	नाको कुलाक नुङ्के ?
D-125	-0.17660221457481384	नाको कुलाक नुङ्के ?
P-125	-0.0342 -0.8484 -0.0169 -0.0166 -0.0632 -0.0802
S-407	<2mgr>मैले मनमा मात्र सोचेँ ।
T-407	ङै मीमनाङ मात्रै आर्मीटा ।
H-407	-0.04646140709519386	ङै मीमनाङ मात्रै आर्मीटा ।
D-407	-0.04646140709519386	ङै मीमनाङ मात्रै आर्मीटा ।
P-407	-0.0133 -0.0890 -0.0024 -0.0140 -0.0461 -0.0839 -0.0767
S-456	<2mgr>तिमी जनक हौ ?
T-456	नाङ जनक आले ?
H-456	-0.27965858578681946	नाङ जनकौ ?
D-456	-0.27965858578681946	नाङ जनकौ ?
P-456	-0.2663 -0.0916 -0.0303 -0.0625 -0.7536 -0.6785 -0.0747
S-477	<2mgr>पेमालाई पानी देऊ ।
T-477	पेमाके डी यानी ।
H-477	-0.25762951374053955	पेमाके डी याहानी ।
D-477	-0.25762951374053955	पेमाके डी याहानी ।
P-477	-0.0373 -0.0556 -0.0044 -1.5072 -0.0219 -0.0961 -0.0809
S-515	<2mgr>एक दिन त्यो मान्छे आइपुग्यो ।
T-515	का याक होसे भर्मी टाराहा ।
H-515	-0.07895965874195099	का याक होस भर्मी टाराहा ।
D-515	-0.07895965874195099	का याक होस भर्मी टाराहा ।
P-515	-0.0060 -0.0122 -0.2681 -0.0426 -0.0486 -0.0954 -0.0798
S-8	<2mgr>ठुलीआमा भित्र हुनुहुन्छ ।
T-8	झ्यामोइ भीट्री लेको ।
H-8	-0.07073073089122772	झ्यामोइ भीट्री लेको ।
D-8	-0.07073073089122772	झ्यामोइ भीट्री लेको ।
P-8	-0.1012 -0.0096 -0.0207 -0.0289 -0.2257 -0.0075 -0.0923 -0.0798
S-60	<2mgr>रूख अग्लो छ ।
T-60	वुटा घङ्च ले ।
H-60	-0.4404861629009247	वुलो करङ्च ले ।
D-60	-0.4404861629009247	वुलो करङ्च ले ।
P-60	-0.0049 -0.0202 -1.7035 -1.1487 -0.0357 -0.0919 -0.0786
S-111	<2mgr>नमस्ते है साथी हो ।
T-111	मेझोर है लाफाको ।
H-111	-0.047516532242298126	झोर्ले है लाफा आले ।
D-111	-0.047516532242298126	झोर्ले है लाफा आले ।
P-111	-0.0098 -0.0079 -0.0787 -0.0688 -0.0325 -0.0122 -0.0894 -0.0809
S-122	<2mgr>घर जान लगाउँछु ।
T-122	इमाङ नुङ्के लैडीलाङ् ।
H-122	-0.3857598304748535	इम नुङ्के लैडीलाङ ।
D-122	-0.3857598304748535	इम नुङ्के लैडीलाङ ।
P-122	-0.5784 -0.1668 -0.0113 -1.4650 -0.3100 -0.0908 -0.0780
S-129	<2mgr>अमेरिका लाने भयो ।
T-129	अमेरिका नुहुँके छान्हा ।
H-129	-0.23460710048675537	अमेरिका नुहुँन्के छान्हा ।
D-129	-0.23460710048675537	अमेरिका नुहुँन्के छान्हा ।
P-129	-0.0143 -0.0162 -0.1373 -0.6644 -0.2011 -1.1080 -0.0091 -0.0286 -0.0904 -0.0769
S-162	<2mgr>भात अलिकति देऊ ।
T-162	छो इतार याहानी ।
H-162	-0.11781320720911026	छो इटार याहानी ।
D-162	-0.11781320720911026	छो इटार याहानी ।
P-162	-0.0301 -0.0853 -0.0572 -0.4567 -0.0116 -0.1051 -0.0786
S-188	<2mgr>उनीहरूको बीचमा बस ।
T-188	होसकुङ बीचाङ ङुनी ।
H-188	-0.1734502911567688	होसको बीचाङ ङुन ।
D-188	-0.1734502911567688	होसको बीचाङ ङुन ।
P-188	-0.2877 -0.0487 -0.0244 -0.0219 -0.6584 -0.0928 -0.0802
S-32	<2mgr>कति बेर लाग्छ ?
T-32	कुडीक कामुन लैडीह्ले ?
H-32	-0.17960166931152344	कुडीक बेर लैडीस्ले ?
D-32	-0.17960166931152344	कुडीक बेर लैडीस्ले ?
P-32	-0.7046 -0.0502 -0.0892 -0.1043 -0.1193 -0.1090 -0.0805
S-519	<2mgr>यो कुकुरलाई हिकाऊ ।
T-519	इसे चीऊके ङापो ।
H-519	-0.14492806792259216	इसे चीऊके व्हानी ।
D-519	-0.14492806792259216	इसे चीऊके व्हानी ।
P-519	-0.0076 -0.0517 -0.0296 -0.5721 -0.1823 -0.0946 -0.0766
S-51	<2mgr>मैले केही पनि भनिन ।
T-51	ङै हीड ड माडेया ।
H-51	-0.04654032737016678	ङै हीड ड माडेया ।
D-51	-0.04654032737016678	ङै हीड ड माडेया ।
P-51	-0.0112 -0.0383 -0.0386 -0.0901 -0.0158 -0.0130 -0.0859 -0.0795
S-103	<2mgr>बहिनीको आँसु पुछ ।
T-103	नानीओ मीमीडी सीटो ।
H-103	-0.34074562788009644	नानीओ मीमीकडी सीले ।
D-103	-0.34074562788009644	नानीओ मीमीकडी सीले ।
P-103	-0.0218 -0.0207 -0.1887 -0.0918 -1.8939 -0.0896 -0.0788
S-185	<2mgr>आलुम छोटो हुन्छ ।
T-185	आलुम टुन्च छान्ह्ले ।
H-185	-0.38244375586509705	लुका टुन्ह्च छान्ह्ले ।
D-185	-0.38244375586509705	लुका टुन्ह्च छान्ह्ले ।
P-185	-1.2019 -1.2039 -0.0722 -0.3838 -0.0189 -0.0069 -0.0957 -0.0761
S-380	<2mgr>माइला घर जाओस् ।
T-380	माइला इमाङ नुङोस् ।
H-380	-0.03953174874186516	माइला इमाङ नुङोस् ।
D-380	-0.03953174874186516	माइला इमाङ नुङोस् ।
P-380	-0.0100 -0.0369 -0.0129 -0.0070 -0.0528 -0.0293 -0.0907 -0.0768
S-394	<2mgr>यो भाइ त यहाँ पो रहेछ ।
T-394	इसे भया च इलाङ पो लेसा ।
H-394	-0.07610760629177094	इसे भया च इलाङ पो लेसा ।
D-394	-0.07610760629177094	इसे भया च इलाङ पो लेसा ।
P-394	-0.0258 -0.1755 -0.1655 -0.0100 -0.0505 -0.0162 -0.0862 -0.0792
S-399	<2mgr>यो त थोरै भयो ।
T-399	इसे च अइजा छान्हा ।
H-399	-0.11986728757619858	इसे च थोरै छान्हा ।
D-399	-0.11986728757619858	इसे च थोरै छान्हा ।
P-399	-0.0156 -0.1084 -0.6127 -0.0137 -0.0221 -0.0232 -0.0864 -0.0769
S-495	<2mgr>आफ्नो कुरा मनमा राख ।
T-495	मेनो कुरा मीमनाङ डानी ।
H-495	-0.14131686091423035	मेनो कुरा मीमनाङ डौ ।
D-495	-0.14131686091423035	मेनो कुरा मीमनाङ डौ ।
P-495	-0.0376 -0.1151 -0.0032 -0.0039 -0.5093 -0.2874 -0.0951 -0.0790
S-526	<2mgr>ओहो , तिमी पो रहेछ !
T-526	ओहो , नाङ पो लेसा ?
H-526	-0.04758991673588753	ओहो , नाङ पो लेसा !
D-526	-0.04758991673588753	ओहो , नाङ पो लेसा !
P-526	-0.0047 -0.1416 -0.0441 -0.0447 -0.0135 -0.0234 -0.0340 -0.0747
S-33	<2mgr>गाउँ जस्तै लाग्दैनथ्यो ।
T-33	लाङ्घा लख मालैडीसोला ।
H-33	-0.15948912501335144	लाङ्घा लख मालैडीसोला ।
D-33	-0.15948912501335144	लाङ्घा लख मालैडीसोला ।
P-33	-0.4860 -0.6189 -0.0143 -0.0180 -0.0669 -0.0570 -0.0070 -0.0889 -0.0784
S-88	<2mgr>दोर्जे लड्यो ।
T-88	दोर्जे ख्होरोआ ।
H-88	-0.20694519579410553	दोर्जे खोरोआ ।
D-88	-0.20694519579410553	दोर्जे खोरोआ ।
P-88	-0.0098 -0.0064 -0.0093 -0.1160 -1.2123 -0.1341 -0.0874 -0.0804
S-283	<2mgr>लामो गरेर सास तान ।
T-283	लोट्च जाट्म सास टन्डीओ ।
H-283	-0.21629872918128967	लोट्च जाट्म सास टन्डीया ।
D-283	-0.21629872918128967	लोट्च जाट्म सास टन्डीया ।
P-283	-0.0867 -0.0132 -0.8819 -0.0505 -0.4412 -0.0692 -0.2368 -0.0882 -0.0789
S-388	<2mgr>धान पनि उत्ति नै ।
T-388	छोसान ड होडीक न ।
H-388	-0.3463153839111328	छोसान ड होसेट्टी न ।
D-388	-0.3463153839111328	छोसान ड होसेट्टी न ।
P-388	-0.1080 -0.0214 -0.0955 -0.0466 -0.1339 -2.3963 -0.1511 -0.0843 -0.0797
S-395	<2mgr>आमाले भनेको कुरा मान ।
T-395	मोइय डेच कुरा मन्डीनी ।
H-395	-0.6196216940879822	बोे डेच कुरा मन्डिनी ।
D-395	-0.6196216940879822	बोे डेच कुरा मन्डिनी ।
P-395	-0.0157 -5.8639 -0.0170 -0.0503 -0.0384 -0.0023 -0.0335 -0.0042 -0.0896 -0.0814
S-293	<2mgr>ऊ पर्सी आइपुग्छ ।
T-293	होसे आपीरीन टाराहाले ।
H-293	-0.35584208369255066	होसे आपीरी टाराहाले ।
D-293	-0.35584208369255066	होसे आपीरी टाराहाले ।
P-293	-0.0193 -0.1378 -1.4240 -0.7347 -0.6957 -0.0185 -0.0093 -0.0852 -0.0781
S-398	<2mgr>पछि-पछि दुगुर्नु
T-398	न्हुन-न्हुन खेर्के
H-398	-1.0949653387069702	न्हुनीङ डुखा साट्के
D-398	-1.0949653387069702	न्हुनीङ डुखा साट्के
P-398	-0.0596 -3.7377 -0.5848 -2.0625 -0.0516 -0.0736
S-307	<2mgr>सबै छोडेर भाग्नु पर्यो ।
T-307	जम्मै डासार जोहोके पर्सा ।
H-307	-0.28994908928871155	जम्मै डासार भाग्डीस्के परीसा ।
D-307	-0.28994908928871155	जम्मै डासार भाग्डीस्के परीसा ।
P-307	-0.0193 -0.0155 -0.0233 -0.5384 -0.6425 -0.4875 -0.1288 -0.8748 -0.0893 -0.0802
S-41	<2mgr>यिनीहरू मेरा भाइ हुन् ।
T-41	इसको ङौ भया आले ।
H-41	-0.058486610651016235	होसको ङौ भया आले ।
D-41	-0.058486610651016235	होसको ङौ भया आले ।
P-41	-0.0515 -0.0530 -0.0348 -0.0431 -0.0885 -0.0801
S-72	<2mgr>बहिनीले भारि उठाइ ।
T-72	नानीय भारी सोटा ।
H-72	-0.8077951669692993	नानीय भारी सोट्केङुआ ।
D-72	-0.8077951669692993	नानीय भारी सोट्केङुआ ।
P-72	-0.0046 -0.0688 -1.9922 -0.1782 -0.1261 -1.6895 -3.0004 -0.8485 -0.0927 -0.0770
S-105	<2mgr>बाजे बराजुलाई सम्झ्यो ।
T-105	बाजी बराजुके आर्मीटा ।
H-105	-0.08920873701572418	बाजी बराजुके आर्मीटा ।
D-105	-0.08920873701572418	बाजी बराजुके आर्मीटा ।
P-105	-0.0086 -0.3981 -0.0116 -0.0669 -0.0413 -0.0165 -0.0883 -0.0822
S-116	<2mgr>म रातभरि सुत्न सकिन ।
T-116	ङा नाबीकभरी मीस्के माय्होका ।
H-116	-0.19661961495876312	ङा नाबीकभरी मीस्के माय्होका ।
D-116	-0.19661961495876312	ङा नाबीकभरी मीस्के माय्होका ।
P-116	-0.0737 -0.4922 -0.7161 -0.0544 -0.0091 -0.0661 -0.0834 -0.0778
S-339	<2mgr>छोरी क्याम्पस गइ ।
T-339	माझामीजा क्याम्पस नुहुँआ ।
H-339	-0.14000384509563446	माझा क्याम्पस नुहुँआ ।
D-339	-0.14000384509563446	माझा क्याम्पस नुहुँआ ।
P-339	-0.4150 -0.1775 -0.0287 -0.0070 -0.0767 -0.2119 -0.1242 -0.0788
S-351	<2mgr>बच्चाले दुध चुस्यो ।
T-351	मीजै दुध गा ।
H-351	-0.03085905686020851	जजाकै दुध गा ।
D-351	-0.03085905686020851	जजाकै दुध गा ।
P-351	-0.0106 -0.0054 -0.0325 -0.0172 -0.0118 -0.0098 -0.0814 -0.0782
S-451	<2mgr>दुई दिनसम्म घरमा फर्केन ।
T-451	न्हीस याकसम्म इमाङ माराहा ।
H-451	-0.058625247329473495	न्हीस याकसम्म इमाङ ल्हेस्के ।
D-451	-0.058625247329473495	न्हीस याकसम्म इमाङ ल्हेस्के ।
P-451	-0.0116 -0.0164 -0.0369 -0.0290 -0.0328 -0.1837 -0.0778 -0.0808
S-11	<2mgr>रक्सीको बान तात्दै गयो ।
T-11	रक्सीओ बान गामन नुहुँआ ।
H-11	-0.21042761206626892	रक्सीयो बाहान जोस्मन नुहुँआ
D-11	-0.21042761206626892	रक्सीयो बाहान जोस्मन नुहुँआ
P-11	-0.0115 -0.1253 -0.1347 -0.0383 -0.0257 -0.0114 -0.0063 -1.3301
S-17	<2mgr>अझैं दुखिराखेको छ ।
T-17	अझै बीकमन ले ।
H-17	-0.7415542006492615	अझै न्हीस वाङ्म ले ।
D-17	-0.7415542006492615	अझै न्हीस वाङ्म ले ।
P-17	-0.8629 -0.0780 -0.3993 -2.8945 -0.5205 -1.7586 -0.0564 -0.6701 -0.0970 -0.0783
S-54	<2mgr>पेमा मासुभात खाएर गयो ।
T-54	पेमा स्याछो ज्यार नुहुँआ ।
H-54	-0.43686309456825256	पेमा स्याभात ज्यार नुहुँआ ।
D-54	-0.43686309456825256	पेमा स्याभात ज्यार नुहुँआ ।
P-54	-0.0113 -0.0037 -0.3756 -1.7739 -0.8920 -0.5347 -0.0135 -0.2467 -0.0805
S-58	<2mgr>हामी मगर ( हौं ) ।
T-58	कान मगर ( आले ) ।
H-58	-0.16698724031448364	कानको मगर आले ) ।
D-58	-0.16698724031448364	कानको मगर आले ) ।
P-58	-0.1386 -0.0131 -0.0316 -0.6885 -0.0146 -0.2809 -0.0890 -0.0796
S-133	<2mgr>सँगसँगै हुर्केको दाज्युभाइ ।
T-133	कठाकठा होर्च दाजीभइ ।
H-133	-0.20307417213916779	कठाकठा होर्के दाजीभया ।
D-133	-0.20307417213916779	कठाकठा होर्के दाजीभया ।
P-133	-0.0075 -0.6704 -0.4311 -0.3396 -0.3595 -0.0143 -0.0127 -0.0218 -0.0927 -0.0811
S-197	<2mgr>हाम्रो दोहोरी हरायो ।
T-197	कानुङ दोहोरी म्हाटा ।
H-197	-0.38013777136802673	कानुङ डोहोरी म्हाटा ।
D-197	-0.38013777136802673	कानुङ डोहोरी म्हाटा ।
P-197	-0.0260 -1.1290 -1.0901 -0.1258 -0.4871 -0.0060 -0.0986 -0.0784
S-286	<2mgr>अहिले चाँहि पानी सास नलिमा गयो ।
T-286	इनाङ च डी सास नलिआङ नुहुँआ ।
H-286	-0.5082362294197083	इनाङ च डी सास माल्हेसाङ नुहुँआ ।
D-286	-0.5082362294197083	इनाङ च डी सास माल्हेसाङ नुहुँआ ।
P-286	-0.0038 -0.0471 -0.0557 -0.1015 -0.3855 -3.2202 -1.0505 -0.0396 -0.0982 -0.0804
S-221	<2mgr>अहिले भुताहातिर बस्छन् ।
T-221	इनाङ भुताहालाह ङुले ।
H-221	-0.15428459644317627	इनाङ भुटाहालाक ङुले ।
D-221	-0.15428459644317627	इनाङ भुटाहालाक ङुले ।
P-221	-0.0313 -0.1635 -0.3691 -0.3202 -0.0294 -0.2852 -0.0274 -0.0845 -0.0780
S-148	<2mgr>उसको आँखाबाट आँसु झर्यो ।
T-148	होच्यो मीमीकीङ मीमीडी झाला ।
H-148	-0.1463194489479065	होसकुङ मीमीकीङ मीमीकडी झाला ।
D-148	-0.1463194489479065	होसकुङ मीमीकीङ मीमीकडी झाला ।
P-148	-0.2817 -0.1896 -0.6658 -0.0823 -0.0131 -0.0098 -0.0190 -0.0182 -0.1023 -0.0814
S-124	<2mgr>नुनले घाउ टट्यायो ।
T-124	छाय म्हा चर्चरडीया ।
H-124	-0.8051801919937134	ने घाउट ट्याका ।
D-124	-0.8051801919937134	ने घाउट ट्याका ।
P-124	-4.2988 -0.5299 -0.5310 -0.2105 -0.2474 -1.4600 -0.0785 -0.5119 -0.1032 -0.0807
S-433	<2mgr>मैले भन्न भने सकिरहेको थिएन ।
T-433	ङै डैक डेनाङ माय्होम लेया ।
H-433	-0.5187098383903503	ङै डेके य्होक्मन लेया ।
D-433	-0.5187098383903503	ङै डेके य्होक्मन लेया ।
P-433	-0.0128 -0.8335 -2.4674 -0.2616 -0.1007 -0.3007 -0.0958 -0.0771
S-392	<2mgr>कमाएर खाने खेत बारी थिएन ।
T-392	कमडीम ज्याके गार्हा बारी मालेया ।
H-392	-0.7473912835121155	काम गाके गाच बारी मालेया ।
D-392	-0.7473912835121155	काम गाके गाच बारी मालेया ।
P-392	-1.9021 -1.2889 -0.9940 -0.0230 -2.1555 -0.1676 -0.0254 -0.0902 -0.0799
S-362	<2mgr>सागपात राम्रोसँग केलाऊ ।
T-362	गानको सेचकठा हुर्नी ।
H-362	-0.46116799116134644	गनपट सेमकठा ङोसो ।
D-362	-0.46116799116134644	गनपट सेमकठा ङोसो ।
P-362	-0.0590 -0.0986 -0.6193 -3.2539 -0.5990 -0.1225 -0.0398 -0.0928 -0.0150 -0.0893 -0.0836
S-273	<2mgr>बज्यै आउँछिन कि जस्तो लाग्यो ।
T-273	बज्या राहाले की लख लैडीसा ।
H-273	-0.5012277960777283	बज्या राहान की लख लैडीसा ।
D-273	-0.5012277960777283	बज्या राहान की लख लैडीसा ।
P-273	-0.0891 -0.1174 -0.0191 -1.7089 -2.3378 -0.0216 -0.0503 -0.0868 -0.0801
S-244	<2mgr>एउटा कालो कुखुरा चाहिन्छ ।
T-244	काट कालो ग्वा चैडीस्ले ।
H-244	-0.05208396166563034	काट कालो ग्वा चैडीस्ले ।
D-244	-0.05208396166563034	काट कालो ग्वा चैडीस्ले ।
P-244	-0.0163 -0.1840 -0.0087 -0.0624 -0.0182 -0.0084 -0.0056 -0.0844 -0.0809
S-195	<2mgr>एक क्षणमा भाइ आइपुग्छ ।
T-195	कलापाङ भया टाराहाले ।
H-195	-0.1363411843776703	कपाङ भया टाराहाले ।
D-195	-0.1363411843776703	कपाङ भया टाराहाले ।
P-195	-0.0183 -0.0064 -0.0448 -0.4038 -0.5518 -0.0088 -0.0166 -0.0962 -0.0804
S-518	<2mgr>बिरालोले दुध खाएछ ।
T-518	सूठूय दुध गालेसा ।
H-518	-0.3909071087837219	बीलोय दुध गालेसा ।
D-518	-0.3909071087837219	बीलोय दुध गालेसा ।
P-518	-0.0213 -2.6673 -0.0524 -0.0938 -0.0180 -0.4882 -0.0033 -0.0948 -0.0791
S-63	<2mgr>सकेसम्म यसपालि आउनु है ।
T-63	हयोक्ठार छेल्हेस रान्ही है ।
H-63	-0.23467129468917847	य्होक्नाङसम्म छेल्हेस राहाके है ।
D-63	-0.23467129468917847	य्होक्नाङसम्म छेल्हेस राहाके है ।
P-63	-0.3440 -0.0484 -0.0371 -0.0436 -0.0520 -0.0351 -0.1028 -0.8541 -1.0093 -0.1245 -0.0843 -0.0808
S-268	<2mgr>तिन पाथी कोदो चाहिन्छ ।
T-268	सोम पाठी राङ्क्वा चैडीस्ले ।
H-268	-0.09173186868429184	सोम पाठी राङ्क्वा चैडीस्ले ।
D-268	-0.09173186868429184	सोम पाठी राङ्क्वा चैडीस्ले ।
P-268	-0.0148 -0.0037 -0.0202 -0.0159 -0.0348 -0.0019 -0.0063 -0.4841 -0.0079 -0.0030 -0.4296 -0.0917 -0.0786
S-165	<2mgr>दिदीभेना लेख्दै छन् ।
T-165	डैभेना रीक्ङन लेको ।
H-165	-0.3042004704475403	डैनाङ रीक्मन ले ।
D-165	-0.3042004704475403	डैनाङ रीक्मन ले ।
P-165	-0.0072 -1.0278 -0.8164 -0.3381 -0.0355 -0.0215 -0.1066 -0.0804
S-145	<2mgr>छुटिन मान्दैन थिए उनी ।
T-145	छुट्डीस्के मामन्डीके लेया होसे ।
H-145	-0.3936164379119873	छुट्डीस्के मालैडीस्ले होसे ।
D-145	-0.3936164379119873	छुट्डीस्के मालैडीस्ले होसे ।
P-145	-0.0911 -0.0211 -0.1653 -2.1307 -0.0010 -1.1317 -0.3126 -0.2763 -0.0274 -0.0910 -0.0816
S-101	<2mgr>लोउ , फेरी भेटुम है ।
T-101	लोउ , अच्छा ढुपिङ है ।
H-101	-0.8035488724708557	लाम , फेरि डुप्च है ।
D-101	-0.8035488724708557	लाम , फेरि डुप्च है ।
P-101	-3.9754 -0.0553 -0.1909 -0.9644 -1.0435 -0.0401 -0.0782 -0.0806
S-86	<2mgr>बरको रुखमा नचढ ।
T-86	बरो वुटाङ माकाल्हन ।
H-86	-0.8222489356994629	बरो वुटाङ मासीनी ।
D-86	-0.8222489356994629	बरो वुटाङ मासीनी ।
P-86	-0.0974 -1.6252 -1.9268 -0.6547 -0.1085 -0.0772 -3.2563 -0.3135 -0.0838 -0.0791
S-19	<2mgr>यो भन्दा छ वर्ष पहिलेको कुरा हो ।
T-19	इसे डेनाङ टू ल्हेस पहीलौ कुरा आले ।
H-19	-0.30233415961265564	इसे डेनाङ ले ल्हेसो पहीला कुरा आले ।
D-19	-0.30233415961265564	इसे डेनाङ ले ल्हेसो पहीला कुरा आले ।
P-19	-0.0141 -0.0033 -0.7256 -0.8206 -0.5376 -0.7140 -0.0261 -0.0099 -0.0917 -0.0804
S-316	<2mgr>भएनि बाँच्ने मन भयो ।
T-316	डेनाङर जीवाके मीमन लेया ।
H-316	-0.38985735177993774	डेनाङड जीवाके मीमन छान्हा ।
D-316	-0.38985735177993774	डेनाङड जीवाके मीमन छान्हा ।
P-316	-0.1873 -2.5470 -0.1204 -0.0153 -0.4227 -0.0278 -0.0230 -0.0863 -0.0790
S-203	<2mgr>म मर्ने नै भैगो ।
T-203	ङा सीके न छान्हा ।
H-203	-0.5943401455879211	ङा सीके न भैसा ।
D-203	-0.5943401455879211	ङा सीके न भैसा ।
P-203	-1.3157 -0.6601 -0.0226 -0.0275 -1.1213 -0.6120 -1.4177 -0.0927 -0.0794
S-89	<2mgr>फुपु रक्सी खानुहोस् न ।
T-89	गुमा रक्सी गानीको न ।
H-89	-0.542995810508728	फेरी रक्सी गानी न ।
D-89	-0.542995810508728	फेरी रक्सी गानी न ।
P-89	-3.4751 -0.0175 -0.0169 -0.0782 -0.0342 -0.0963 -0.0828
S-274	<2mgr>थोरै मान्छे मात्र खुसी थिएनन् ।
T-274	ठोरै भर्मी मात्रै खुसी मालेया ।
H-274	-0.0788043811917305	ठोरै भर्मी मात्रै खुसी मालेया ।
D-274	-0.0788043811917305	ठोरै भर्मी मात्रै खुसी मालेया ।
P-274	-0.2476 -0.0448 -0.0296 -0.0185 -0.0961 -0.0216 -0.0915 -0.0808
S-333	<2mgr>मैले मेरो साथी छोड्नु पर्यो ।
T-333	ङै ङौ लाफा डास्के परीसा ।
H-333	-0.14726802706718445	ङै ङौ लाफा डास्के परीसा ।
D-333	-0.14726802706718445	ङै ङौ लाफा डास्के परीसा ।
P-333	-0.0378 -0.0190 -0.2858 -0.2274 -0.0076 -0.4253 -0.0938 -0.0816
S-460	<2mgr>अरु लेखकको कुरा किन गर्नु ?
T-460	अरु लेखको कुरा हीके जाट्के ?
H-460	-0.06819487363100052	अरु लेखकओ कुरा हीके जाट्के ?
D-460	-0.06819487363100052	अरु लेखकओ कुरा हीके जाट्के ?
P-460	-0.0193 -0.1347 -0.0771 -0.0327 -0.0989 -0.0628 -0.0672 -0.0407 -0.0804
S-481	<2mgr>उसको आँखाभरि आँसु भयो ।
T-481	होच्यो मीमीकभरी मीमीडी छान्हा ।
H-481	-0.065188929438591	होसकुङ मीमीकभरी मीमीकडी छाना ।
D-481	-0.065188929438591	होसकुङ मीमीकभरी मीमीकडी छाना ।
P-481	-0.0435 -0.1515 -0.0449 -0.0233 -0.0234 -0.0927 -0.0381 -0.0912 -0.0780
S-482	<2mgr>आज कि भोलीको थिइ ।
T-482	छीनीङ की पीहीनो लेया ।
H-482	-0.07185976207256317	छीनीङ की पीहीनओ लेया ।
D-482	-0.07185976207256317	छीनीङ की पीहीनओ लेया ।
P-482	-0.0205 -0.1106 -0.0352 -0.1209 -0.0472 -0.0911 -0.0777
S-483	<2mgr>आगोले हात पनि डढ्यो ।
T-483	म्हेय मीहुट ड सीका ।
H-483	-0.19442218542099	म्हेय मीहुट ड बील्हा ।
D-483	-0.19442218542099	म्हेय मीहुट ड बील्हा ।
P-483	-0.0341 -0.0261 -0.0154 -0.0582 -0.4200 -0.9751 -0.0559 -0.0909 -0.0741
S-50	<2mgr>बटुका भित्र लैजाऊ ।
T-50	बटुका भीट्री नुह्नी ।
H-50	-0.23462842404842377	बटुका भीट्री नुह्नो ।
D-50	-0.23462842404842377	बटुका भीट्री नुह्नो ।
P-50	-0.3238 -0.0456 -0.0944 -0.0290 -0.0830 -0.9966 -0.3793 -0.0798 -0.0802
S-55	<2mgr>हाम्रो त त्यहाँ खेत बारी थियो ।
T-55	कानुङ च होलाङ गार्हा बारी लेया ।
H-55	-0.06948968768119812	कानुङ च होलाङ गार्हा बारी लेया ।
D-55	-0.06948968768119812	कानुङ च होलाङ गार्हा बारी लेया ।
P-55	-0.0116 -0.1186 -0.0347 -0.0075 -0.2431 -0.0092 -0.0309 -0.0918 -0.0780
S-107	<2mgr>छ्ट्ने बेलामा सबै भेला भए ।
T-107	भाहाच बेलाङ जम्मै भेला छान्हा ।
H-107	-0.49677279591560364	छ्याक्च बेलाङ जम्मै भेला छान्हा ।
D-107	-0.49677279591560364	छ्याक्च बेलाङ जम्मै भेला छान्हा ।
P-107	-2.6662 -1.1894 -0.1773 -0.1073 -0.0139 -0.0359 -0.1160 -0.0814 -0.0835
S-147	<2mgr>डाबर उठ्ने गरी चिलेछ ।
T-147	डाम सोम गरी जीक्लेसा ।
H-147	-0.5798951983451843	झबर सोके जाट्म चीन्डीलेसा ।
D-147	-0.5798951983451843	झबर सोके जाट्म चीन्डीलेसा ।
P-147	-1.1149 -1.5488 -0.0080 -0.3745 -0.4847 -0.0626 -1.0975 -0.9416 -0.0857 -0.0806
S-172	<2mgr>उसको टोपी कालो थियो ।
T-172	होसकुङ टोपी कालो लेया ।
H-172	-0.12491955608129501	होच्यो टोपी कालो लेया ।
D-172	-0.12491955608129501	होच्यो टोपी कालो लेया ।
P-172	-0.5173 -0.0564 -0.1055 -0.0026 -0.0890 -0.0697 -0.0829 -0.0760
S-179	<2mgr>टाउको घुमेको छोड्यो।
T-179	मीटालु म्हाङ्च बाहा।
H-179	-0.485395610332489	मीटालु हुप्म डासा ।
D-179	-0.485395610332489	मीटालु हुप्म डासा ।
P-179	-0.0387 -0.0223 -1.3396 -0.5154 -0.0030 -1.1274 -0.7621 -0.0747
S-302	<2mgr>विवाहको काम सकियो ।
T-302	वीहाओ काम डूमा ।
H-302	-0.0791764035820961	वीहाओ काम डूमा ।
D-302	-0.0791764035820961	वीहाओ काम डूमा ।
P-302	-0.0190 -0.0117 -0.0148 -0.1890 -0.0416 -0.2662 -0.0028 -0.0877 -0.0799
S-163	<2mgr>उनीहरूले केरा खाए ।
T-163	होस्कै मोचा ज्या ।
H-163	-0.0417494922876358	होसकै मोचा ज्या ।
D-163	-0.0417494922876358	होसकै मोचा ज्या ।
P-163	-0.0603 -0.0266 -0.0133 -0.0217 -0.0039 -0.0912 -0.0751
S-322	<2mgr>मामा चाँहि अर्कै थरीको ।
T-322	मामा च अरुन थरीओ ।
H-322	-0.23021312057971954	मामा च अर्नीओ थरीओ ।
D-322	-0.23021312057971954	मामा च अर्नीओ थरीओ ।
P-322	-0.0530 -0.0816 -0.2183 -0.6384 -0.7612 -0.2567 -0.0980 -0.0263 -0.0864 -0.0822
S-359	<2mgr>केही जरुरी पो पर्यो कि ?
T-359	हीड जरुरी पो परीसा की ?
H-359	-0.09388896077871323	हीड जरुरी पो परीसा की ?
D-359	-0.09388896077871323	हीड जरुरी पो परीसा की ?
P-359	-0.0193 -0.0864 -0.2789 -0.1813 -0.0333 -0.0901 -0.0246 -0.0499 -0.0813
S-501	<2mgr>जात्रामा रमाइलो हुन्छ ।
T-501	जात्राङ मराङच छान्ह्ले ।
H-501	-0.13129404187202454	जात्राङ मीमराङ्च छान्ह्ले ।
D-501	-0.13129404187202454	जात्राङ मीमराङ्च छान्ह्ले ।
P-501	-0.0405 -0.0350 -0.0866 -0.7261 -0.0534 -0.0657 -0.0048 -0.0891 -0.0806
S-505	<2mgr>बज्यैले मलाई छोडेको छैन ।
T-505	बज्ये ङाके माडास्मले ।
H-505	-0.10439465194940567	बज्ये ङाके माडास्मने ।
D-505	-0.10439465194940567	बज्ये ङाके माडास्मने ।
P-505	-0.0263 -0.0341 -0.4696 -0.0612 -0.0119 -0.0389 -0.1295 -0.0889 -0.0792
S-35	<2mgr>मैले सपना देखेछु ।
T-35	ङै मङ्नाम ङाडाङलेसाङ ।
H-35	-0.04544809088110924	ङै मङ्नाम डाङा ।
D-35	-0.04544809088110924	ङै मङ्नाम डाङा ।
P-35	-0.0141 -0.0070 -0.0057 -0.0951 -0.0481 -0.0222 -0.0926 -0.0786
S-141	<2mgr>आँसु बगेकै थाहा भएन ।
T-141	मीमीकडी बगडीस्च न ठाहा माछान्हा ।
H-141	-0.31982186436653137	मीमीकडी बाङ्गेकै ठाहा माछान्हा ।
D-141	-0.31982186436653137	मीमीकडी बाङ्गेकै ठाहा माछान्हा ।
P-141	-0.0941 -0.1120 -1.3233 -0.4626 -0.6065 -0.0809 -0.0242 -0.0954 -0.0793
S-155	<2mgr>आज उहाँकै याद आयो ।
T-155	छीनीङ होसकुङ न ह्याका राहा ।
H-155	-0.959859311580658	छीनीङ होस ह्याका दिनी राहा ।
D-155	-0.959859311580658	छीनीङ होस ह्याका दिनी राहा ।
P-155	-0.0642 -1.9981 -2.1111 -1.8875 -0.8954 -1.9909 -0.4269 -0.0232 -0.1239 -0.0773
S-229	<2mgr>नानीले लुगा लगाएको छैन ।
T-229	नानीय बन्डी माबील्मने ।
H-229	-0.42218777537345886	नानीय बन्डी मागामने ।
D-229	-0.42218777537345886	नानीय बन्डी मागामने ।
P-229	-0.0358 -0.0360 -0.1799 -0.1577 -1.1121 -2.4544 -0.0226 -0.0548 -0.0902 -0.0785
S-366	<2mgr>दस हातको डोरी चाहिन्छ ।
T-366	चू मीहुट डोरी चैडीस्ले ।
H-366	-0.2924766540527344	न्हीस मीहुटो डोरी चैडीस्ले ।
D-366	-0.2924766540527344	न्हीस मीहुटो डोरी चैडीस्ले ।
P-366	-2.1167 -0.0147 -0.5332 -0.0106 -0.0495 -0.0170 -0.0043 -0.0125 -0.0880 -0.0784
S-389	<2mgr>आज उसले मन छुने कुरा गर्यो ।
T-389	छीनीङ होचे मीमन छुच कुरा जाटा ।
H-389	-0.09648928791284561	छीनीङ होच्य मीमन छुके कुरा जाटा ।
D-389	-0.09648928791284561	छीनीङ होच्य मीमन छुके कुरा जाटा ।
P-389	-0.0373 -0.1089 -0.0422 -0.0084 -0.4649 -0.0264 -0.0076 -0.0926 -0.0801
S-404	<2mgr>तिमी र म काठमाडौं भागौँ ।
T-404	नाङ र ङा काठमाडौँ जोहीङ ।
H-404	-0.4571811258792877	नाङ र ङा काठमाडौं जोहोला ।
D-404	-0.4571811258792877	नाङ र ङा काठमाडौं जोहोला ।
P-404	-0.0966 -0.7292 -0.1119 -0.0920 -0.1286 -2.2921 -0.4950 -0.0915 -0.0776
S-442	<2mgr>काम लाग्ने मान्छे कोही छैन ।
T-442	काम लग्डीस्च भर्मी सुर माले ।
H-442	-0.1081085279583931	काम लैडीस्च भर्मी सुर माले ।
D-442	-0.1081085279583931	काम लैडीस्च भर्मी सुर माले ।
P-442	-0.0750 -0.0488 -0.3777 -0.0393 -0.1341 -0.0156 -0.0956 -0.0788
S-108	<2mgr>सानोको समय पो सम्झना आयो ।
T-108	मार्ह्चौ समय पो ह्याका राहा ।
H-108	-0.20069541037082672	मार्ह्चौ समय पो आर्मीट्मा राहा ।
D-108	-0.20069541037082672	मार्ह्चौ समय पो आर्मीट्मा राहा ।
P-108	-0.3596 -0.3904 -0.2754 -0.0191 -0.2681 -0.2342 -0.4131 -0.0448 -0.0228 -0.0976 -0.0825
S-113	<2mgr>नभागेको भए मार्ने रहेछ ।
T-113	माजोच लनाङ साट्च लेसा ।
H-113	-0.6297034025192261	न भागेओ डेनाङ साट्के लेसा ।
D-113	-0.6297034025192261	न भागेओ डेनाङ साट्के लेसा ।
P-113	-0.8213 -2.8217 -0.4970 -0.3469 -0.0852 -2.0475 -0.0501 -0.0728 -0.0154 -0.0901 -0.0788
S-236	<2mgr>जे पायो त्यही खान्थेँ ।
T-236	ही डीन्ह्ले होसेन ङाज्योलाङ ।
H-236	-0.6120268702507019	मीझार डीन्हा होसे ज्याओला ।
D-236	-0.6120268702507019	मीझार डीन्हा होसे ज्याओला ।
P-236	-1.4064 -1.4046 -0.0061 -0.8677 -0.2032 -1.3587 -0.6697 -0.0393 -0.0871 -0.0776
S-160	<2mgr>होमवर्क गर्नु पर्ने पिर पनि थियो ।
T-160	होमवर्क जाट्के परीस्च पीर ड लेया ।
H-160	-0.3115641474723816	होमवर्क जाट्के परीस्च पीर ड लेया ।
D-160	-0.3115641474723816	होमवर्क जाट्के परीस्च पीर ड लेया ।
P-160	-2.4913 -0.3099 -0.0120 -0.2052 -0.1726 -0.0375 -0.3459 -0.2311 -0.2737 -0.0355 -0.0628 -0.0178 -0.0900 -0.0766
S-156	<2mgr>गाउँमा यस्तै यस्तै कुरा सुनिन्थ्यो ।
T-156	लाङ्घाङ इन्च इन्च कुरा सेओला ।
H-156	-0.24303817749023438	लाङ्घाङ इन्चन इन्चन कुरा सेओला ।
D-156	-0.24303817749023438	लाङ्घाङ इन्चन इन्चन कुरा सेओला ।
P-156	-0.0143 -0.4157 -0.0585 -1.1571 -0.3772 -0.0734 -0.0317 -0.1241 -0.0974 -0.0810
S-347	<2mgr>पेमाले डोल्मोलाई रूवायो ।
T-347	पेमाय डोल्मोके र्हाका ।
H-347	-0.17844045162200928	पेमाय डोल्मोके रूवा ।
D-347	-0.17844045162200928	पेमाय डोल्मोके रूवा ।
P-347	-0.0319 -0.0883 -0.0046 -0.0200 -0.0635 -0.3135 -0.1394 -0.8630 -0.1791 -0.0811
S-181	<2mgr>सबैको विचार सुन्नु पर्छ ।
T-181	जम्मैओ वीचार सके पर्ले ।
H-181	-0.1240694671869278	जम्मैओ विचार सेके पर्ले ।
D-181	-0.1240694671869278	जम्मैओ विचार सेके पर्ले ।
P-181	-0.3559 -0.4170 -0.0681 -0.0113 -0.0151 -0.1744 -0.0107 -0.0092 -0.0976 -0.0814
S-262	<2mgr>विद्यालयबाट छुटिने समय आयो ।
T-262	विद्यालयीङ छुट्डीस्च समय राहा ।
H-262	-0.06409722566604614	विद्यालयीङ छुट्डीस्के समय राहा ।
D-262	-0.06409722566604614	विद्यालयीङ छुट्डीस्के समय राहा ।
P-262	-0.0181 -0.0616 -0.0084 -0.0837 -0.0198 -0.1930 -0.0150 -0.0502 -0.1124 -0.0788
S-443	<2mgr>दाज्युको कविता मलाई औधी मन पर्छ ।
T-443	दाजीओ कविता ङाके ढेर मीमन परीस्ले ।
H-443	-0.16294680535793304	दाजीओ कविता ङाके ढेर मीमन पर्ले ।
D-443	-0.16294680535793304	दाजीओ कविता ङाके ढेर मीमन पर्ले ।
P-443	-0.0629 -0.0722 -0.0313 -0.0656 -0.0078 -0.0431 -0.0137 -1.0880 -0.0818
S-529	<2mgr>हिँडेपछि लक्षमा आइपुग्दो रहेछ ।
T-529	व्हाप्याक लक्षाङ टाराहाके लेसा ।
H-529	-0.4239191710948944	हीँह्प्याक लक्षाङ टाराहाके लेसा ।
D-529	-0.4239191710948944	हीँह्प्याक लक्षाङ टाराहाके लेसा ।
P-529	-0.5313 -0.0756 -1.0024 -0.0145 -0.0478 -0.0103 -0.0436 -2.9081 -0.2636 -0.0211 -0.0893 -0.0794
S-199	<2mgr>यसै लोभले रातभरि काम गरी ।
T-199	होसे न लोभय नाबीकभरी काम जाटा ।
H-199	-0.5275923609733582	इचै लोभरे नाबीकभरी काम जाटा ।
D-199	-0.5275923609733582	इचै लोभरे नाबीकभरी काम जाटा ।
P-199	-1.0616 -0.6729 -0.0410 -0.6674 -0.0648 -2.1119 -0.1115 -1.2717 -0.0779 -0.0762 -0.0929 -0.0812
S-374	<2mgr>मलाई एक्लो एक्लो पार्थ्यो ।
T-374	ङाके ङाल्ला ङाल्ला पार्डीयोला ।
H-374	-0.5937541723251343	ङाकी काट्जा काट्जा कोकोला ।
D-374	-0.5937541723251343	ङाकी काट्जा काट्जा कोकोला ।
P-374	-0.7603 -0.1359 -2.5421 -0.0454 -0.3992 -0.3659 -0.0493 -1.5695 -0.8060 -0.8260 -0.0498 -0.0903 -0.0791
S-434	<2mgr>त्यसको सिको गर्दैथ्यो कान्छा मामा पनि ।
T-434	होच्या सिको जाटोला कान्छा मामा ड ।
H-434	-0.6113977432250977	होच्यो सीके जाटोला कान्छा मामा ड ।
D-434	-0.6113977432250977	होच्यो सीके जाटोला कान्छा मामा ड ।
P-434	-0.0679 -0.4312 -4.4220 -0.7382 -0.1199 -0.0535 -0.0330 -0.0721 -0.0960 -0.0802
S-18	<2mgr>रक्सीको बोतलमा बिर्को लगाऊ ।
T-18	रक्सीओ बोटलाङ बीर्को कानी ।
H-18	-0.02984485775232315	रक्सीओ बोटलाङ बीर्को कानी ।
D-18	-0.02984485775232315	रक्सीओ बोटलाङ बीर्को कानी ।
P-18	-0.0076 -0.0256 -0.0113 -0.0493 -0.0082 -0.0348 -0.0157 -0.0124 -0.0041 -0.0153 -0.0940 -0.0800
S-30	<2mgr>ज्याकेटको चेन माथि तानेँ मैले ।
T-30	ज्याकेटो चेन ढेमाङ ङाटन्डीयाङ ङै ।
H-30	-0.03501735255122185	ज्याकेटो चेन ढेमाङ टन्डिया ङै ।
D-30	-0.03501735255122185	ज्याकेटो चेन ढेमाङ टन्डिया ङै ।
P-30	-0.0383 -0.0077 -0.0103 -0.0747 -0.0060 -0.0137 -0.0032 -0.0370 -0.0342 -0.0175 -0.0955 -0.0821
S-210	<2mgr>अतिकति मात्र सके मान्छेले बुझे पो ।
T-210	इटार मात्रै य्होका भर्मीय व्हानाङ पो ।
H-210	-0.15696556866168976	इटार मात्रै य्होक्नाङ भर्मीय व्हारम पो ।
D-210	-0.15696556866168976	इटार मात्रै य्होक्नाङ भर्मीय व्हारम पो ।
P-210	-0.1093 -0.0868 -0.0250 -0.0762 -0.1795 -0.1301 -0.0219 -0.0717 -0.0434 -0.0219 -0.9246 -0.3369 -0.0886 -0.0816
S-42	<2mgr>गुरुङहरू पोखरा तिर धेरै छन् ।
T-42	गुरुङको पोखरा लाक ढेरै ले ।
H-42	-0.33443552255630493	गुरुङको पोखरा टीर ढेर ले ।
D-42	-0.33443552255630493	गुरुङको पोखरा टीर ढेर ले ।
P-42	-0.0054 -0.0258 -0.0276 -0.7997 -0.0066 -0.0075 -0.1674 -2.2149 -0.7324 -0.0492 -0.1433 -0.0896 -0.0783
S-38	<2mgr>म एक्लै पोखरा जान सक्छु ।
T-38	ङा ङाल्ल्हा पोखरा नुङ्के य्होक्ले ।
H-38	-0.33020955324172974	ङ ङाल्ला पोखरा नुङ्के हेक्लाङ ।
D-38	-0.33020955324172974	ङ ङाल्ला पोखरा नुङ्के हेक्लाङ ।
P-38	-1.8867 -0.1901 -0.0193 -0.6261 -0.0038 -0.0818 -0.8567 -0.3379 -0.0798 -0.0127 -0.0252 -0.0943 -0.0784
S-363	<2mgr>बाबु हाँस्यो , छोरा चाहिँ रोयो ।
T-363	बोइ रेटा , माझा मीजा चँही रापा ।
H-363	-0.227410227060318	बोइ रेटा , लेन्जामीजा चैडीसा ।
D-363	-0.227410227060318	बोइ रेटा , लेन्जामीजा चैडीसा ।
P-363	-0.7961 -0.2445 -0.0206 -0.0589 -0.0992 -0.0779 -0.0325 -1.0013 -0.0043 -0.0882 -0.0780
S-267	<2mgr>अबेर पछि मात्र फेरि मेडिकलमा आयो ।
T-267	अबेर न्हुनीङ मात्रै फैरी मेडीकलाङ राहा ।
H-267	-0.19346392154693604	अब न्हुनीङ मात्रै फेरी मेलाङ राहा ।
D-267	-0.19346392154693604	अब न्हुनीङ मात्रै फेरी मेलाङ राहा ।
P-267	-0.0621 -0.0747 -0.0128 -0.1000 -0.9567 -0.3211 -0.0254 -0.1089 -0.0794
S-159	<2mgr>घुमाउने काममा गाउँलेहरु सबै आए ।
T-159	छर्याक्के कामाङ लाङ्घालीको जम्मै राहा ।
H-159	-0.6260759830474854	इमो कामाङ लाङ्घालीको जम्मै राहा ।
D-159	-0.6260759830474854	इमो कामाङ लाङ्घालीको जम्मै राहा ।
P-159	-0.7999 -4.7722 -0.1897 -0.6968 -0.0721 -0.0540 -0.0476 -0.0156 -0.0613 -0.0973 -0.0804
S-112	<2mgr>माइलाले फ्याट्ट भने पछि बुझे मैले ।
T-112	माइलाय फ्याट्ट डेया र व्हारा ङै ।
H-112	-0.2108992636203766	माइलाय फ्याट्ट डेयार व्हा ङै ।
D-112	-0.2108992636203766	माइलाय फ्याट्ट डेयार व्हा ङै ।
P-112	-0.0226 -0.0074 -0.0431 -0.0386 -0.0056 -0.0052 -1.0336 -0.2556 -0.4425 -0.5122 -0.0877 -0.0767
S-61	<2mgr>माइलाले फ्याट्ट भने पछि बुझे मैले ।
T-61	माइलाय फ्याट्ट डेप्याक व्हार ङै ।
H-61	-0.2108992636203766	माइलाय फ्याट्ट डेयार व्हा ङै ।
D-61	-0.2108992636203766	माइलाय फ्याट्ट डेयार व्हा ङै ।
P-61	-0.0226 -0.0074 -0.0431 -0.0386 -0.0056 -0.0052 -1.0336 -0.2556 -0.4425 -0.5122 -0.0877 -0.0767
S-411	<2mgr>झाँक्रीले मैनालीलाई अह्रायो ।
T-411	झाँक्रीय मेनालीके अह्रडीया ।
H-411	-0.09652765840291977	झाँक्रीय मैनालीके अह्रडीया ।
D-411	-0.09652765840291977	झाँक्रीय मैनालीके अह्रडीया ।
P-411	-0.0186 -0.0895 -0.0021 -0.0123 -0.0744 -0.0132 -0.4101 -0.1810 -0.1662 -0.0312 -0.0845 -0.0751
S-249	<2mgr>उनी पनि यात्रु म पनि यात्री ।
T-249	होस ड यात्रु ङा ड यात्री ।
H-249	-0.2829107344150543	होसे ड यात्रु ङा ड यात्री ।
D-249	-0.2829107344150543	होसे ड यात्रु ङा ड यात्री ।
P-249	-0.1060 -0.0340 -0.4654 -0.0266 -0.0219 -1.7734 -0.0714 -0.5367 -0.0798 -0.1082 -0.0937 -0.0778
S-45	<2mgr>मलाई दाज्युको त्यो अनुशासन मन पर्यो ।
T-45	ङाके दाजीओ होस अनुशासन मीमन परीसा ।
H-45	-0.08764687180519104	ङाके दाजीओ होस अनुशासन मीमन परीसा ।
D-45	-0.08764687180519104	ङाके दाजीओ होस अनुशासन मीमन परीसा ।
P-45	-0.0599 -0.0118 -0.0384 -0.0148 -0.0238 -0.0296 -0.0833 -0.0286 -0.0649 -0.5208 -0.0931 -0.0828
S-48	<2mgr>रामाइलो हुन्छ भने म पनि जान्छु नि ।
T-48	मीमराङ्च छान्ह्ले डेनाङ ङा ड नुहुँलाङ नी ।
H-48	-0.2598772644996643	मीमराङ्च छान्ह्ले डेनाङ ङा ड नुङ्लाङ नी ।
D-48	-0.2598772644996643	मीमराङ्च छान्ह्ले डेनाङ ङा ड नुङ्लाङ नी ।
P-48	-1.3964 -0.2008 -0.0217 -0.0036 -0.1633 -0.1940 -0.0372 -0.2707 -0.6321 -0.0219 -0.0951 -0.0820
S-485	<2mgr>म नदीमा पौडिन सक्छु ।
T-485	ङा नदीआङ पौडीस्के य्होक्लाङ् ।
H-485	-0.4828953444957733	ङाड माओ पौडीके हेक्लाङ ।
D-485	-0.4828953444957733	ङाड माओ पौडीके हेक्लाङ ।
P-485	-0.0572 -2.2813 -1.2406 -0.0972 -0.1952 -0.1912 -1.8543 -0.1423 -0.0099 -0.0024 -0.0271 -0.0995 -0.0795
S-430	<2mgr>अँ अर्को दुईटा चाँहि मगरको घट्ट ।
T-430	अँ अस्काट न्हीस च मगरो घट्ट ।
H-430	-0.4022011160850525	अँ आस्काट न्हीस च मगरओ घट्ट ।
D-430	-0.4022011160850525	अँ आस्काट न्हीस च मगरओ घट्ट ।
P-430	-0.2356 -0.7630 -2.4677 -0.0141 -0.0182 -0.0518 -0.1993 -0.0634 -0.1769 -0.0087 -0.0266 -1.1198 -0.0837
S-402	<2mgr>सिबिरमा बस्नेहरु सबैको यस्तै ।
T-402	सिबिराङ ङुचको पट्टकुङ हुन्चज ।
H-402	-0.2220349907875061	सिबिराङ ङुके जम्मैओ इन्चन ।
D-402	-0.2220349907875061	सिबिराङ ङुके जम्मैओ इन्चन ।
P-402	-0.0039 -0.0100 -0.0230 -0.1822 -0.0985 -0.0552 -1.6530 -0.0274 -0.0889 -0.0782
S-352	<2mgr>एक क्षण पर्ख म पनि जान्छु ।
T-352	कलाप जा वाङनी ङा ड नुहुँङ्ले ।
H-352	-0.1920168399810791	कपाङ वाङार ङा ड नुङ्ले ।
D-352	-0.1920168399810791	कपाङ वाङार ङा ड नुङ्ले ।
P-352	-0.0234 -0.0041 -0.0480 -0.0750 -0.0315 -0.6744 -0.0802 -0.0189 -0.5151 -0.6459 -0.1064 -0.0813
S-192	<2mgr>फेरि पनि पानी मेरो मुखमा हाल्यो ।
T-192	फैरी ड डी ङौ मेङ्गेराङ का ।
H-192	-0.27139726281166077	फेरी ड डी ङौ मेङ्गेराङ ङापा ।
D-192	-0.27139726281166077	फेरी ड डी ङौ मेङ्गेराङ ङापा ।
P-192	-0.0119 -0.0566 -0.0066 -0.8270 -0.5454 -0.0114 -0.0559 -0.0078 -0.8649 -0.7017 -0.0891 -0.0785
S-498	<2mgr>दिनहरु असाध्यै रमाइलो थियो ।
T-498	याकको असाढ्यै मीमराङ्च लेया ।
H-498	-0.39940494298934937	याकको ढेरै न मीमराङ्च लेया ।
D-498	-0.39940494298934937	याकको ढेरै न मीमराङ्च लेया ।
P-498	-0.1848 -0.1765 -2.0324 -0.1235 -0.8666 -0.7307 -0.0422 -0.0460 -0.0212 -0.0927 -0.0769
S-306	<2mgr>मनको काखमा थपक्क राख्छु ।
T-306	मीमनो मीकुवाङ ठपक्क ङाडालाङ ।
H-306	-0.19653311371803284	मीमनो मीकुवाङ थपक्क डालाङ ।
D-306	-0.19653311371803284	मीमनो मीकुवाङ थपक्क डालाङ ।
P-306	-0.0503 -0.0116 -0.0030 -0.0204 -0.0315 -0.4053 -0.0113 -0.0609 -1.3828 -0.1074 -0.0775
S-251	<2mgr>मलाई त उरमाइले भनेकी हो ।
T-251	ङाकी च उरमाइय डेचाले ।
H-251	-0.4209420680999756	ङाके च उराङ्चय डेनाङकी आले ।
D-251	-0.4209420680999756	ङाके च उराङ्चय डेनाङकी आले ।
P-251	-0.0136 -0.1050 -1.2952 -0.2148 -0.8084 -0.1625 -1.5898 -0.2545 -0.0230 -0.0849 -0.0787
S-36	<2mgr>पासाङले गोरू जोतेको थियो ।
T-36	पासाङय बार्डा घोयोम लेया ।
H-36	-0.3580337166786194	पासाङय बार्डा जोहोम लेया ।
D-36	-0.3580337166786194	पासाङय बार्डा जोहोम लेया ।
P-36	-0.0154 -0.0452 -0.2498 -0.0139 -0.0233 -0.1438 -2.4221 -0.8413 -0.0149 -0.0917 -0.0770
S-14	<2mgr>रातभरि मलाई निद्रा लागेन ।
T-14	नाबीकभरी ङाके मीमीक माराहा ।
H-14	-0.1276114284992218	नाबीकभरी ङाके मीमीक माराहा ।
D-14	-0.1276114284992218	नाबीकभरी ङाके मीमीक माराहा ।
P-14	-0.3826 -0.1549 -0.0401 -0.0419 -0.0110 -0.2288 -0.0835 -0.0782
S-242	<2mgr>हामी बाँडेर खान्थ्यौं ।
T-242	कान पुङ्म ज्याओला ।
H-242	-0.20689702033996582	कानको पुङ्म ज्याओला ।
D-242	-0.20689702033996582	कानको पुङ्म ज्याओला ।
P-242	-0.3081 -0.0964 -1.0272 -0.1329 -0.0810 -0.0167 -0.0277 -0.0974 -0.0748
S-319	<2mgr>दिदिबहिनीहरू आज आइपुग्लिन ।
T-319	डैनानीको छीनीङ राहाचले ।
H-319	-0.5809488296508789	दिनीनानी छीनीङ टाराहा ।
D-319	-0.5809488296508789	दिनीनानी छीनीङ टाराहा ।
P-319	-0.9610 -0.6182 -0.9021 -0.5402 -0.0825 -0.9104 -0.5531 -0.0800
S-65	<2mgr>पेमाले गीतालाई पैसा दियो ।
T-65	पेमाले गीताके पैसा याहा ।
H-65	-0.09684189409017563	पेमाय गीताके पैसा याहा ।
D-65	-0.09684189409017563	पेमाय गीताके पैसा याहा ।
P-65	-0.0277 -0.0768 -0.2913 -0.1992 -0.0662 -0.0225 -0.0112 -0.0975 -0.0792
S-480	<2mgr>ठुली भाउज्यु घरमा हुनुहुन्छ ।
T-480	बडा भजी इमाङ लेको ।
H-480	-0.4264785647392273	झ्यामोइ भाउज्यु इमाङ लेको ।
D-480	-0.4264785647392273	झ्यामोइ भाउज्यु इमाङ लेको ।
P-480	-0.3234 -0.0293 -3.2771 -0.8253 -0.1014 -0.2121 -0.0686 -0.0189 -0.0680 -0.0190 -0.0957 -0.0790
S-489	<2mgr>बुढी बज्यै छटपट गरिन ।
T-489	बुढी बज्य छटपट जाटा ।
H-489	-0.34575963020324707	बुढी बज्या छटपट जाट्म ।
D-489	-0.34575963020324707	बुढी बज्या छटपट जाट्म ।
P-489	-0.0146 -0.0523 -0.0196 -1.1845 -0.0158 -0.0378 -0.7101 -1.2457 -0.0924 -0.0848
S-289	<2mgr>हुनेनहुने म भन्न सक्दिन ।
T-289	छेचमालेच ङै डेके माय्होक्ले ।
H-289	-0.7660995721817017	आल्के माछान्ह्च ङा डेके माय्होक्ले ।
D-289	-0.7660995721817017	आल्के माछान्ह्च ङा डेके माय्होक्ले ।
P-289	-3.4576 -0.0268 -2.3184 -1.0182 -0.1881 -0.1616 -0.3124 -0.0090 -0.0875 -0.0812
S-435	<2mgr>गाउँमा बाजेहरुले भन्नु भएको कुरा सम्झेँ ।
T-435	लाङ्घाङ बाजीकोइ डेचको कुरा आर्मीटा ।
H-435	-0.1920802891254425	लाङ्घाङ बाजीकोइ डेच कुरा आर्मीटा ।
D-435	-0.1920802891254425	लाङ्घाङ बाजीकोइ डेच कुरा आर्मीटा ।
P-435	-0.0741 -0.0185 -0.3851 -0.7199 -0.0755 -0.1427 -0.1329 -0.0963 -0.0837
S-27	<2mgr>काकाले नानीको हात तान्दै भन्यो ।
T-27	बाबुय नानीओ मीहुट टन्डीमन डेया ।
H-27	-0.07556478679180145	बाबुय नानीओ मीहुट टन्डीम डेया ।
D-27	-0.07556478679180145	बाबुय नानीओ मीहुट टन्डीम डेया ।
P-27	-0.0319 -0.1200 -0.2653 -0.0712 -0.0094 -0.0104 -0.0369 -0.1139 -0.0057 -0.0877 -0.0789
S-47	<2mgr>म दिन्हुँ फेसबुक हेर्छु ।
T-47	ङा याकभर फेसबुक ङोस्ले ।
H-47	-0.5774187445640564	ङा याहाले फेसबुक ङोसा ।
D-47	-0.5774187445640564	ङा याहाले फेसबुक ङोसा ।
P-47	-0.1369 -0.2265 -2.8949 -0.7358 -0.3242 -0.1739 -0.3545 -0.0075 -1.3134 -0.1032 -0.0809
S-164	<2mgr>ससुराले पनि कुरा नबोल्ने भयो ।
T-164	ससुराय ड कुरा माङाक्के छान्हा ।
H-164	-0.26080551743507385	ससुराय ड कुरा माङ्च छान्हा ।
D-164	-0.26080551743507385	ससुराय ड कुरा माङ्च छान्हा ।
P-164	-0.1572 -0.0315 -0.0527 -0.0521 -0.2160 -0.0283 -1.8668 -0.0349 -0.0904 -0.0782
S-215	<2mgr>मलाई सहानुभूति ती विद्यार्थी ।
T-215	ङाके सहानुभूटी होस विद्यार्थी ।
H-215	-0.1267404705286026	ङाके सहानुभूटी होस विद्यार्थी ।
D-215	-0.1267404705286026	ङाके सहानुभूटी होस विद्यार्थी ।
P-215	-0.0121 -0.0293 -0.3547 -0.2689 -0.1007 -0.0557 -0.3647 -0.0410 -0.0039 -0.0829 -0.0802
S-281	<2mgr>म अमेरिका जाँदा के होला ?
T-281	ङा अमेरिका नुहुँनाङ की ओला ?
H-281	-0.12263987213373184	ङा अमेरिका नुहुँनाङ ही ओला ?
D-281	-0.12263987213373184	ङा अमेरिका नुहुँनाङ ही ओला ?
P-281	-0.0177 -0.0033 -0.0443 -0.3019 -0.7060 -0.0219 -0.0340 -0.0074 -0.0613 -0.0755 -0.0756
S-356	<2mgr>मैले खोलामा एउटा माछा देखे ।
T-356	ङै खोलाङ काट डीस्या डाङा ।
H-356	-0.0935187116265297	ङै खोलाङ काट डीस्या डाङा ।
D-356	-0.0935187116265297	ङै खोलाङ काट डीस्या डाङा ।
P-356	-0.0181 -0.0056 -0.5852 -0.0145 -0.1163 -0.0207 -0.0063 -0.0903 -0.0035 -0.0881 -0.0801
S-437	<2mgr>माझ घरे कान्छोले बुहारी ल्याएछ ।
T-437	माझ इमो कान्छाय बुहारी उन्लेसा ।
H-437	-0.6045776009559631	माझे कान्छाय बुहारी राक्लेसा ।
D-437	-0.6045776009559631	माझे कान्छाय बुहारी राक्लेसा ।
P-437	-2.4258 -0.4059 -2.0706 -0.0247 -0.0523 -0.0222 -1.2139 -0.2523 -0.0090 -0.0934 -0.0803
S-509	<2mgr>मलाई त्यो पत्रिका पढ्न मन लागेर आयो ।
T-509	ङाके होस पत्रिका पढीस्के मीमन लैडीस्म राहा ।
H-509	-0.1012718677520752	ङाके होस पत्रिका पढीस्के मीमन लैडीस्म राहा ।
D-509	-0.1012718677520752	ङाके होस पत्रिका पढीस्के मीमन लैडीस्म राहा ।
P-509	-0.0147 -0.0205 -0.6721 -0.0101 -0.0106 -0.1161 -0.0194 -0.0442 -0.0340 -0.0920 -0.0802
S-521	<2mgr>तिमी अब हाम्रो छेउमा नआउ ।
T-521	नाङ अब कानुङ छेवाङ माराह्न ।
H-521	-0.28285104036331177	नाङ अब कानुङ छेवाङ माराहान ।
D-521	-0.28285104036331177	नाङ अब कानुङ छेवाङ माराहान ।
P-521	-0.1919 -0.0560 -0.0122 -0.0114 -0.0099 -0.2623 -0.8287 -1.2876 -0.0885 -0.0800
S-44	<2mgr>मेरो भने दुई जना माइती मात्र देखेँ ।
T-44	ङौ डेनाङ न्हीस जना माइटी मात्रै डाङा ।
H-44	-0.06482633948326111	ङौ न्हीस जना माइटी मात्रै डाङा ।
D-44	-0.06482633948326111	ङौ न्हीस जना माइटी मात्रै डाङा ।
P-44	-0.0274 -0.0258 -0.0752 -0.0151 -0.0297 -0.0240 -0.2625 -0.0240 -0.0856 -0.0789
S-15	<2mgr>बुढानिलकण्ठ कहाँ छ ?
T-15	बुढानिलकण्ठ कुलाङ ले ?
H-15	-0.3450820744037628	बुढा म्हाकाङकण्ठ कुलाङ ले ?
D-15	-0.3450820744037628	बुढा म्हाकाङकण्ठ कुलाङ ले ?
P-15	-0.1624 -2.0345 -0.0774 -0.6772 -0.1577 -0.1003 -0.0796 -0.0210 -0.0632 -0.0777
S-98	<2mgr>कसरी समय कटाउँ झैं भयो ।
T-98	कुटरी समय चेईङ लख छान्हा ।
H-98	-0.1846475750207901	कुटरी समय कुट लख छान्हा ।
D-98	-0.1846475750207901	कुटरी समय कुट लख छान्हा ।
P-98	-0.1444 -0.1385 -0.0234 -0.0179 -0.8780 -0.3497 -0.1153 -0.0100 -0.0892 -0.0800
S-120	<2mgr>अहिले चाँहि पानी सास नलिमा गयो ।
T-120	इनाङ च डी सास नलिआङ नुङा ।
H-120	-0.50823575258255	इनाङ च डी सास माल्हेसाङ नुहुँआ ।
D-120	-0.50823575258255	इनाङ च डी सास माल्हेसाङ नुहुँआ ।
P-120	-0.0038 -0.0471 -0.0557 -0.1015 -0.3855 -3.2202 -1.0505 -0.0396 -0.0982 -0.0804
S-208	<2mgr>घरमा चार जना पाहुना छन् ।
T-208	इमाङ बूली जना पाहुना ले ।
H-208	-0.41447150707244873	इमाङ बूली जना पाहुना ले ।
D-208	-0.41447150707244873	इमाङ बूली जना पाहुना ले ।
P-208	-0.0145 -0.6528 -0.1807 -0.1299 -0.0540 -1.8076 -0.4605 -1.0736 -0.0166 -0.0901 -0.0790
S-241	<2mgr>भाइ पैंचो तिर्न गयो ।
T-241	भया पैंचो टीर्डीके नुङा ।
H-241	-0.31695663928985596	भया पैंचो टीर्डीके नुहुँआ ।
D-241	-0.31695663928985596	भया पैंचो टीर्डीके नुहुँआ ।
P-241	-0.0203 -0.6937 -1.9285 -0.0117 -0.1805 -0.0372 -0.0134 -0.0041 -0.2016 -0.0785
S-285	<2mgr>तिमी बौलाएको कुरा नगर ।
T-285	नाङ बौलाडीस्च कुरा माजाटो ।
H-285	-0.38281145691871643	नाङ बौलाच कुरा माजाट्नी ।
D-285	-0.38281145691871643	नाङ बौलाच कुरा माजाट्नी ।
P-285	-0.6990 -0.0580 -0.8677 -0.2715 -1.0031 -0.0341 -0.0205 -1.0816 -0.0036 -0.0909 -0.0809
S-510	<2mgr>अब चाँहि बुझेर पढेर गर्नु पर्यो ।
T-510	अब च व्हारम पढीस्म जाट्के परीसा ।
H-510	-0.1461915373802185	अब च व्हारम पढीस्म जाट्के परीसा ।
D-510	-0.1461915373802185	अब च व्हारम पढीस्म जाट्के परीसा ।
P-510	-0.0147 -0.0179 -0.0311 -0.9152 -0.0037 -0.0047 -0.2819 -0.1004 -0.0737 -0.0874 -0.0773
S-513	<2mgr>जाँडरक्सी खाएर नहिड ।
T-513	हानरक्सी गाम माव्हान ।
H-513	-0.09178117662668228	हान रक्सी गाम माव्हानी ।
D-513	-0.09178117662668228	हान रक्सी गाम माव्हानी ।
P-513	-0.1627 -0.0495 -0.2581 -0.0799 -0.0192 -0.0126 -0.0999 -0.0641 -0.0934 -0.0784
S-167	<2mgr>आजको रात यसै बित्यो ।
T-167	छीनीङौ नामबीक इटन बीट्डीसा ।
H-167	-0.6123427748680115	छीनीङो नाबीच इट बीट्डीसा ।
D-167	-0.6123427748680115	छीनीङो नाबीच इट बीट्डीसा ।
P-167	-0.0397 -0.0197 -1.5218 -0.0364 -0.9377 -0.7501 -1.0385 -2.6654 -0.1575 -0.0208 -0.0849 -0.0757
S-292	<2mgr>पेमा तिन वर्ष पछि घर जान्छ ।
T-292	पेमा सोम ल्हेस नहुनीङ इमाङ नुङ्ले ।
H-292	-0.1531737595796585	पेमा सोम ल्हेस न्हुन इमाङ नुहुँले ।
D-292	-0.1531737595796585	पेमा सोम ल्हेस न्हुन इमाङ नुहुँले ।
P-292	-0.0177 -0.0259 -0.0273 -0.0840 -0.2134 -0.0195 -0.0197 -1.0206 -0.0897 -0.0866 -0.0806
S-4	<2mgr>म माथि माथि हिमालमा पुगें ।
T-4	ङा ढैमाङ ढैमाङ हीमालाङ टाहा ।
H-4	-0.39136001467704773	ङा ढेमाङ हिलाङ टाहा ।
D-4	-0.39136001467704773	ङा ढेमाङ हिलाङ टाहा ।
P-4	-0.0636 -0.0567 -1.9333 -0.0768 -0.1827 -0.3475 -0.0789
S-91	<2mgr>'छिट्टो भन' फेरि भन्यो उसले ।
T-91	'छीट्टो डेउ' फेरी डेया होच्य ।
H-91	-0.15482279658317566	'छिट्टो डेनी' फेरी डेया होच्य ।
D-91	-0.15482279658317566	'छिट्टो डेनी' फेरी डेया होच्य ।
P-91	-0.0510 -0.9180 -0.0518 -0.0374 -0.0624 -0.3334 -0.1222 -0.0083 -0.0456 -0.0585 -0.0864 -0.0829
S-385	<2mgr>एक किलो चामल चाहिन्छ ।
T-385	काट किलो छुरु चैडीस्ले ।
H-385	-0.03481680899858475	काट किलो छुरु चैडीस्ले ।
D-385	-0.03481680899858475	काट किलो छुरु चैडीस्ले ।
P-385	-0.0126 -0.0157 -0.0955 -0.0111 -0.0073 -0.0207 -0.0017 -0.0162 -0.0862 -0.0812
S-405	<2mgr>चाड पनि मान्ने त्यतिकै जितौरी पनि पाइने ।
T-405	चाड ड मन्डीके होडीकै जीटौरी ड डीन्के ।
H-405	-0.4580734074115753	चाड ड मन्डीच होटारौरी ड डीन्ह्के ।
D-405	-0.4580734074115753	चाड ड मन्डीच होटारौरी ड डीन्ह्के ।
P-405	-0.1815 -0.0045 -0.0225 -2.8899 -0.2327 -0.0282 -0.0641 -0.1460 -1.0089 -0.4113 -0.6517 -0.8742 -0.1852 -0.0888 -0.0815
S-94	<2mgr>घरमा आफ्नै चौराशीको भोज छ ।
T-94	इमाङ मेनो न चोरासीओ भोज ले ।
H-94	-0.3548201620578766	इमाङ मेल्लौ चौराशीओ भोज ले ।
D-94	-0.3548201620578766	इमाङ मेल्लौ चौराशीओ भोज ले ।
P-94	-0.0084 -0.5981 -0.0290 -0.4904 -0.7322 -0.0171 -0.0605 -0.3600 -0.2060 -0.3102 -2.1442 -0.1403 -0.0557 -0.0888 -0.0815
S-368	<2mgr>साँहिलोले म्हारसाङलाई धेरै माया गथ्र्यो ।
T-368	साँहिलाय म्हारसाङके ढेर माया जाट्ला ।
H-368	-0.18847273290157318	साँहिलाय म्हारसाङके ढेर माया जाटोला ।
D-368	-0.18847273290157318	साँहिलाय म्हारसाङके ढेर माया जाटोला ।
P-368	-0.0491 -0.0477 -0.0795 -0.0088 -0.0118 -0.0570 -0.0162 -0.2399 -0.6882 -0.8926 -0.0914 -0.0795
S-403	<2mgr>भिमे टाउको निहुराएर रुदै अगाडि गयो ।
T-403	भिमे मीटालु घुम्म राप्म अगाडी नुहुँआ ।
H-403	-0.35721421241760254	भिमे मीटालु होयोम राप्मन अगाडी नुहुँआ ।
D-403	-0.35721421241760254	भिमे मीटालु होयोम राप्मन अगाडी नुहुँआ ।
P-403	-0.0102 -0.1144 -0.1822 -0.0176 -2.6559 -0.0108 -1.4262 -0.2010 -0.0691 -0.0026 -0.0386 -0.0949 -0.0993 -0.0783
S-102	<2mgr>विद्यालय माथिको तीन घर चाँहि फुयाँल बाहुनको ।
T-102	विद्यालय ढेमाङो सोम इम च फुयाँल बाहुनो ।
H-102	-0.3086654245853424	विद्यालय ढेमाङो सोम इम च फुयाँ बाहुनो ।
D-102	-0.3086654245853424	विद्यालय ढेमाङो सोम इम च फुयाँ बाहुनो ।
P-102	-0.0167 -0.1916 -0.0143 -0.0086 -0.1454 -0.2752 -0.4404 -2.3965 -0.0180 -0.0341 -0.0849 -0.0783
S-476	<2mgr>औषधालयमा पनि यो औषधि रैनछ ।
T-476	उषा डुकाङआङ ड इसे उषा मालेसा ।
H-476	-0.6326723098754883	ढाकलायाङ ड इसे औषधी मालेसा ।
D-476	-0.6326723098754883	ढाकलायाङ ड इसे औषधी मालेसा ।
P-476	-1.6126 -0.2662 -0.7806 -0.6405 -0.3285 -0.0491 -0.1695 -2.7911 -0.0247 -0.1533 -0.6515 -1.3393 -0.5179 -0.0850 -0.0805
S-174	<2mgr>कुखुरा बास्ने बित्तिकै जुरुक्क उठेँ ।
T-174	ग्वा राट्च बीट्टीकै जुरुक्क ङासोआङ ।
H-174	-0.39254769682884216	ग्वा बखट बीट्टीकै जुरुक्क सोआ ।
D-174	-0.39254769682884216	ग्वा बखट बीट्टीकै जुरुक्क सोआ ।
P-174	-0.0276 -0.9502 -3.0108 -0.0354 -1.0946 -0.0268 -0.0070 -0.0164 -0.0462 -0.0180 -0.0825 -0.0017 -0.1001 -0.0782
S-201	<2mgr>मैले केहि भन्न सकिन , चुपचाप बसिरहेँ ।
T-201	ङै हीड डेके माय्होका , चुपचाप ङुमनङुआ ।
H-201	-0.13214072585105896	ङै हीड डेके माय्होका , चुपचाप ङुमनङुआ ।
D-201	-0.13214072585105896	ङै हीड डेके माय्होका , चुपचाप ङुमनङुआ ।
P-201	-0.0121 -0.0193 -0.0345 -0.0524 -0.0728 -0.2923 -0.0012 -0.0162 -1.1018 -0.0475 -0.0168 -0.0101 -0.0933 -0.0797
S-248	<2mgr>डक्टरले चेक गरेर औषधी दियो ।
T-248	जीबट्कै चेक जाट्मो उषाहा याहा ।
H-248	-0.6804811954498291	डक्टरे चेक जाट्म ढेर औषधी याहा ।
D-248	-0.6804811954498291	डक्टरे चेक जाट्म ढेर औषधी याहा ।
P-248	-4.5336 -0.2134 -0.0020 -0.1664 -1.2260 -0.8836 -0.4113 -0.1418 -2.3924 -0.0239 -0.0130 -0.0081 -0.0149 -0.0962 -0.0809
S-139	<2mgr>झाँक्रीको छोराले पास गरेको कुरा गर्मागर्मी भयो ।
T-139	झाँक्रीओ लेन्जामीजै पास जाट्च कुरा गर्मागर्मी छान्हा ।
H-139	-0.3893471658229828	झाँक्रीओ लेन्जामीजै पास जाट्च कुरा जाट्नी छान्हा ।
D-139	-0.3893471658229828	झाँक्रीओ लेन्जामीजै पास जाट्च कुरा जाट्नी छान्हा ।
P-139	-0.0285 -0.3584 -0.0140 -0.0452 -0.0005 -0.0069 -0.0627 -0.0394 -0.2585 -2.4290 -1.0174 -1.0062 -0.1019 -0.0823
S-31	<2mgr>प्रतिकार गर्नु पनि त मृत्यु खोज्नु नै हुन्थ्यो ।
T-31	प्रटिकार जाट्के ड च सीके पाच न छान्होला ।
H-31	-0.3240694999694824	प्रतिकार जाट्के ड च मृत्यु पाओलाको ।
D-31	-0.3240694999694824	प्रतिकार जाट्के ड च मृत्यु पाओलाको ।
P-31	-0.0646 -1.0774 -0.0600 -0.0642 -0.0467 -0.0397 -1.0474 -0.0216 -0.1143 -0.1125 -0.0734 -1.8157 -0.1202 -0.1235 -0.0800
S-131	<2mgr>मुर्थुङ डाँडामा घाम छेकिसकेको थियो ।
T-131	मुर्थुङ डाँडाङ नामखङ पैडीस्म लेया ।
H-131	-0.7093676924705505	मैठुङ डाँडाआङ नामखन हुर्केभ्याम लेया ।
D-131	-0.7093676924705505	मैठुङ डाँडाआङ नामखन हुर्केभ्याम लेया ।
P-131	-4.6041 -1.8394 -0.0498 -0.5076 -0.0500 -0.2078 -0.5641 -0.1033 -0.0570 -2.8288 -0.5846 -0.1815 -0.2508 -0.0255 -0.0299 -0.0974 -0.0776
S-258	<2mgr>अहिले चाँहि बिरे र हरिको उदाहरण दिन थाल्यो ।
T-258	इन्नाङ च बिरे अनी हरिय उदाहरण याहाके ठाला ।
H-258	-0.028892701491713524	इनाङ च बिरे र हरिओ उदाहरण याहाके पा ।
D-258	-0.028892701491713524	इनाङ च बिरे र हरिओ उदाहरण याहाके पा ।
P-258	-0.0171 -0.0324 -0.0054 -0.0141 -0.0259 -0.0103 -0.0343 -0.0042 -0.0265 -0.0261 -0.0383 -0.0122 -0.0200 -0.0871 -0.0795
S-82	<2mgr>बलमानको छोरा भोजे रुख मुनि लडिरहेको थियो ।
T-82	बलमानो लेन्जामीजा भोजे वुटा म्हाकाङ खोरोहोम लेया ।
H-82	-0.7626795172691345	बलाङो लेन्जामीजा भोली रुखङ्गडीस्मन लेया ।
D-82	-0.7626795172691345	बलाङो लेन्जामीजा भोली रुखङ्गडीस्मन लेया ।
P-82	-0.0774 -0.5124 -2.5008 -0.2139 -0.5151 -1.3777 -1.4837 -1.4991 -0.0474 -1.5054 -0.4955 -1.0162 -0.0289 -0.0907 -0.0761
S-345	<2mgr>केदार मास्टरले मेरो कान निमोठ्न लाग्नुभयो ।
T-345	केदार मास्टरे ङौ मेनकेप बटारडीके पाको ।
H-345	-0.44093525409698486	केदार मास्टरे ङौ मेनके पाको ।
D-345	-0.44093525409698486	केदार मास्टरे ङौ मेनके पाको ।
P-345	-0.0093 -0.0108 -0.0027 -0.1934 -0.0075 -0.0104 -0.8860 -0.0292 -0.0421 -4.3354 -0.0341 -0.0909 -0.0803
S-235	<2mgr>हामी दुईजना खुसी भए जति नै दाज्यु पनि खुसी हुनुभयो ।
T-235	कान न्हीसजना खुसी छान्ह्च जटी न दाजी ड खुसी छान्हाको ।
H-235	-0.18545392155647278	कान न्हीसजना खुसी छान्हा जटी न दाजी ड खुसी छान्हाको ।
D-235	-0.18545392155647278	कान न्हीसजना खुसी छान्हा जटी न दाजी ड खुसी छान्हाको ।
P-235	-0.0116 -0.0340 -0.0325 -0.0312 -0.7846 -1.2643 -0.1100 -0.0756 -0.0220 -0.0544 -0.0217 -0.1478 -0.0125 -0.0976 -0.0819
S-367	<2mgr>गीतको तालमा कुदेको नाइटबस ।
T-367	ल्हीङो टालाङ खेर्च नाबीकबस ।
H-367	-0.029413757845759392	लीङो टालाङ खेर्च नाइटबस ।
D-367	-0.029413757845759392	लीङो टालाङ खेर्च नाइटबस ।
P-367	-0.0110 -0.0512 -0.0216 -0.0106 -0.0070 -0.0112 -0.0232 -0.0033 -0.0019 -0.0527 -0.0191 -0.0278 -0.0905 -0.0808
S-24	<2mgr>दमिनीलाई भात खाउँ कि थाल खाउँ भयो ।
T-24	दमिनीके छो ज्याके की ठाल ज्याके छान्हा ।
H-24	-0.2838303744792938	दमिनीके छो ज्या की ठाल ज्याईङ ।
D-24	-0.2838303744792938	दमिनीके छो ज्या की ठाल ज्याईङ ।
P-24	-0.0517 -0.0346 -0.0203 -0.0452 -0.1113 -0.0257 -0.4462 -0.6045 -0.1354 -0.4883 -1.4715 -0.1626 -0.2946 -0.0818
S-126	<2mgr>मन पराउने आधा मन नपराउने आधा ।
T-126	जाक्चको आढा माजाक्चको आढा ।
H-126	-0.5522859692573547	जाक्च राहाके मीमन मापरीस्के काबोक ।
D-126	-0.5522859692573547	जाक्च राहाके मीमन मापरीस्के काबोक ।
P-126	-0.0833 -0.1013 -1.5482 -0.3763 -1.1097 -0.4757 -1.4330 -0.6280 -0.3704 -1.3247 -0.0167 -0.0969 -0.0884 -0.0792
S-182	<2mgr>खै कुन दैवको आँखा पर्यो . . . ।
T-182	खै सु डैवो मीमीक परीसा . . . ।
H-182	-0.3643067181110382	खै सुन दैवौ मीमीक परीसा . . ।
D-182	-0.3643067181110382	खै सुन दैवौ मीमीक परीसा . . ।
P-182	-0.0373 -0.0359 -2.4221 -0.2552 -0.3529 -0.0975 -0.4979 -0.2696 -0.2708 -0.3688 -0.0892 -0.1349 -0.1901 -0.0780
S-414	<2mgr>जीवन अब कमरेड ज्वाला बन्यो ।
T-414	जीवन अब कमरेड ज्वाला बन्डीसा ।
H-414	-0.20854011178016663	जीवन अब कमरेड ज्वाला बन ।
D-414	-0.20854011178016663	जीवन अब कमरेड ज्वाला बन ।
P-414	-0.1220 -0.0259 -0.0473 -0.3162 -0.1733 -0.0156 -0.0255 -0.0122 -0.1963 -0.7513 -0.7333 -0.0835
S-68	<2mgr>सधैं मान्छेले सोचे जस्तो नहुने रहेछ ।
T-68	सेनडसेन भर्मीय आर्मीट्च लख माछान्ह्के लेसा ।
H-68	-0.07614808529615402	सेनडसेन भर्मीय आर्मीटा लख माछान्ह्के लेसा ।
D-68	-0.07614808529615402	सेनडसेन भर्मीय आर्मीटा लख माछान्ह्के लेसा ।
P-68	-0.0224 -0.0310 -0.0121 -0.1327 -0.0149 -0.0513 -0.4587 -0.0164 -0.0106 -0.0578 -0.0198 -0.0827 -0.0795
S-142	<2mgr>जुवाला खाल जोडतोड चल्दै गयो ।
T-142	जुवाला खाल जोडटोड केस्मन नुहुँआ ।
H-142	-0.36074474453926086	जुवाला ज्याल जोड जोड केस्मन नुहुँआ ।
D-142	-0.36074474453926086	जुवाला ज्याल जोड जोड केस्मन नुहुँआ ।
P-142	-0.0154 -0.0622 -0.0817 -1.1807 -0.1726 -0.0173 -0.0361 -2.6037 -0.0798 -0.3849 -0.1974 -0.0220 -0.1178 -0.0790
S-158	<2mgr>मैले टाउको मात्र हल्लाएँ , आउँछ भनेर ।
T-158	ङै मीटालु मात्रै ङाहोयोकाङ , राहाले डेम ।
H-158	-0.07757401466369629	ङै मीटालु मात्रै होयोका , राहाले डेम ।
D-158	-0.07757401466369629	ङै मीटालु मात्रै होयोका , राहाले डेम ।
P-158	-0.0092 -0.0249 -0.0207 -0.0260 -0.2868 -0.0268 -0.0527 -0.0637 -0.0131 -0.2091 -0.1112 -0.0850 -0.0794
S-218	<2mgr>साँहिलो जता काहिलो पनि त्यही भेला भए ।
T-218	साँहिला जुलाक काहिला ड होलाक भेला छान्हा ।
H-218	-0.3447030782699585	साँहिला जुता काहिला ड होसे भेला छान्हा ।
D-218	-0.3447030782699585	साँहिला जुता काहिला ड होसे भेला छान्हा ।
P-218	-0.0909 -0.0766 -1.0891 -1.2551 -0.0215 -0.1773 -0.1179 -0.0762 -1.1806 -0.1427 -0.0893 -0.0831 -0.0808
S-490	<2mgr>हुन त मैले लेखेको सिजो भयो कि भएन मलाई थाहा भएन ।
T-490	आल्के च ङै रीक्च सिजो छान्हा की माछान्हा ङाके ठाहा माछान्हा ।
H-490	-0.05629255250096321	आल्के च ङै रीक्च सिजो छान्हा की माछान्हा ङाके ठाहा माछान्हा ।
D-490	-0.05629255250096321	आल्के च ङै रीक्च सिजो छान्हा की माछान्हा ङाके ठाहा माछान्हा ।
P-490	-0.0164 -0.0096 -0.1221 -0.0134 -0.1417 -0.0232 -0.0324 -0.0100 -0.0766 -0.0594 -0.0546 -0.0531 -0.0960 -0.0795
S-508	<2mgr>यो ठाउँमा आएर मलाई त दशैं नराम्रो लाग्यो ।
T-508	इसे ठाउँआङ राहार ङाके च दशैं मासेहेच लैडीसा ।
H-508	-0.13675934076309204	इसे ठाउँआङ राहार ङाके च दशैं मासेहेच लैडीसा ।
D-508	-0.13675934076309204	इसे ठाउँआङ राहार ङाके च दशैं मासेहेच लैडीसा ।
P-508	-0.0137 -0.0158 -0.6944 -0.0151 -0.2253 -0.0313 -0.0590 -0.0430 -0.5278 -0.0263 -0.0082 -0.0908 -0.0836 -0.0805
S-336	<2mgr>दाज्यु भनेको के हो भन्ने मैले त्यही बेलामा थाहा पाएँ ।
T-336	दाजी डेच ही आले डेच ङै होसे बेलाङ ठाहा ङाडीन्हाङ ।
H-336	-0.1596519649028778	दाजी डेच ही आले डेच ङै होस बेलाङ ठाहा डीन्हा ।
D-336	-0.1596519649028778	दाजी डेच ही आले डेच ङै होस बेलाङ ठाहा डीन्हा ।
P-336	-0.0334 -0.0126 -0.0226 -0.0179 -0.5947 -0.0597 -0.3898 -0.3013 -0.0795 -0.1445 -0.2534 -0.0878 -0.0781
S-263	<2mgr>तँपाई सकेसम्म चाँडो जान सक्नुहुन्छ ।
T-263	नाको हेक्टर चाँडो नुङ्के हेक्डनी ।
H-263	-0.6359162926673889	नाको य्होक्नाङसम्म चाँडो नुहुँके य्होक्ले ।
D-263	-0.6359162926673889	नाको य्होक्नाङसम्म चाँडो नुहुँके य्होक्ले ।
P-263	-0.3559 -0.2529 -0.0690 -0.1156 -1.4037 -0.5040 -2.8064 -0.0350 -1.4121 -0.3209 -0.7997 -0.1125 -0.0793
S-46	<2mgr>गुम्बाडाँडाको माइलाको कुरा सुनेर त हो ।
T-46	गुम्वबाडाँडाको माइलाओ कुरा सेयार च आले ।
H-46	-0.10943198949098587	गुम्बाडौ माइलाओ कुरा सेयार च आले ।
D-46	-0.10943198949098587	गुम्बाडौ माइलाओ कुरा सेयार च आले ।
P-46	-0.0169 -0.0126 -0.0281 -0.0084 -1.2863 -0.0061 -0.0636 -0.0087 -0.0291 -0.0123 -0.0534 -0.0093 -0.0291 -0.0125 -0.0935 -0.0808
S-169	<2mgr>मान्छेको अगाडि खुट्टा बटारेर नबास ।
T-169	भर्मीओ इलाकपटी मीहील छ्याक्म माङुन ।
H-169	-0.62430739402771	भर्मीओ अगाडी खुट्टा बन्डीयारबास ।
D-169	-0.62430739402771	भर्मीओ अगाडी खुट्टा बन्डीयारबास ।
P-169	-0.0049 -0.0401 -0.0069 -0.4479 -1.6650 -0.0348 -2.4623 -1.5833 -0.3929 -1.1644 -0.1722 -0.0603 -0.0809
S-312	<2mgr>डोल्मोले खुकुरी निकालेकी थिइ ।
T-312	डोल्मोय खुकुरी डोन्म लेया ।
H-312	-0.38133764266967773	डोल्मोय खुकुरी छ्युक्म लेया ।
D-312	-0.38133764266967773	डोल्मोय खुकुरी छ्युक्म लेया ।
P-312	-0.0106 -0.0688 -0.0595 -0.0020 -0.0245 -0.0244 -1.7899 -1.6077 -0.7953 -0.0314 -0.0852 -0.0768
S-95	<2mgr>आज खेतमा धानको बिउ राख्नु पर्छ ।
T-95	छिनीङ गर्हाङ छोयो डाके परिस्ले ।
H-95	-0.3699381649494171	छीनीङ गार्हाङ धानो गोराक डाके पर्ले ।
D-95	-0.3699381649494171	छीनीङ गार्हाङ धानो गोराक डाके पर्ले ।
P-95	-0.0192 -0.0120 -1.5042 -0.0953 -1.0317 -0.1215 -0.0101 -1.4718 -0.5086 -0.0361 -0.0360 -0.1631 -0.0883 -0.0813
S-57	<2mgr>त्यो बसमा म पछि कहिल्यै चढिन ।
T-57	होस बसाङ ङा न्हुनीङ सेनर माकाल्हा ।
H-57	-0.42547810077667236	होस बसाङ ङा न्हुन सेनर काल्ह्के ।
D-57	-0.42547810077667236	होस बसाङ ङा न्हुन सेनर काल्ह्के ।
P-57	-1.1510 -0.0316 -0.1070 -0.0202 -1.7821 -0.0143 -0.0289 -1.5887 -0.1183 -0.1007 -0.0856 -0.0773
S-193	<2mgr>उसलाई बिरामीसँग बस्न नदेओस् ।
T-193	होसके छाचकठा ङुके मायाहोस्।
H-193	-0.21404898166656494	होसके छाच कठा ङुके माडाङा ।
D-193	-0.21404898166656494	होसके छाच कठा ङुके माडाङा ।
P-193	-0.0656 -0.0125 -0.0068 -0.2077 -0.1422 -0.0065 -0.0953 -1.4423 -0.0846 -0.0770
S-78	<2mgr>कराएर हामीलाई पनि सुत्नै नदिने ।
T-78	च्यार कानके ड मीस्के न मायाहाके ।
H-78	-0.12794175744056702	च्याक्म कानके ड मीस्केन मायाहाके ।
D-78	-0.12794175744056702	च्याक्म कानके ड मीस्केन मायाहाके ।
P-78	-0.4279 -0.1294 -0.0161 -0.0541 -0.0327 -0.0040 -0.0350 -0.6540 -0.0521 -0.0025 -0.0918 -0.0837 -0.0801
S-338	<2mgr>न कुरा बोल्ने साथी छ न सँगै खेल्ने साथी ।
T-338	न कुरा ङाक्के लाफा ले न कठा गेस्के लाफा ।
H-338	-0.24608102440834045	न कुरा ङाक्के लाफा ले न कठा गेस्के लाफा ।
D-338	-0.24608102440834045	न कुरा ङाक्के लाफा ले न कठा गेस्के लाफा ।
P-338	-0.0371 -0.1620 -0.0093 -0.1492 -0.0717 -0.6335 -0.1204 -0.0979 -1.6799 -0.0192 -0.0421 -0.0923 -0.0843
S-26	<2mgr>कान्छीआमाले मारेरै छाड्थ्यो होला ।
T-26	कान्छीमोइय साट्मन डास्ला ओला ।
H-26	-0.639102041721344	कान्छीमोइय आर्जुम डासोला ओला ।
D-26	-0.639102041721344	कान्छीमोइय आर्जुम डासोला ओला ।
P-26	-0.0258 -0.0063 -0.0849 -4.1498 -1.0563 -0.0688 -1.9253 -0.0589 -0.0901 -0.0316 -0.0892 -0.0821
S-20	<2mgr>उता कोठामा सबै जुवा खेल्दै थिए ।
T-20	आलाक कोठाङ जम्मै जुवा गेस्मन लेया ।
H-20	-0.0328691340982914	होलाक कोठाङ जम्मै जुवा गेस्मन लेया ।
D-20	-0.0328691340982914	होलाक कोठाङ जम्मै जुवा गेस्मन लेया ।
P-20	-0.0107 -0.0053 -0.0142 -0.0636 -0.0053 -0.0205 -0.0075 -0.0773 -0.0322 -0.0103 -0.0110 -0.0907 -0.0787
S-321	<2mgr>झाँक्री सौताको मितबुबा चाँहि रहेछ ।
T-321	झाँक्री सौटौ मीटबोइ च लेसा ।
H-321	-0.1879776567220688	झाँक्री सौटौ मीटबोइ च लेसा ।
D-321	-0.1879776567220688	झाँक्री सौटौ मीटबोइ च लेसा ।
P-321	-0.0166 -0.0102 -1.1327 -0.0044 -0.0088 -0.0535 -0.7770 -0.0426 -0.0338 -0.0174 -0.0823 -0.0765
S-87	<2mgr>उसले भनेको कुरा छिट्टै नबुझ्ने ।
T-87	होच्य डेच कुरा छीट्टै माव्हारके ।
H-87	-0.31977584958076477	होचे डेच कुरा छीट्टै माव्हाके ।
D-87	-0.31977584958076477	होचे डेच कुरा छीट्टै माव्हाके ।
P-87	-0.8188 -0.0199 -0.0078 -0.0273 -0.8261 -0.0155 -0.2136 -0.0230 -0.0711 -1.6470 -0.0857 -0.0816
S-34	<2mgr>तिमीलाई छोडेर म कतै जान्न ।
T-34	नाकोके डास्म ङा कुलाक र मान्ले ।
H-34	-0.31010690331459045	नाङके डासार ङा कतै मानुहुँले ।
D-34	-0.31010690331459045	नाङके डासार ङा कतै मानुहुँले ।
P-34	-0.0398 -0.0344 -0.0259 -0.1917 -0.3318 -0.7802 -1.8271 -0.0307 -0.0006 -0.1986 -0.1852 -0.5209 -0.0942 -0.0805
S-528	<2mgr>छोरी दुईटी मेरै काखमा सुती ।
T-528	माझामीजा न्हीस ङौन मीकुहाङ मीसा ।
H-528	-0.6111020445823669	माझा मीजा न्हीस ङाल्लौ मीकुवाङ मीस्मन ।
D-528	-0.6111020445823669	माझा मीजा न्हीस ङाल्लौ मीकुवाङ मीस्मन ।
P-528	-0.2253 -0.8190 -0.2316 -1.2705 -1.5185 -0.4657 -0.0015 -0.6716 -0.0252 -0.0744 -1.7655 -0.7966 -0.0788
S-149	<2mgr>सबैलाई प्रशाद पुर्याऊ ।
T-149	जम्मैके प्रसाड ओलोक्नी ।
H-149	-0.7282010316848755	जम्मैके प्रसाड पुरै ल्होनी ।
D-149	-0.7282010316848755	जम्मैके प्रसाड पुरै ल्होनी ।
P-149	-0.0937 -0.0510 -0.0314 -0.0238 -0.0280 -0.4885 -3.7283 -3.7124 -0.2221 -0.1963 -0.0820 -0.0811
S-81	<2mgr>यसपछि मनमायाले केही बोल्न सकिनन् ।
T-81	होस्प्याक मनमायाय हीड ङाक्के माय्होका ।
H-81	-0.30707797408103943	छेल्हेस मनमायाय हीड ङाक्के माय्होका ।
D-81	-0.30707797408103943	छेल्हेस मनमायाय हीड ङाक्के माय्होका ।
P-81	-0.4950 -0.2581 -1.7641 -0.1059 -0.0270 -0.1771 -0.0419 -0.5147 -0.0132 -0.1271 -0.0816 -0.0793
S-77	<2mgr>खुसीले मेरो खुट्टा भूँइमा भएन ।
T-77	खुसीय ङौ मीहील झाङ माछान्हा ।
H-77	-0.4591239392757416	खुसीय ङौ मीहील भूँइआङ माछान्हा ।
D-77	-0.4591239392757416	खुसीय ङौ मीहील भूँइआङ माछान्हा ।
P-77	-0.0367 -0.0483 -0.0240 -0.3367 -0.2490 -1.2170 -1.8487 -0.7320 -0.0707 -0.1136 -1.5512 -0.0256 -0.0970 -0.0772
S-49	<2mgr>पोखिएको तरकारी उठाएर फ्याके ।
T-49	याट्च मेट सोटार ल्होहा ।
H-49	-0.5885477066040039	पोखाट्च मेट सोट्के फ्याक्डीसा ।
D-49	-0.5885477066040039	पोखाट्च मेट सोट्के फ्याक्डीसा ।
P-49	-0.0479 -0.0326 -2.7527 -0.1460 -0.0091 -0.0546 -0.2049 -1.4588 -0.3068 -0.0136 -0.5319 -2.4762 -0.1248 -0.0796
S-475	<2mgr>मानिसहरु बिउँजिए झैं देखियो ।
T-475	भर्मीको बीउँडीस्नाङ लख डाङा ।
H-475	-0.47078168392181396	भर्मीको रीहीना लख डाङा ।
D-475	-0.47078168392181396	भर्मीको रीहीना लख डाङा ।
P-475	-0.0043 -0.0764 -3.2887 -0.0656 -0.1448 -0.0155 -0.0914 -0.0795
S-330	<2mgr>उसको बाख्रागोठ पनि लेकमा छ ।
T-330	होच्यो र्हागोठ ड लेकाङ ले ।
H-330	-0.19639401137828827	होच्यो र्हागोठ ड लेकाङ ले ।
D-330	-0.19639401137828827	होच्यो र्हागोठ ड लेकाङ ले ।
P-330	-0.0230 -0.0151 -0.4499 -0.0044 -0.9694 -0.1400 -0.0721 -0.0301 -0.1797 -0.0803
S-202	<2mgr>भोक हरायो प्यास हरायो ।
T-202	रन्छीच म्हाटा सुहुन्च म्हाटा ।
H-202	-0.030894266441464424	रन्छिच माट्हा सुन्हच माट्हा ।
D-202	-0.030894266441464424	रन्छिच माट्हा सुन्हच माट्हा ।
P-202	-0.0090 -0.0330 -0.0336 -0.0089 -0.0102 -0.0247 -0.0218 -0.1010 -0.0232 -0.0128 -0.0029 -0.0031 -0.0062 -0.0080 -0.1181 -0.0779
S-67	<2mgr>केहि बेर अर्कै अर्कै कुरा गरेर बसेँ ।
T-67	हीड बेर आस्काट आस्काट कुरा जाट्मन ङुआ ।
H-67	-0.3178730607032776	हीड बेर अर्कै अर्कै कुरा जाटार ङुआ ।
D-67	-0.3178730607032776	हीड बेर अर्कै अर्कै कुरा जाटार ङुआ ।
P-67	-0.0557 -0.0305 -0.0708 -0.7894 -0.3286 -0.3428 -0.2945 -0.0873 -0.8348 -0.2036 -0.9103 -0.0986 -0.0852
S-186	<2mgr>एकै उमेरको साथी सानोदेखिको साथी ।
T-186	काटन उमेरो लाफा मार्ह्चव्हारीङओ लाफा ।
H-186	-0.41585633158683777	एकै उमेर लाफा मार्ह्चव्हारा लाफा ।
D-186	-0.41585633158683777	एकै उमेर लाफा मार्ह्चव्हारा लाफा ।
P-186	-0.9101 -0.0399 -0.6948 -0.0467 -0.3880 -0.2046 -0.7894 -0.6720 -1.1493 -0.3101 -0.0264 -0.0936 -0.0813
S-357	<2mgr>सौताको अनुहार फराकिलो भएको जस्तो लाग्यो ।
T-357	सौटौ मीटाहा फराकीलो छान्ह्च लख लैडीसा ।
H-357	-0.06308439373970032	सौटौ मीटाहा फराकीलो लख लैडीसा ।
D-357	-0.06308439373970032	सौटौ मीटाहा फराकीलो लख लैडीसा ।
P-357	-0.0260 -0.1438 -0.0096 -0.0196 -0.0346 -0.0322 -0.0298 -0.1584 -0.0658 -0.1140 -0.0145 -0.0903 -0.0814
S-369	<2mgr>अध्यक्ष हजुर आफ्नो आसानमा बस्नोस् ।
T-369	अध्यक्ष नाको मेनो आसानँङ ङुनी ।
H-369	-0.35719698667526245	अध्यक्ष ज्या मेनो आसानाङ ङुनी ।
D-369	-0.35719698667526245	अध्यक्ष ज्या मेनो आसानाङ ङुनी ।
P-369	-0.1270 -0.3073 -0.0308 -0.0590 -2.1626 -0.5120 -0.0809 -0.0356 -0.1118 -0.6836 -0.0962 -0.0795
S-9	<2mgr>छोरीजुवाइँहरू घाँस काट्दै छन् ।
T-9	माझा मीजाजुवाइँको घाँस चेमन ले ।
H-9	-0.1876188963651657	माझा मीजाजुवाइको घाँस चेमन ले ।
D-9	-0.1876188963651657	माझा मीजाजुवाइको घाँस चेमन ले ।
P-9	-0.5470 -0.0676 -0.0357 -0.1520 -0.2438 -0.6418 -0.0395 -0.2805 -0.0338 -0.0110 -0.3675 -0.0341 -0.0924 -0.0798
S-194	<2mgr>खोल्साखोल्सिमा अलैंची फल्ने ।
T-194	खोल्साखोल्सिआङ अलैंची स्योला ।
H-194	-0.49515458941459656	पाल्साखोल्सिआङ अलैंची स्याके ।
D-194	-0.49515458941459656	पाल्साखोल्सिआङ अलैंची स्याके ।
P-194	-0.0742 -0.4117 -1.7444 -1.3464 -1.5173 -0.7290 -0.0185 -0.0112 -0.2097 -0.0163 -0.5766 -0.1038 -0.0880 -0.0849
S-432	<2mgr>कहिले देखी ज्वारो आएको हो दाइ ?
T-432	सेन होडा छान ख्याहच आले डाजी ?
H-432	-0.4152822494506836	सेन डाङार ज्वो राहाच आले डाजी ?
D-432	-0.4152822494506836	सेन डाङार ज्वो राहाच आले डाजी ?
P-432	-0.0829 -0.1197 -2.7372 -0.1687 -0.1338 -0.5215 -0.1231 -0.0265 -1.2695 -0.0297 -0.0348 -0.0731 -0.0782
S-461	<2mgr>त्यही नामले साहित्यको क्षेत्रमा चिनिन्थ्यो ।
T-461	होस म्यारमीने साहित्यो क्षेत्राङ चीडीयोला ।
H-461	-0.3778393864631653	होस म्यारमीनो साहित्य क्षेत्राङ चीन्डीओला ।
D-461	-0.3778393864631653	होस म्यारमीनो साहित्य क्षेत्राङ चीन्डीओला ।
P-461	-0.9298 -0.1395 -0.3547 -0.0347 -1.2592 -0.0037 -0.0251 -0.1549 -1.1668 -0.2940 -0.0962 -0.0757
S-37	<2mgr>रक्सीको गन्ध भने हराइसकेको थियो ।
T-37	रकसीओ गन्ढ भर म्हाट्मभ्याच लेया ।
H-37	-0.46931028366088867	रक्सीओ गन्ध डेनाङ म्हाट्मभ्याम लेया ।
D-37	-0.46931028366088867	रक्सीओ गन्ध डेनाङ म्हाट्मभ्याम लेया ।
P-37	-0.0065 -0.1609 -0.1005 -0.0068 -0.5585 -0.1609 -1.7569 -3.0399 -0.0067 -0.1209 -0.0192 -0.0865 -0.0767
S-198	<2mgr>निमाले सीमालाई गीत गाउन लगायो ।
T-198	निमाय सीमाके ल्हीङ ल्हीङ्के लैडीया ।
H-198	-0.49985471367836	निमाय सीनाङके ल्हीङ ल्हीङ लैडीया ।
D-198	-0.49985471367836	निमाय सीनाङके ल्हीङ ल्हीङ लैडीया ।
P-198	-0.0017 -0.0083 -0.1168 -0.7283 -3.0247 -0.0546 -0.0052 -0.0280 -0.1952 -0.8071 -1.6684 -0.1924 -0.0886 -0.0785
S-205	<2mgr>मसँग समय समय आँखा जुधाएर कुरा गर्ने गर्थी ।
T-205	ङाकठा समय सयम मीमीक ठोहाक्म कुरा जाट्के जाट्ला ।
H-205	-0.3933297395706177	ङाकठा समय समय मीमीके जुधा कुरा जाट्के जाट्ला ।
D-205	-0.3933297395706177	ङाकठा समय समय मीमीके जुधा कुरा जाट्के जाट्ला ।
P-205	-0.0361 -0.3839 -0.0482 -0.7836 -0.3161 -1.1455 -0.1740 -0.9258 -0.3856 -0.0190 -1.1076 -0.0053 -0.0958 -0.0802
S-462	<2mgr>कति पटक पढे पनि पढौं पढौं लाग्ने ।
T-462	कुडीक पटक पढीसानाङ ड पढीसीङ पढीसीङ लैडीस्के ।
H-462	-0.4325065612792969	कुडीक पटक पढीस्नाङ ड पढीसा ।
D-462	-0.4325065612792969	कुडीक पटक पढीस्नाङ ड पढीसा ।
P-462	-0.5005 -0.0338 -0.0796 -1.4649 -0.2754 -0.0456 -0.0518 -1.3300 -0.4618 -0.0815
S-334	<2mgr>निमा सधैं बाख्रा चराउन जान्छ ।
T-334	निमा सनडसेन र्हा मार्हा नुहुँले ।
H-334	-0.3900102972984314	निमा सन र्हा स्यासाक्के नुङ्ले ।
D-334	-0.3900102972984314	निमा सन र्हा स्यासाक्के नुङ्ले ।
P-334	-0.0080 -0.0224 -0.3560 -0.4498 -1.6216 -0.0852 -0.9316 -0.1368 -0.5443 -0.3532 -0.0905 -0.0808
S-507	<2mgr>मामाहरू जुँगा मठार्दै छन् ।
T-507	मामाको जुँगा मर्ठाडीमन लेको ।
H-507	-0.653140664100647	मामाको जुँ सीमन ले ।
D-507	-0.653140664100647	मामाको जुँ सीमन ले ।
P-507	-0.7958 -0.0540 -0.0294 -1.4976 -1.9239 -1.3668 -0.0333 -0.0999 -0.0775
S-234	<2mgr>त्यस बेला मैले गणित विषयको शिक्षण अभ्यास गरेको थिएँ ।
T-234	होस बेला ङै गणित विषयो शिक्षण अभ्यास जाट्च ङालेयाङ ।
H-234	-0.22237953543663025	होस बेलाङ ङै गणित विषयौ शिक्षण अभ्यास जाट्च ङालेयाङ ।
D-234	-0.22237953543663025	होस बेलाङ ङै गणित विषयौ शिक्षण अभ्यास जाट्च ङालेयाङ ।
P-234	-0.0053 -1.7377 -0.3327 -0.3361 -0.0373 -0.0246 -0.0966 -0.0137 -0.0171 -0.0381 -1.2502 -0.0612 -0.0557 -0.0130 -0.0099 -0.0596 -0.0723 -0.1139 -0.0918 -0.0808
S-418	<2mgr>ठूलीमैयाको एक्कासी प्रस्तावले कान्छा हडबडायो ।
T-418	करङ्चमैयो एक्कासी प्रस्टावे कान्छा हडबडीसा ।
H-418	-0.423332154750824	करङ्चमैयाओ एक्कासी प्रस्तावे कान्छा हीटाब डासा ।
D-418	-0.423332154750824	करङ्चमैयाओ एक्कासी प्रस्तावे कान्छा हीटाब डासा ।
P-418	-0.0082 -0.0262 -0.1923 -0.0541 -0.0029 -0.0131 -0.0223 -0.0189 -0.1913 -0.0212 -0.1702 -0.0881 -0.2600 -4.6050 -0.6292 -0.0503 -1.1954 -0.7388 -0.0981 -0.0811
S-52	<2mgr>उसको छेउमा बसेर अरु मान्छेले नखाने , नपिउने रहेछ ।
T-52	होच्यो छेवाङ ङुम अरु भर्मीय माज्याके , मागाके लेसा ।
H-52	-0.17869998514652252	होच्यो छेवाङ ङुम अरु भर्मीय माज्याके , माज्याके लेसा ।
D-52	-0.17869998514652252	होच्यो छेवाङ ङुम अरु भर्मीय माज्याके , माज्याके लेसा ।
P-52	-0.0274 -0.0188 -0.0198 -0.1663 -0.0234 -0.0661 -0.0288 -0.0302 -0.0758 -0.2002 -0.0625 -0.0650 -1.7775 -0.4086 -0.0444 -0.0269 -0.0937 -0.0811
S-470	<2mgr>धेरै कुराकानी नगर्ने गरेको कुराकानी सुनेर बस्नुहुने ।
T-470	ढेर कुराकानी माजाट्के जाट्च कुराकानी सेम ङुआको ।
H-470	-0.15678392350673676	ढेर कुराकानी माजाट्के जाट्च कुराकानी सेम ङुके ।
D-470	-0.15678392350673676	ढेर कुराकानी माजाट्के जाट्च कुराकानी सेम ङुके ।
P-470	-0.3868 -0.0458 -0.0360 -0.0659 -1.1649 -0.0050 -0.0340 -0.0075 -0.0713 -0.0130 -0.0523 -0.0267 -0.3244 -0.0856 -0.1055 -0.0840
S-260	<2mgr>पेमा आफू चोर्छ , अरूलाई दोष लगाउँछ ।
T-260	पेमा मेने खुस्ले , अरुके दोष याहाले ।
H-260	-0.49857962131500244	पेमा मेल्ला चेले , अरूके डोष लैडीस्ले ।
D-260	-0.49857962131500244	पेमा मेल्ला चेले , अरूके डोष लैडीस्ले ।
P-260	-0.0136 -0.2589 -0.0748 -4.3461 -0.7815 -0.0808 -0.0534 -0.0114 -0.1632 -0.0669 -0.6056 -0.0329 -0.5677 -0.7568 -0.0820 -0.0815
S-279	<2mgr>साथै रोएपछि मलाई पनि रुन मन लाग्यो म पनि रोइदिएँ ।
T-279	कठा रापप्याक ङाके ड राप्के मीमन लैडीसा ङा ड रापा ।
H-279	-0.16949474811553955	साठै रोक्प्याक ङाके ड राप्के मीमन लैडीसा ङा ड रापा ।
D-279	-0.16949474811553955	साठै रोक्प्याक ङाके ड राप्के मीमन लैडीसा ङा ड रापा ।
P-279	-1.3021 -0.0582 -0.0952 -0.3434 -0.2948 -0.0135 -0.0307 -0.0273 -0.0098 -0.0187 -0.0282 -0.0615 -0.1296 -0.0235 -0.0532 -0.3916 -0.0927 -0.0770
S-390	<2mgr>एउटै शिक्षकले भ्याउँदो रहेछ सबै सब्जेक्ट ।
T-390	काटन शिक्षके भ्याट्के लेसा जम्मै सब्जेक्ट ।
H-390	-0.7697295546531677	काट न शिक्षकय भेट्के लेसा जम्मै जम्मै ही ।
D-390	-0.7697295546531677	काट न शिक्षकय भेट्के लेसा जम्मै जम्मै ही ।
P-390	-0.1691 -0.2215 -0.0887 -0.1530 -0.0881 -3.9158 -0.2370 -0.1759 -0.0159 -0.0137 -1.2270 -3.9377 -0.4408 -0.0922
S-39	<2mgr>बच्चालाई जाडोमै पुरै शरीर नुहाइदियो ।
T-39	जजाके ज्मनामाङ न पुरै ज्यान रेसाका।
H-39	-0.5553821325302124	मिजाके जुम्ह्चन पुरै ज्यान लैजास्मयाहा ।
D-39	-0.5553821325302124	मिजाके जुम्ह्चन पुरै ज्यान लैजास्मयाहा ।
P-39	-1.5608 -0.0152 -0.0473 -0.2557 -1.1155 -0.0279 -0.1974 -1.0785 -0.0688 -0.4302 -1.3735 -1.2324 -0.8899 -0.8942 -1.0585 -0.0679 -0.0651 -0.0965 -0.0769
S-121	<2mgr>दाज्युले पनि मैले जसरी नै छोटो छोटो कविता लेख्नु हुन्थ्यो ।
T-121	दाजीय ड ङै लख न टुन्ह्च टुन्ह्च कविता रीकोलाको ।
H-121	-0.15119066834449768	दाजीय ड ङै जसरी न टुन्ह्च टुन्ह्च कविता रीकोलाको ।
D-121	-0.15119066834449768	दाजीय ड ङै जसरी न टुन्ह्च टुन्ह्च कविता रीकोलाको ।
P-121	-0.0329 -0.0469 -0.0102 -0.2574 -0.6622 -0.0174 -0.0331 -0.0297 -0.0249 -0.0228 -0.0061 -0.0237 -0.0356 -0.2943 -0.0126 -0.0699 -1.1019 -0.1100 -0.0811
S-135	<2mgr>'छोड्नु हँदैन , जान सक्छ । ' एकजनाले भने ।
T-135	'डास्के माछान्ह्ले , नुहुँके परीस्ले । ' काट्जनै डेया ।
H-135	-0.4583120048046112	'डासो व्हाके माय्होक्ले , नुहुँके य्होक्ले । ' काटजनै डेया ।
D-135	-0.4583120048046112	'डासो व्हाके माय्होक्ले , नुहुँके य्होक्ले । ' काटजनै डेया ।
P-135	-0.0400 -0.7254 -0.2892 -3.4593 -1.6639 -0.0767 -0.0084 -0.0632 -1.2559 -0.2134 -0.0521 -0.0973 -0.0556 -0.0187 -0.2567 -0.1385 -0.1154 -0.0898 -0.0886
S-157	<2mgr>ती महिला काखमा लपक्क टाँसेकोले मलाई गर्मी भएको थियो ।
T-157	होस माझा मीकुवाङ लपक्क लाहाचय ङाके उम्म छान्ह्म लेया ।
H-157	-0.3320494294166565	होसे माझा मीकुवाङ लपक्क टाँसेओय ङाके गर्मी छान्ह्च लेया ।
D-157	-0.3320494294166565	होसे माझा मीकुवाङ लपक्क टाँसेओय ङाके गर्मी छान्ह्च लेया ।
P-157	-0.8648 -0.3428 -0.0243 -0.0145 -0.0449 -0.0342 -0.0076 -1.1929 -0.2515 -0.0536 -1.5301 -0.0452 -0.0256 -0.6474 -0.0259 -0.9547 -0.0238 -0.1488 -0.0763
S-204	<2mgr>होमवर्क सकेपछि आमाले मलाई खाजा खाना बोलाउनु भयो ।
T-204	होमवर्क डूमप्याक मोइय ङाके अर्नी ज्याके योटाको ।
H-204	-0.3470143973827362	तीनवर्क डूमप्याक मोइय ङाके खाजा ज्याके योटाको ।
D-204	-0.3470143973827362	तीनवर्क डूमप्याक मोइय ङाके खाजा ज्याके योटाको ।
P-204	-1.8873 -0.0939 -0.1217 -0.0758 -0.6672 -0.4388 -0.0067 -0.0284 -0.0454 -0.0403 -0.6856 -0.0110 -0.9443 -1.1619 -0.0175 -0.1564 -0.0339 -0.0967 -0.0805
S-379	<2mgr>कसैले बुझ्ने मन गरेन कस्को यो नराम्रो काम यो भनेर ।
T-379	सुयर व्हारके मीमन माजाटा सुओ इसे मासेहेच काम इसे डेयार ।
H-379	-0.4296371638774872	सुयर व्हाच मीमन माजाटा कस्थौ इसे मासेहेच काम इसे डेम ।
D-379	-0.4296371638774872	सुयर व्हाच मीमन माजाटा कस्थौ इसे मासेहेच काम इसे डेम ।
P-379	-0.0348 -0.9071 -0.0193 -0.3862 -0.3028 -0.2851 -1.2445 -0.1876 -0.0720 -2.2953 -0.3029 -0.0244 -0.0653 -0.0170 -0.0407 -0.8107 -0.9944 -0.0915 -0.0817
S-297	<2mgr>आमाहरुलाई के थाहा विद्यालय गएको बाटो बाटै फनक्क फर्केर आएका भनेर ।
T-297	मोइकोके ही ठाहा विद्यालय नुङ्च लामीङ न फनक्क ल्हेस्म राहाच डेम ।
H-297	-0.252155601978302	मोइकोके ही ठाहा नुहुँच लाम बै फनक्क ल्हेस्म राहाच डेम ।
D-297	-0.252155601978302	मोइकोके ही ठाहा नुहुँच लाम बै फनक्क ल्हेस्म राहाच डेम ।
P-297	-0.0268 -0.0571 -0.6790 -0.0730 -0.0695 -0.5261 -0.1503 -0.2317 -1.6146 -0.1018 -0.0675 -0.0196 -0.0888 -0.0178 -0.5905 -0.0546 -0.0867 -0.0834
S-520	<2mgr>मैले दाज्युको कुराकानी सुनिरहेँ , कान चनाखो पारेर ।
T-520	ङै दाजीओ कुराकानी सेमनङाङुआ , मेनकेप चनाखो जाट्म ।
H-520	-0.6093965172767639	ङै दाजीओ कुराकानी ङासेआङ , हामी मन्डीम पार्डीम ।
D-520	-0.6093965172767639	ङै दाजीओ कुराकानी ङासेआङ , हामी मन्डीम पार्डीम ।
P-520	-0.0244 -0.0197 -0.0261 -0.0229 -0.3275 -0.0160 -1.9357 -1.2076 -0.3410 -0.0621 -0.7395 -5.0084 -0.7912 -0.1215 -0.2394 -0.1443 -0.3768 -0.0919 -0.0824
S-473	<2mgr>रातोपुलको छेवैमा एकजना साथीलाई कुर्नुपर्ने भयो ।
T-473	ग्याचपुलो छेवाङ काटजना लाफाके वाङ्केपरीस्के छान्हा ।
H-473	-0.1523875892162323	ग्याचपुलो छेवाङ काटजना लाफाके कुर्परीस्के छान्हा ।
D-473	-0.1523875892162323	ग्याचपुलो छेवाङ काटजना लाफाके कुर्परीस्के छान्हा ।
P-473	-0.0143 -0.0285 -0.7623 -0.0234 -0.0120 -0.0366 -0.0075 -0.0090 -0.0401 -0.2743 -0.1045 -0.4516 -0.3531 -0.0924 -0.2015 -0.0981 -0.0813
S-56	<2mgr>कुरा बोल्न मात्र नसक्ने म जीउँदै मृत जीवन भयो ।
T-56	कुरा ङाक्के मात्रै माय्होक्च ङा जीवामन सीच जोवन छान्हा ।
H-56	-0.35695382952690125	कुरा ङाक्के मात्रै माय्होक्च ङा जीट्मन ङाृत जीवन छान्हा ।
D-56	-0.35695382952690125	कुरा ङाक्के मात्रै माय्होक्च ङा जीट्मन ङाृत जीवन छान्हा ।
P-56	-0.0183 -0.0019 -0.0252 -0.0244 -0.1591 -0.0966 -0.1601 -0.9271 -0.8026 -0.1105 -1.3264 -1.3289 -0.4082 -0.4721 -0.0373 -0.0870 -0.0825
S-104	<2mgr>खाना खान मानिसहरु हतार हतार गरिराखेको थिए ।
T-104	छो ज्याके भर्मीको हटार हटार जाट्मन लेया ।
H-104	-0.3104199767112732	छो ज्याके भर्मीको हटार हार्डीस्म जाट्मन लेया ।
D-104	-0.3104199767112732	छो ज्याके भर्मीको हटार हार्डीस्म जाट्मन लेया ।
P-104	-0.0169 -0.2213 -0.0080 -0.2050 -0.4626 -0.8339 -0.0600 -1.6512 -0.0690 -0.0234 -0.0943 -0.0794
S-183	<2mgr>अन्तरे झाँक्रीले मोरलीको धुन बजाउन थाले ।
T-183	अन्टरे झाँक्रीय मोरलीओ ढुन ङाकी पा ।
H-183	-0.030324727296829224	अन्टरे झाँक्रीय मोरलीओ ढुन ङाहाके ठाला ।
D-183	-0.030324727296829224	अन्टरे झाँक्रीय मोरलीओ ढुन ङाहाके ठाला ।
P-183	-0.0194 -0.0390 -0.0043 -0.0113 -0.0648 -0.0148 -0.0526 -0.0169 -0.0225 -0.0038 -0.0345 -0.0026 -0.0317 -0.0093 -0.0143 -0.0923 -0.0817
S-424	<2mgr>गाउँ डुल्यो पहिलाजस्तै रमाईलो गर्यो र फर्कियो ।
T-424	लाङ्घा डुल्डीसा पहीलालख मीमराङ्च जाटा अनी ल्हेसा ।
H-424	-0.475253701210022	लाङ्घाली डुसाहिला हुन्चन अनी दमाईलो जाटा र ल्हेसा ।
D-424	-0.475253701210022	लाङ्घाली डुसाहिला हुन्चन अनी दमाईलो जाटा र ल्हेसा ।
P-424	-0.3415 -0.6820 -0.1249 -1.1093 -1.3036 -0.0946 -2.1166 -0.0924 -0.1626 -0.2981 -1.0614 -0.0272 -0.0322 -0.0361 -0.8286 -0.4956 -0.0485 -0.0933 -0.0811
S-189	<2mgr>छोरो ढिपी गर्ने तिनी हुँदैन भन्ने क्रम लामै चल्यो ।
T-189	माझामीजा ढिपी जाट्के होसे माछान्ह्ले डेच क्रम लोट्चन केसा ।
H-189	-0.3501250743865967	माझामीजा ढीपी जाट्के होसे माछान्ह्ले डेम क्रम लामाङ न केसा ।
D-189	-0.3501250743865967	माझामीजा ढीपी जाट्के होसे माछान्ह्ले डेम क्रम लामाङ न केसा ।
P-189	-1.4050 -0.1619 -0.6581 -0.1444 -0.0653 -0.7991 -0.0259 -0.2997 -0.0893 -0.0186 -0.5672 -0.1541 -0.8688 -0.4509 -0.0749 -0.0888 -0.0800
S-438	<2mgr>यता पल्ट्यो उता पल्ट्यो , चलेर मात्र बसिरहेँ ।
T-438	इलाक ल्हेसा होलाक ल्हेसा , केस्म मात्रै ङुमङुआ ।
H-438	-0.3376626670360565	इलाक पल्टडी उलाक ल्हेसा , केस्म मात्रै ङाङुआङ ।
D-438	-0.3376626670360565	इलाक पल्टडी उलाक ल्हेसा , केस्म मात्रै ङाङुआङ ।
P-438	-0.0146 -0.0174 -0.8181 -0.2418 -0.7206 -0.6521 -0.0242 -0.2980 -0.0412 -0.0484 -1.0293 -1.0130 -0.0248 -1.0820 -0.0027 -0.0286 -0.1853 -0.0906 -0.0829
S-12	<2mgr>'तपाईंहरुले कसरी थाहा पाएको त ? ' फेरि उसले सोध्यो ।
T-12	'नाकोइ कुटरी ठाहा डीहीन्च च ? ' फेरी होच्य गीना ।
H-12	-0.13013453781604767	'नाकोइ कुटरी ठाहा डीन्ह्च च ? ' फेरी होच्य गीना ।
D-12	-0.13013453781604767	'नाकोइ कुटरी ठाहा डीन्ह्च च ? ' फेरी होच्य गीना ।
P-12	-0.0543 -0.0217 -0.0313 -0.0092 -0.0035 -0.0365 -0.0257 -0.0167 -0.0504 -1.3103 -0.0720 -0.0535 -0.0454 -0.0128 -0.1768 -0.2498 -0.0916 -0.0809
S-85	<2mgr>अँध्यरो बीच म एउटा बत्ति बलिरहन खोजे जस्तै ।
T-85	छुहुम्चौ बीचाङ ङा काट बट्टी ढामनङुके पानाङ लख ।
H-85	-0.4356798529624939	अँढ्य बीचाङ ङा काट बट्टी बलिरहन पाच लख ।
D-85	-0.4356798529624939	अँढ्य बीचाङ ङा काट बट्टी बलिरहन पाच लख ।
P-85	-0.0992 -1.1501 -0.1453 -1.9995 -0.7314 -0.8318 -0.1346 -0.0667 -0.0149 -0.2498 -0.2173 -0.6365 -0.0351 -0.3535 -0.1761 -0.0685 -0.8637 -0.0095 -0.8481 -0.0821
S-454	<2mgr>कहिले त मनमा लाग्छ मैले पनि यो लोकबाट अनुहार लुकाउँदै छु ।
T-454	कहीले च मीमनाङ लैडीस्ले ङै ड इसे लोकाङ मीटाहा आर्चीक्मन ले ।
H-454	-0.22160029411315918	सेन च मीमनाङ लैडीस्ले ङै ड इसे लोकटीङ मीटाहा आर्चीक्मन ले ।
D-454	-0.22160029411315918	सेन च मीमनाङ लैडीस्ले ङै ड इसे लोकटीङ मीटाहा आर्चीक्मन ले ।
P-454	-0.0477 -0.1217 -0.0364 -0.0047 -0.0625 -0.1799 -0.0428 -0.0362 -0.5503 -0.7794 -0.7131 -1.0233 -0.0755 -0.0186 -0.0540 -0.0253 -0.0162 -0.7085 -0.0104 -0.1968 -0.0937 -0.0783
S-493	<2mgr>'तिमीलाई केहि थाहा छैन बुहारी ? ' एकजनाले उसलाई सोध्यो ।
T-493	'नाङके हीड ठाहा माले बुहारी ? ' काटजनै होस्के गीना ।
H-493	-0.13684868812561035	'नाङके हीड ठाहा माले बुहारी ? ' काटजनाय होसके गीना ।
D-493	-0.13684868812561035	'नाङके हीड ठाहा माले बुहारी ? ' काटजनाय होसके गीना ।
P-493	-0.0445 -0.2506 -0.0353 -0.0263 -0.0416 -0.0112 -0.0074 -0.0497 -0.0611 -0.0187 -1.2837 -0.1381 -0.0426 -0.0113 -0.0874 -0.0803
S-387	<2mgr>प्राणी र मान्छेहरुमा न्यानोपन बढ्दै थियो ।
T-387	प्राणी अनी भर्कीकोआङ जाल्चपन बढीस्मन लेया ।
H-387	-0.4759956896305084	रुणी अनी भर्मीकोआङ न्यानोपन बढीस्मन लेया ।
D-387	-0.4759956896305084	रुणी अनी भर्मीकोआङ न्यानोपन बढीस्मन लेया ।
P-387	-3.8680 -1.0126 -0.3904 -0.0200 -0.0212 -0.3897 -0.0735 -0.0733 -1.1220 -0.0340 -0.0134 -0.3149 -0.0909 -0.0162 -0.0973 -0.0784
S-257	<2mgr>के गर्ने विचर टाढाबाट आउँदा आउँदै अबेर भयो होला ।
T-257	ही जाट्के वीचरा लोसीङ राहानाङ राहानङ अबेर छान्हा ओला ।
H-257	-0.33878886699676514	ही जाट्के विचर लोसीङ राहानाङ राहाड अबेर छान्हा ओला ।
D-257	-0.33878886699676514	ही जाट्के विचर लोसीङ राहानाङ राहाड अबेर छान्हा ओला ।
P-257	-0.8576 -0.1081 -0.4898 -0.0107 -0.0570 -0.0313 -0.4832 -0.0099 -0.0171 -0.2558 -0.5280 -2.1499 -0.0316 -0.4677 -0.4106 -0.0155 -0.0939 -0.0805
S-463	<2mgr>मैले दाज्यु अर्जुनलाई खुसी भएर धन्यवाद दिएँ ।
T-463	ङै दाजी अर्जुनके खुसी छान्हम धन्यवाद ङायाहाङ ।
H-463	-0.10326230525970459	ङै दाजी अर्जुनके खुसी छान्ह्म धन्यवाद ङायाहाङ ।
D-463	-0.10326230525970459	ङै दाजी अर्जुनके खुसी छान्ह्म धन्यवाद ङायाहाङ ।
P-463	-0.0223 -0.0181 -0.1969 -0.0485 -0.1143 -0.0412 -0.0357 -0.7508 -0.0112 -0.0144 -0.0533 -0.0496 -0.1968 -0.0148 -0.0197 -0.0852 -0.0826
S-372	<2mgr>हरिकलाको मनको खालमा यमलालको मार्रा हुँदै गयो ।
T-372	हरिकलाओ मीमनो खालाङ यमलालो मार्रा छान्ह्म नुहुँआ ।
H-372	-0.2721409797668457	हरिकलाओ मीमनो बनालाङ यमलाओ सरा छान्ह्मन नुहुँआ ।
D-372	-0.2721409797668457	हरिकलाओ मीमनो बनालाङ यमलाओ सरा छान्ह्मन नुहुँआ ।
P-372	-0.0208 -0.0505 -0.0235 -0.0060 -0.0577 -0.0449 -2.3440 -0.0446 -0.2649 -0.0326 -0.5588 -0.1318 -0.7512 -0.0526 -0.3585 -0.2295 -0.0050 -0.1143 -0.0796
S-325	<2mgr>भगवान कसम ! म अघिको कुरा बिर्सन्न ।
T-325	भगवान कसम ! ङा म्हेनीङो कुरा माम्याक्ले ।
H-325	-0.7554689645767212	भगवान कसम ! ङा म्हेनीङो कुरा म्हाक्के ।
D-325	-0.7554689645767212	भगवान कसम ! ङा म्हेनीङो कुरा म्हाक्के ।
P-325	-2.6678 -2.1444 -0.7370 -0.5892 -2.2809 -0.0385 -0.0296 -0.1684 -0.7351 -0.0109 -0.0826 -0.0396 -1.5547 -0.1519 -0.7747 -0.0822
S-75	<2mgr>'होइन आज हामी यति मात्र ? ' , पासाङले सोनामलाई सोध्यो ।
T-75	'माहाले छीनीङ कान इटार मात्रै ? ' , पासाङय सोनामके गीना ।
H-75	-0.11439184099435806	'माहाले छीनीङ कान इटार मात्रै ? ' , पासाङय सोनामके गीना ।
D-75	-0.11439184099435806	'माहाले छीनीङ कान इटार मात्रै ? ' , पासाङय सोनामके गीना ।
P-75	-0.0508 -0.0082 -0.0122 -0.0151 -0.0235 -0.2187 -0.7550 -0.0509 -0.0499 -0.0612 -0.1021 -0.2267 -0.1401 -0.0561 -0.1044 -0.0103 -0.0917 -0.0821
S-459	<2mgr>'हुन्छ हजुर ! यो चोटिलाइ माफ पाउँ । '
T-459	'छान्ह्ले ज्या ! इसे चोटीके माफ याहानी । '
H-459	-0.5005351305007935	'छान्ह्ले ज्यू ! इसे चोिलाइ डीन्ह्नी । '
D-459	-0.5005351305007935	'छान्ह्ले ज्यू ! इसे चोिलाइ डीन्ह्नी । '
P-459	-0.0379 -0.0085 -0.0404 -0.0700 -1.4718 -0.1018 -0.0409 -0.1313 -0.1184 -0.1143 -1.3429 -0.6151 -2.1798 -1.8703 -0.7454 -0.3444 -0.0914 -0.1006 -0.0847
S-421	<2mgr>लिम्बू संस्कृति अनुसार रीतभात गर्ने भयो ।
T-421	लिम्बु संस्कृति अनुसार रीटभाट जाट्के छान्हा ।
H-421	-0.6503621935844421	ताम्बू संस्कृति अनुसार रीटभाट जाट्के छान्हा ।
D-421	-0.6503621935844421	ताम्बू संस्कृति अनुसार रीटभाट जाट्के छान्हा ।
P-421	-2.8182 -0.0294 -0.4846 -0.1435 -0.1499 -2.6720 -0.1384 -0.1130 -0.0626 -0.0211 -2.9465 -0.7625 -0.3296 -0.4190 -0.4269 -0.0167 -0.0887 -0.0841
S-417	<2mgr>यो हिसाबले मेरो यो दुई पुस्तक मेरै साच्चा जीवन हो ।
T-417	इसे हिसाबे ङौ इसे न्हीस पुस्तक ङौन साच्चा जीवन आले ।
H-417	-0.6787077188491821	इसे हिबै ङौ इसे न्हीस ङौ मार्ह्च जजा आले ।
D-417	-0.6787077188491821	इसे हिबै ङौ इसे न्हीस ङौ मार्ह्च जजा आले ।
P-417	-0.0267 -0.6858 -0.8418 -2.0336 -0.0089 -0.0869 -0.0440 -2.9959 -1.0957 -0.0155 -1.5916 -0.0173 -0.5449 -0.1126 -0.0794
S-420	<2mgr>वहाँ जेठा मामाको गाउँमा निकै समयदेखि शिक्षक हुनुहुन्थ्यो ।
T-420	होसको जेठा मामाओ लाङ्घाङ नीकै समयलाकीङ शिक्षक लेया ।
H-420	-0.24236083030700684	वाट्च मीझार मामौ लाङ्घाङ निकै समयव्हारा शिक्षक लेयाको ।
D-420	-0.24236083030700684	वाट्च मीझार मामौ लाङ्घाङ निकै समयव्हारा शिक्षक लेयाको ।
P-420	-0.2964 -2.0797 -1.0516 -1.1523 -0.0226 -0.0201 -0.1492 -0.0033 -0.0041 -0.0158 -0.0051 -0.0104 -0.0271 -0.0114 -0.0041 -0.0113 -0.0360 -0.0105 -0.0037 -0.0958 -0.0789
S-259	<2mgr>यसपालि तिहारमा मनले चाहेको जस्तो पुग्न रहेछ ।
T-259	छेल्हेस तिहाराङ मीमने जाक्च लख ओल्के लेसा ।
H-259	-0.37422922253608704	छेल्हेस तिहारआङ मीमनय चाहेक्म लख ओल्ह्के लेसा ।
D-259	-0.37422922253608704	छेल्हेस तिहारआङ मीमनय चाहेक्म लख ओल्ह्के लेसा ।
P-259	-0.0224 -0.0101 -0.1431 -0.9422 -0.1213 -0.5628 -0.1917 -0.7928 -0.7962 -0.5631 -1.0536 -0.0080 -1.1542 -0.1456 -0.0094 -0.0540 -0.0851 -0.0804
S-118	<2mgr>दिनि बुरुक बुरुक उफ्री नै रह्यो ।
T-118	दिनि बुरुक बुरुक फोर्होजोम न लेया ।
H-118	-0.27125275135040283	दिनि बुरुक बुरुक फोर्जोहोरी न ङुआ ।
D-118	-0.27125275135040283	दिनि बुरुक बुरुक फोर्जोहोरी न ङुआ ।
P-118	-1.5959 -0.1533 -0.0298 -0.1309 -0.5344 -0.0250 -0.2730 -0.1378 -0.3922 -0.0781 -0.0693 -0.2551 -0.0261 -0.4723 -0.0834 -0.0834
S-138	<2mgr>लानि दिनि दुबैले उनीहरुको कुरा सुनेर बसिरहेकी थिइ ।
T-138	लानि दिनि न्हीसय होसकुङ कुरा सेयार ङुमन लेया ।
H-138	-0.04728024825453758	लानि दिनि न्हीसे होसकुङ कुरा सेम ङुमन लेया ।
D-138	-0.04728024825453758	लानि दिनि न्हीसे होसकुङ कुरा सेम ङुमन लेया ।
P-138	-0.0084 -0.0442 -0.0465 -0.0237 -0.0637 -0.0055 -0.0519 -0.0042 -0.0833 -0.0737 -0.0524 -0.0330 -0.0890 -0.0825
S-419	<2mgr>'हाम्रो बुबा कता हिड्नु भएको ? ' फेरि सोधिन् ।
T-419	'कानुङ बोइ कुलाक व्हाचको ? ' फेरी गीना ।
H-419	-0.09115035086870193	'कानुङ बोइ कुलाक व्हाको ? ' फेरी गीना ।
D-419	-0.09115035086870193	'कानुङ बोइ कुलाक व्हाको ? ' फेरी गीना ।
P-419	-0.0634 -0.0042 -0.3230 -0.0155 -0.0839 -0.0284 -0.0681 -0.0344 -0.0505 -0.0064 -0.3284 -0.1024 -0.0764
S-436	<2mgr>अहिले तिनी दिदी भिनाजुको शरणमा छिन्् ।
T-436	इनाङ होसे डै भिनाजो शरणआङ ले ।
H-436	-0.6050705313682556	इनाङ डै डै भीनाजुओ माझरण मानुहुँआ ।
D-436	-0.6050705313682556	इनाङ डै डै भीनाजुओ माझरण मानुहुँआ ।
P-436	-0.0485 -0.7497 -0.2005 -0.0425 -0.0066 -0.0205 -0.2534 -0.1687 -2.9646 -1.0748 -0.0705 -1.2053 -2.4508 -0.5910 -0.2614 -0.0962 -0.0812
S-178	<2mgr>सीता मगर र निता क्षेत्री पनि सँगै लाने रे ।
T-178	सीता मगर र निता क्षेत्री ड कठा नुहुँक्के टा ।
H-178	-0.3416515290737152	सीता मगर अनी सीता क्षेत्री ड कठा नुहुँके टा ।
D-178	-0.3416515290737152	सीता मगर अनी सीता क्षेत्री ड कठा नुहुँके टा ।
P-178	-0.0123 -0.0116 -0.0118 -0.0433 -3.2001 -0.0733 -0.6825 -0.3751 -0.0889 -0.0495 -0.0081 -0.3560 -0.0453 -0.0842 -0.0828
S-397	<2mgr>दाज्युको साथी पनि हाम्रो कविता सुन्न आत्तुर थियो ।
T-397	दाजीओ लाफा ड काकुङ कविता सेके आट्टुर लेया ।
H-397	-0.13063563406467438	दाजीओ लाफा ड कानुङ कविता सेके आट्टुर लेया ।
D-397	-0.13063563406467438	दाजीओ लाफा ड कानुङ कविता सेके आट्टुर लेया ।
P-397	-0.0287 -0.0731 -0.1852 -0.0391 -0.0221 -0.0278 -0.0047 -0.1815 -0.0671 -1.0193 -0.0691 -0.0479 -0.0195 -0.0937 -0.0807
S-447	<2mgr>मलाई सुको दाज्युका कविताहरुले मेरो औधी मन छोएको छ ।
T-447	ङाके सुको दाजीओ कविताकोय ङौ ढेर मीमन छुम ले ।
H-447	-0.20837587118148804	ङाके सुको दाजीओ कविताकोय ङौ ढेर मीमन ले ।
D-447	-0.20837587118148804	ङाके सुको दाजीओ कविताकोय ङौ ढेर मीमन ले ।
P-447	-0.1077 -0.0933 -0.0171 -0.0313 -0.0333 -0.4489 -0.3382 -0.0154 -0.0980 -0.0332 -1.3189 -0.0927 -0.0810
S-320	<2mgr>उनले मन मनै मुटुको मायालाई अङ्गालो हाली ।
T-320	होच्य मीमन मीमन न मीगीनो मायाके अङ्गालो का ।
H-320	-0.14789323508739471	होच्य मीमन न मीगीनो मायाके अङ्गालो काली ।
D-320	-0.14789323508739471	होच्य मीमन न मीगीनो मायाके अङ्गालो काली ।
P-320	-0.2948 -0.0268 -0.4315 -0.4556 -0.0240 -0.0077 -0.0642 -0.0843 -0.2893 -0.0978 -0.0149 -0.1269 -0.1443 -0.0756 -0.0806
S-224	<2mgr>त्यसैगरी पाताली रार्ई कोरियाबाट ।
T-224	होटजाट्म पाटली राई कोरियीङ ।
H-224	-0.8006072640419006	होटैगरी पाल्टा राई सुरियाईङ ।
D-224	-0.8006072640419006	होटैगरी पाल्टा राई सुरियाईङ ।
P-224	-0.2102 -2.4744 -0.5799 -0.0320 -0.2240 -2.6889 -1.5646 -0.3881 -0.5778 -1.9681 -0.2912 -0.0424 -1.5681 -0.0314 -0.0879 -0.0808
S-176	<2mgr>त्यही आन्दोलनले जीवनलाई सँगै लाना खोज्यो ।
T-176	होसे आन्दोलने जीवनके कठा नुन्के पा ।
H-176	-0.02742767706513405	होसे आन्दोलने जीवनके कठा नुहुँके पा ।
D-176	-0.02742767706513405	होसे आन्दोलने जीवनके कठा नुहुँके पा ।
P-176	-0.0084 -0.0100 -0.0091 -0.0126 -0.0378 -0.0098 -0.0183 -0.0305 -0.0097 -0.0320 -0.0168 -0.0816 -0.0799
S-10	<2mgr>दाज्यु यो कार्यक्रम लामो समय पहिलेदेखि शुरु गरेको हो ।
T-10	दाजी इसे कार्यक्रम लोट्च समय पहीलीङ सुरु जाट्च आले ।
H-10	-0.17332085967063904	दाजी इसे कार्यक्रम लोट्च समय पहीलाव्हारा सुरु जाट्च आले ।
D-10	-0.17332085967063904	दाजी इसे कार्यक्रम लोट्च समय पहीलाव्हारा सुरु जाट्च आले ।
P-10	-0.0283 -0.0217 -0.2964 -0.1865 -0.3534 -0.0232 -0.1804 -0.8909 -0.0088 -0.0043 -0.0575 -0.3400 -0.0343 -0.0947 -0.0795
S-1	<2mgr>'बोटो बीचबाट किन फर्कनु । ' ससुराले भन्नु भयो ।
T-1	'लाम बीचीङ हीके ल्हेस्के । ' ससुराय डेयाको ।
H-1	-0.372401624917984	'ङाक्टो बीचीङ हीके ल्हेसा । ' ससुराय डेयाको ।
D-1	-0.372401624917984	'ङाक्टो बीचीङ हीके ल्हेसा । ' ससुराय डेयाको ।
P-1	-0.0436 -0.3746 -1.4669 -1.6426 -0.0945 -0.0248 -0.0730 -0.0119 -1.4809 -0.2576 -0.2093 -0.0203 -0.0651 -0.0225 -0.0898 -0.0810
S-383	<2mgr>मेरो कविताको एउटा राम्रो पाठक थिई मेरा ती विद्यार्थी ।
T-383	ङौ कवितो काट सेहेच पाठक लेया ङौ होस विद्यार्थी ।
H-383	-0.11449285596609116	ङौ कविताओ काट सेहेच पाठक लेया ङौ होस विद्यार्थी ।
D-383	-0.11449285596609116	ङौ कविताओ काट सेहेच पाठक लेया ङौ होस विद्यार्थी ।
P-383	-0.0206 -0.0320 -0.0895 -0.0248 -0.1236 -0.0107 -0.0137 -0.1065 -0.0187 -0.9721 -0.0131 -0.0050 -0.0926 -0.0799
S-278	<2mgr>भाँडाहरु बजाउँदा बजाउँदै खाना पाकाउने गरी ।
T-278	भाँडाको ङाह्म ङाह्मन छो ठोहोके जाटा ।
H-278	-0.835213840007782	भाँडाको ङाह्मन ङाह्मन छो ठोहोके जाट्म ।
D-278	-0.835213840007782	भाँडाको ङाह्मन ङाह्मन छो ठोहोके जाट्म ।
P-278	-0.0245 -0.2054 -2.0460 -3.8309 -0.1652 -0.9925 -1.1023 -0.1778 -0.2456 -2.2442 -0.0658 -0.0462 -1.2033 -0.0955 -0.0831
S-253	<2mgr>मलाई ठेस लगाएर हिँड्छे ती मेरा विद्यार्थी ।
T-253	ङाके ठेस लैडीम व्हाले होस ङौ विद्यार्थी ।
H-253	-0.04619225114583969	ङाकी ठेस लैडीयार व्हाले होसको ङौ विद्यार्थी ।
D-253	-0.04619225114583969	ङाकी ठेस लैडीयार व्हाले होसको ङौ विद्यार्थी ।
P-253	-0.2256 -0.0070 -0.0029 -0.0367 -0.0309 -0.0308 -0.0051 -0.0110 -0.0138 -0.0097 -0.1277 -0.0105 -0.0106 -0.0908 -0.0798
S-277	<2mgr>यही दुःखले गर्दा मैले यो भन्दा तीन वर्ष पहिलेको कुरा सम्झेँ ।
T-277	इसे डुखाय जाट्नाङ ङै इसे डेनाङ सोम ल्हेस पहीलाओ कुरा आर्मीटा ।
H-277	-0.33260801434516907	इलाङ डुखाय जाट्नाङ ङै इसे डेनाङ सोम ल्हेसो कुरा आर्मीटा ।
D-277	-0.33260801434516907	इलाङ डुखाय जाट्नाङ ङै इसे डेनाङ सोम ल्हेसो कुरा आर्मीटा ।
P-277	-2.4823 -0.0489 -1.1049 -0.1270 -0.0648 -0.0523 -0.2155 -0.0167 -0.0308 -0.1117 -0.0334 -0.1977 -0.0896 -0.0810
S-295	<2mgr>सँगै साहित्यको क्षेत्रमा छलफल गर्थ्यौँ ।
T-295	कठान साहित्यो क्षेत्राङ छलफल जाटोला ।
H-295	-0.17192789912223816	कठाो साहित्य क्षेत्राङ छलफल जाटोला ।
D-295	-0.17192789912223816	कठाो साहित्य क्षेत्राङ छलफल जाटोला ।
P-295	-0.0535 -0.1676 -0.4059 -0.2875 -0.0034 -0.0372 -0.1660 -0.1101 -0.0073 -0.0974 -0.5413 -0.3540 -0.0949 -0.0810
S-296	<2mgr>साइलीको प्रस्तावले कान्छा हडबडायो ।
T-296	साइलीओ प्रस्तावे कानछा अट्टडीसा ।
H-296	-0.4505748152732849	साइलीओ प्रस्तावे कान्छा हेटबडासा ।
D-296	-0.4505748152732849	साइलीओ प्रस्तावे कान्छा हेटबडासा ।
P-296	-0.4661 -0.0168 -0.0262 -0.1858 -0.0255 -0.0107 -0.3160 -0.0134 -0.1811 -0.1627 -1.1800 -3.3026 -0.0527 -0.3971 -1.1437 -0.0979 -0.0816
S-303	<2mgr>कोहि जाँड छान्दै थिए , कोहि भाँडा धुँदै थिए ।
T-303	सु हान छान्डीमन लेया , सु भाँडा हुर्मन लेया ।
H-303	-0.5351681113243103	सु हान नुहुँम लेया , सु भाँडा ढुँमन लेया ।
D-303	-0.5351681113243103	सु हान नुहुँम लेया , सु भाँडा ढुँमन लेया ।
P-303	-0.0477 -0.0295 -0.1716 -4.0957 -0.0393 -0.0351 -0.0647 -0.4079 -0.3775 -0.2941 -0.3081 -1.9511 -0.0281 -0.0985 -0.0786
S-422	<2mgr>सुको दाज्युले मलाई सधैं कविता लेख्न जोड दिनुहुन्थ्यो ।
T-422	सुको दाजीय ङाके सेनडसेन कविता रीक्के जोड याहालाको ।
H-422	-0.04757045581936836	सुको दाजीय ङाके सेनडसेन कविता रीक्के जोड याहाओला ।
D-422	-0.04757045581936836	सुको दाजीय ङाके सेनडसेन कविता रीक्के जोड याहाओला ।
P-422	-0.0409 -0.0307 -0.0359 -0.1208 -0.0054 -0.0068 -0.0435 -0.0257 -0.0160 -0.0410 -0.0094 -0.0287 -0.0829 -0.0947 -0.1002 -0.0786
S-452	<2mgr>वन्दना सिस्टरले त्यसो भनिरहँदा मलाई खुसी लाग्यो ।
T-452	वन्दना सिस्टरे होट डेनमलेच ङाके खुसी लैडीसा ।
H-452	-0.20347917079925537	वन्दना सिस्टरे होट डेमङुनाङ ङाके खुसी लैडीसा ।
D-452	-0.20347917079925537	वन्दना सिस्टरे होट डेमङुनाङ ङाके खुसी लैडीसा ।
P-452	-0.3740 -0.1756 -0.0490 -0.0093 -0.0655 -0.0078 -0.0758 -0.6518 -1.1954 -0.2174 -0.0258 -0.0200 -0.0144 -0.0872 -0.0832
S-150	<2mgr>पाल्साङले स्टेजमा गएर यो गीत गायो ।
T-150	पाल्साङय स्टेजाङ नुहुँआर इसे ल्हीङ ल्हीङा ।
H-150	-0.18543650209903717	पाल्साङय स्टेजाङ नुहुँआर इसे ल्हीङ ।
D-150	-0.18543650209903717	पाल्साङय स्टेजाङ नुहुँआर इसे ल्हीङ ।
P-150	-0.0078 -0.0259 -0.0085 -0.6825 -0.0194 -1.2378 -0.0755 -0.0274 -0.0553 -0.0213 -0.0447 -0.0183 -0.0139 -0.4624 -0.0808
S-213	<2mgr>पर्वते कुरा नबुझे पनि उ र म मिल्ने साथी ।
T-213	पर्वते कुरा माव्हारनाङ ड होस अनी ङा खाट्च लाफा ।
H-213	-0.47181910276412964	वते कुरा माव्हारनाङ ड होसे अनी ङा खाट्च लाफा ।
D-213	-0.47181910276412964	वते कुरा माव्हारनाङ ड होसे अनी ङा खाट्च लाफा ।
P-213	-0.4784 -0.4409 -0.0451 -0.0869 -0.1342 -1.5773 -0.4124 -0.0636 -1.0024 -2.7011 -0.1344 -0.5490 -0.0246 -0.1666 -0.0252 -0.0970 -0.0818
S-373	<2mgr>'हुन दिनुहोस् बुबा , हुने भैहाल्यो' मैले भने ।
T-373	'छान्ह्के याहानी बोइ , छान्ह्च छान्हमभ्या' ङै डेया ।
H-373	-0.5478529334068298	'आल्के याहानी बोइ , छान्ह्के भ्या । ' ङै डेया ।
D-373	-0.5478529334068298	'आल्के याहानी बोइ , छान्ह्के भ्या । ' ङै डेया ।
P-373	-0.0493 -0.0993 -0.0309 -0.5925 -0.0015 -0.0328 -0.0590 -1.5976 -1.9542 -0.5500 -3.4333 -0.1767 -0.0118 -0.0076 -0.0863 -0.0830
S-254	<2mgr>कसैले तीन लाख कसैले चार लाख बोकेर गएको रे ।
T-254	सुय सोम चूलीवाङ सुय बुली चुलीवाङ बुम नुहुँन्च टा ।
H-254	-0.4987466335296631	सुय सोम मीकरा सुयर बूली बुम नुङ्च टा ।
D-254	-0.4987466335296631	सुय सोम मीकरा सुयर बूली बुम नुङ्च टा ।
P-254	-0.0374 -0.0731 -0.9772 -1.4586 -1.7828 -0.2734 -0.1398 -0.5935 -1.2214 -0.3045 -0.0683 -0.0600 -1.2707 -0.0150 -0.0432 -0.0831 -0.0766
S-29	<2mgr>चरीको कमाइ रुखको अैंजेरु फल
T-29	वनग्वो कमाइ वुटाङ अैंजेरु मीस्या ।
H-29	-1.1569619178771973	चारौ कमाइ रुखौ अैंजुल फोर्जोम
D-29	-1.1569619178771973	चारौ कमाइ रुखौ अैंजुल फोर्जोम
P-29	-3.5499 -1.3707 -0.1737 -0.4559 -0.0484 -2.6868 -0.0135 -0.0820 -0.1655 -3.1558 -0.0641 -0.7742 -2.7135 -0.3346 -3.6958 -0.2404 -0.8596 -0.4411
S-282	<2mgr>मसँग दस लाख पैसा भएको भए म हिरो हुने थिएँ ।
T-282	ङाकठा चूलीवाङ पैसा ल्याहा आओला ङा हीरो छान्ह्के नालेयाङ् ।
H-282	-0.5355966091156006	ङाकठा चूकस पैसा छान्ह्च लेनाङ ङा हिरो छान्ह्च ङालेयाङ ।
D-282	-0.5355966091156006	ङाकठा चूकस पैसा छान्ह्च लेनाङ ङा हिरो छान्ह्च ङालेयाङ ।
P-282	-0.0076 -0.1947 -1.9138 -0.0055 -0.9580 -1.6163 -0.0269 -0.8772 -1.0898 -0.0555 -0.3608 -0.0324 -0.5746 -0.6874 -0.0896 -0.0794
S-491	<2mgr>सरनार्थीहरुलाई संयुक्त राष्ट्रसंघले व्यवस्थापन गर्यो ।
T-491	सरनार्थीकोके संयुक्त राष्ट्रसंघय व्यवस्थापन जाटा ।
H-491	-0.04530010744929314	सरनार्थीकोके संयुक्त राष्टसंघे व्यवस्थापन जाटा ।
D-491	-0.04530010744929314	सरनार्थीकोके संयुक्त राष्टसंघे व्यवस्थापन जाटा ।
P-491	-0.0154 -0.0040 -0.0223 -0.0273 -0.0296 -0.0235 -0.0125 -0.0192 -0.0229 -0.0090 -0.0736 -0.4594 -0.0087 -0.0100 -0.0116 -0.0150 -0.0221 -0.0237 -0.0022 -0.0142 -0.0602 -0.0468 -0.0107 -0.1076 -0.0810
S-350	<2mgr>उनीहरु भित्र पसे भने घरको देवता रिसाउँछ रे त्यस्तै मात्र भन्नुहुन्थ्यो आमाले ।
T-350	होसको भीट्री पैडीसा डेनाङ इमो देवटा मीरीस जाट्ले टा हुन्च मात्रै डेओला मोइय ।
H-350	-0.2591531276702881	होसको भीट्री पैडीस्च डेनाङ इमो देवटा रीक्लेसा टा हुन्चन मात्रै डेच मोइय ।
D-350	-0.2591531276702881	होसको भीट्री पैडीस्च डेनाङ इमो देवटा रीक्लेसा टा हुन्चन मात्रै डेच मोइय ।
P-350	-0.0566 -0.2101 -0.0094 -0.0403 -0.0733 -0.1183 -0.0320 -0.1439 -0.9018 -0.0292 -0.3683 -0.3102 -0.9706 -0.1491 -0.1179 -0.8875 -0.2824 -0.0664 -0.0208 -0.9952 -0.0074 -0.0488 -0.2995 -0.0809
S-331	<2mgr>'हराएर गएको साहित्यलाई फूलाउनु बढाउनु पर्छ' , माइलाले सबैको माझमा भन्यो ।
T-331	'माट्म नुङच साहित्यके वाटाक्के कराक्के पर्ले' ,माइलाय जम्मै माझाङ डेया ।
H-331	-0.5716779828071594	'हरासार नुङ्च साहित्यके नीनीओ बढ्डीस्के पर्ले' , माइलाय जम्मैओ माझाङ डेया ।
D-331	-0.5716779828071594	'हरासार नुङ्च साहित्यके नीनीओ बढ्डीस्के पर्ले' , माइलाय जम्मैओ माझाङ डेया ।
P-331	-0.0497 -2.1352 -0.1514 -0.5817 -0.3169 -0.0198 -0.1290 -0.0593 -0.2732 -0.2383 -2.1258 -2.3400 -1.1951 -0.7359 -0.0427 -1.4868 -0.0547 -0.0523 -0.0694 -0.0062 -0.0565 -0.0640 -0.0444 -1.3027 -2.3426 -0.5270 -0.0053 -0.0913 -0.0814
S-300	<2mgr>त्यहाँको बिरामी हेरिसकेपछि अन्तकतै नगई यही आउनुपर्छ है ।
T-300	होलाङो छाच ङोस्भ्याप्याक अरुकलाकड मानुहुँम होलाङ राहाकेपर्ले है ।
H-300	-0.45472633838653564	होलाङो छाच ङोस्मभ्याप्याक अन्टकै माजाट्म इसे राहाकेपरीस है ।
D-300	-0.45472633838653564	होलाङो छाच ङोस्मभ्याप्याक अन्टकै माजाट्म इसे राहाकेपरीस है ।
P-300	-0.0301 -0.0260 -0.0029 -0.0466 -0.0136 -0.4773 -0.0426 -0.2314 -0.0202 -0.0199 -1.0728 -1.2902 -0.6441 -1.1876 -0.1024 -1.8187 -1.1071 -0.1031 -0.4514 -0.0433 -1.6733 -0.3386 -0.0926 -0.0775
S-264	<2mgr>'ए . . . हो , हुन्छ नि जागिर खान त' आमाले फुरुङ्ग हुँदै भन्नु भयो ।
T-264	'ए . . . आले , छान्ह्ले नी जागीर ज्याके च' मोइय फुरुङ्ग छान्ह्म डेयाको ।
H-264	-0.10109787434339523	'ए . . . आले , छान्ह्ले नी जागीर ज्याके च' मोइय फुरुङ्ग छान्ह्मन डेयाको ।
D-264	-0.10109787434339523	'ए . . . आले , छान्ह्ले नी जागीर ज्याके च' मोइय फुरुङ्ग छान्ह्मन डेयाको ।
P-264	-0.0440 -0.0371 -0.0559 -0.0688 -0.0639 -0.0588 -0.0797 -0.0249 -0.0640 -0.2567 -0.0988 -0.0663 -0.6452 -0.0798 -0.2126 -0.0115 -0.0374 -0.0250 -0.0437 -0.1019 -0.0754 -0.0891 -0.1147 -0.0954 -0.0768
S-144	<2mgr>ठमेलपुग्दा घण्टाघरले रातको एकबजेको घन्टी ठोक्दै थियो ।
T-144	ठमेलटाहानाङ घण्टाघरे नामबीको घन्टी ङाप्मन लेया ।
H-144	-0.5852953195571899	बाटापुल टाहानाङ घण्टाइमो काटबोइओ काट घन्टी ठोहोमन लेया ।
D-144	-0.5852953195571899	बाटापुल टाहानाङ घण्टाइमो काटबोइओ काट घन्टी ठोहोमन लेया ।
P-144	-0.1936 -4.7166 -0.3957 -0.4656 -0.4544 -0.0080 -0.0072 -0.0251 -0.0177 -0.5881 -0.7773 -0.0931 -0.1844 -2.3351 -0.7338 -1.1656 -0.7537 -0.5492 -0.3178 -0.0587 -0.3967 -0.1988 -0.0228 -0.0980 -0.0752
S-467	<2mgr>ओछ्यानमा ओल्टाइ पल्टाइ चल्दा चल्दै बिहानको कुखुरा बास्यो ।
T-467	ओछ्यानाङ ओल्टाइ पल्टाइ केस्नाङ केस्नाङ गोराको ग्वा राटा ।
H-467	-0.024462653324007988	ओछ्यानाङ ओल्टाइ पल्टाइ केस्नाङ केस्नाङ गोराको ग्वा राटा ।
D-467	-0.024462653324007988	ओछ्यानाङ ओल्टाइ पल्टाइ केस्नाङ केस्नाङ गोराको ग्वा राटा ।
P-467	-0.0136 -0.0036 -0.0074 -0.0265 -0.0144 -0.0082 -0.0321 -0.0303 -0.0143 -0.0150 -0.0020 -0.0091 -0.0175 -0.0150 -0.0155 -0.0787 -0.0110 -0.0315 -0.0016 -0.0894 -0.0770
S-99	<2mgr>रुखमा सुतिराखेको ढेँडुबाँदर झल्यास्स बिउँझियो ।
T-99	मीमाङ मीस्मनलेच ढेंडुबाँडर झल्यास्स रीहीना ।
H-99	-0.29493770003318787	वुटाङ मीस्मनलेच ढेँडुबाँडर झल्यास्स रीहीना ।
D-99	-0.29493770003318787	वुटाङ मीस्मनलेच ढेँडुबाँडर झल्यास्स रीहीना ।
P-99	-1.0176 -0.1845 -0.5073 -0.0303 -0.1777 -0.0811 -0.3461 -0.8365 -0.0124 -0.0325 -0.4091 -0.2084 -0.0387 -0.1120 -0.0160 -1.1371 -0.0190 -0.4076 -0.4445 -0.0975 -0.0776
S-225	<2mgr>अलिपर स्कूलमा भने भखरै कलिलो घामले रातो अनुहार देखाउँदै थियो ।
T-225	अलीपार्लाक स्कुलाङ भर भखरै कलिलो नामखने ग्याच मीटाहा टनाक्मन लेया ।
H-225	-0.3114210069179535	अलीपार्लाक स्कूलाङ डेनाङ भखरै कलिलो नामखनय ग्याच मीटाहा टनाक्मन लेया ।
D-225	-0.3114210069179535	अलीपार्लाक स्कूलाङ डेनाङ भखरै कलिलो नामखनय ग्याच मीटाहा टनाक्मन लेया ।
P-225	-0.1414 -0.0349 -2.4877 -0.0908 -0.1644 -0.8844 -0.2854 -0.0807 -0.4344 -0.0655 -0.0802 -0.0641 -0.0192 -0.5721 -0.0383 -0.5712 -0.0838 -0.9489 -1.1189 -0.0291 -0.0704 -0.0415 -0.0002 -0.0159 -0.2513 -0.2592 -0.0270 -0.0968 -0.0736
S-270	<2mgr>'हो आमालाई अस्पताल लग्यो भने निको हुन्छ , लैजाउँ बुबा । ' दिनिले भनि ।
T-270	'आले मोइके अस्पटाल नुहुँना डेनाङ गेप्ले , नुहुँनीङ मोइ । ' दिनिय डेया ।
H-270	-0.17406748235225677	'आले मोइके अस्पटाल नुहुँना डेनाङ गेप्ले , नुहुँनीङ बोइ । ' दिनी ।
D-270	-0.17406748235225677	'आले मोइके अस्पटाल नुहुँना डेनाङ गेप्ले , नुहुँनीङ बोइ । ' दिनी ।
P-270	-0.0435 -0.0718 -0.3557 -0.0348 -0.0545 -0.0043 -1.2499 -0.0338 -0.0021 -0.2552 -0.0028 -0.2358 -0.0439 -0.0626 -0.0718 -0.0949 -0.0208 -0.0035 -0.1101 -0.0559 -0.6656 -0.0083 -0.6123 -0.0837
S-299	<2mgr>ठूलीमैया चाहिँ छेउ पर्न खोज्दैछे , केटाकेटीहरुको आँखा छलेर ।
T-299	करङ्चमैया च छेव परीस्के पामनले , जजाकुङो मीमी छल्डीम ।
H-299	-0.45046451687812805	करङ्चमैया चै छेउ परीस्के पामन लेया , जजाकुङ मीमीक छल्डीम ।
D-299	-0.45046451687812805	करङ्चमैया चै छेउ परीस्के पामन लेया , जजाकुङ मीमीक छल्डीम ।
P-299	-0.0160 -0.0211 -0.0034 -0.2250 -1.0250 -0.9416 -0.3669 -0.1584 -0.0224 -0.0477 -3.1869 -0.0748 -0.5475 -0.0099 -0.2367 -0.4882 -0.4401 -0.7832 -0.6045 -0.1841 -0.0762
S-275	<2mgr>बत्तीको तेल सकेर कतिखेर निभ्यो , कुनै सुइको पाएन ।
T-275	बट्टीओ सीडी डूम्म कुडीकबेला सीया , हीड सुइको माडीन्हा ।
H-275	-0.5241057872772217	बट्टो टेल डूमार कुडीकख्डीया , कुरा सेके डीन्हा ।
D-275	-0.5241057872772217	बट्टो टेल डूमार कुडीकख्डीया , कुरा सेके डीन्हा ।
P-275	-0.3288 -0.9281 -0.6881 -0.7021 -0.0062 -0.0168 -0.2639 -0.0739 -0.0057 -0.1735 -0.5568 -1.7021 -0.2369 -0.6349 -0.1223 -2.2505 -1.6871 -0.0892 -0.8673 -0.0306 -0.0878 -0.0774
S-284	<2mgr>कविता मार्फत् नै आफ्नो मनको दुःख पिडा शब्द शब्दमा उन्दै आएको थिएँ ।
T-284	कविता मार्फट् न मेनो मीमनो डुखा पिडा शब्द शब्दाङ जाहाम राहाच ङालेयाङ ।
H-284	-0.42831024527549744	कविता साट्नाङ न मेनो मीमनो डुखा पीडा शब्दाङ सोक्मन राहाच ङालेयाङ ।
D-284	-0.42831024527549744	कविता साट्नाङ न मेनो मीमनो डुखा पीडा शब्दाङ सोक्मन राहाच ङालेयाङ ।
P-284	-0.0301 -0.5632 -1.5202 -1.6713 -0.0478 -0.0550 -0.0482 -0.0114 -0.0343 -0.9379 -0.2406 -0.0124 -0.0169 -0.2700 -1.6597 -0.8967 -0.0071 -0.1488 -0.6529 -0.0914 -0.0786
S-304	<2mgr>ति दुबै जनाको कुरा नसुने झैं गरेर बस्यो चन्द्र सूर्यको बुबा ।
T-304	इस न्हीस जनौ कुरा मासेनाङ लख जाटार ङुआ ग्वोट नामखनो मोइ ।
H-304	-0.30801916122436523	होसे न्हीस जनौ कुरा मासेनाङ लख जाटार ङुआ चन्द्र सूर्यओ बोइ ।
D-304	-0.30801916122436523	होसे न्हीस जनौ कुरा मासेनाङ लख जाटार ङुआ चन्द्र सूर्यओ बोइ ।
P-304	-1.1524 -0.2776 -0.2312 -0.5350 -0.0911 -0.0783 -1.3298 -0.0111 -0.0071 -0.7913 -0.0458 -0.2987 -0.9788 -0.4697 -0.0097 -0.1062 -0.0164 -0.0288 -0.0728 -0.3855 -0.0028 -0.0841 -0.0804
S-353	<2mgr>अँध्यारो भएपनि दिसा गर्न लगलग कामेर बाहिर जानै पर्यो ।
T-353	छुम्नाच लेनाङड बेन काके लगलग होयोम बहीरीङ नुहुँकेन परीसा ।
H-353	-0.36197906732559204	छुम्च लेनाङड याहाके लगलग होयोम बहीरीङ नुहुँकेन परीसा ।
D-353	-0.36197906732559204	छुम्च लेनाङड याहाके लगलग होयोम बहीरीङ नुहुँकेन परीसा ।
P-353	-0.1067 -0.0147 -0.0090 -1.3571 -0.0408 -0.0954 -0.7936 -0.0191 -0.0102 -0.1450 -1.3946 -2.1157 -0.0272 -0.5072 -0.0039 -0.0211 -0.0429 -0.0522 -0.9350 -0.0931 -0.1013 -0.0778
S-232	<2mgr>दाज्युको किताबमा पत्रिकातिर छापिएको कविता देखेर पढ्न पाएर मलाई धेरै खुसी लाग्थ्यो ।
T-232	दाजीओ किटाबाङ पत्रीकलख छाप्डीच कविता डाङार पढीस्के डीन्हार ङाके ढेर खुसी लैडीसा ।
H-232	-0.15837916731834412	दाजीओ किटाब पत्रिकाङ छाप्डीस्च कविता डाङार पढीस्के डीन्ह्म ङाके ढेर खुसी लैडीसोला ।
D-232	-0.15837916731834412	दाजीओ किटाब पत्रिकाङ छाप्डीस्च कविता डाङार पढीस्के डीन्ह्म ङाके ढेर खुसी लैडीसोला ।
P-232	-0.0383 -0.0807 -0.1584 -0.0354 -0.0342 -0.3054 -0.0038 -0.1539 -0.0376 -0.4327 -0.0278 -0.0380 -0.3971 -0.0112 -0.0133 -0.0054 -0.2252 -0.0454 -0.4943 -0.0343 -0.0050 -1.2045 -0.0065 -0.0924 -0.0787
S-310	<2mgr>बाहुन , मगर अनि नेवारनीहरु माइतीघर जाने आउने लस्कर नै देखिन्थ्यो ।
T-310	बाहुन , मगर अनी नेवारनीको माइटीइम नुहुँके राहाके लस्कर न डाङौला ।
H-310	-0.32094308733940125	बाहुन , मगर अनी नेवारनीको माइटीइम नुहुँके राहाके लस्कर न डाङोला ।
D-310	-0.32094308733940125	बाहुन , मगर अनी नेवारनीको माइटीइम नुहुँके राहाके लस्कर न डाङोला ।
P-310	-0.0882 -0.5257 -0.0453 -0.0362 -0.3058 -0.0394 -0.0785 -0.0604 -0.0064 -0.0547 -0.1551 -1.7501 -0.0636 -0.5252 -0.0364 -0.1339 -1.7356 -1.5117 -0.0321 -0.0060 -0.0090 -0.1059 -0.0762
S-298	<2mgr>'मैले तिमीलाई केहि गर्न सकिन मलाई माफ देउ ल' लानि दिनिको बुबाले भन्यो ।
T-298	'ङै नाङके हीड जाट्के माय्होका ङाके माफ योहो ल' लानि दिनिओ बोइय डेया ।
H-298	-0.24470800161361694	'ङै नाङके हीड जाट्के माय्होका ङाके माफ याहानी ल' लानि दिनिओ बोइय डेया ।
D-298	-0.24470800161361694	'ङै नाङके हीड जाट्के माय्होका ङाके माफ याहानी ल' लानि दिनिओ बोइय डेया ।
P-298	-0.0484 -0.0420 -0.0154 -0.0238 -0.0189 -0.0126 -0.0250 -0.2475 -0.1215 -1.5681 -0.9824 -0.4144 -0.1496 -0.6103 -0.0645 -0.0139 -0.8374 -0.1010 -0.0037 -0.0943 -0.0684 -0.0849 -0.0801
S-212	<2mgr>जिमिदारकहाँ हलिगोठालो बस्ने बिर्खे खबर लिएर आयो ।
T-212	जिमिदारटुङ हलिबरसालो ङुके बिर्खे खबर लाम राहा ।
H-212	-0.7383534908294678	जिमिदारकुटुङ हलिलो ङुके बीर्खेलखे लाम राहा ।
D-212	-0.7383534908294678	जिमिदारकुटुङ हलिलो ङुके बीर्खेलखे लाम राहा ।
P-212	-0.2002 -2.6431 -0.3071 -0.1244 -1.7157 -0.9780 -0.5937 -2.5095 -0.4330 -0.0969 -0.0222 -0.1046 -1.9204 -0.5891 -0.6076 -0.9531 -0.0623 -0.0941 -0.0737
S-190	<2mgr>'किन भासिनु पर्यो त अर्काको देशमा ? नपुग्दो के छ र ? '
T-190	'हीके नुहुँके परीसा च अरकुङ देशाङ ? माओल्च ही ले र ? '
H-190	-0.4152894616127014	'हीके भासिस्के परीसा च अर्काओ देशाङ ? माओ ही ले र ? '
D-190	-0.4152894616127014	'हीके भासिस्के परीसा च अर्काओ देशाङ ? माओ ही ले र ? '
P-190	-0.0536 -0.0038 -0.0108 -0.8515 -0.1943 -1.0385 -0.1509 -0.3260 -1.5358 -1.3286 -0.0031 -0.0411 -0.0416 -0.0362 -0.0399 -0.5500 -0.0387 -2.9933 -0.0443 -0.0535 -0.0636 -0.0716 -0.0810
S-332	<2mgr>ट्युसनको साथीसँग नाम जोडेर गाउँमा लानिको हुने नहुने कुरा गरेर हिँड्यो ।
T-332	ट्युसनो लाफाकठा म्यारमीन जोड्डीम लाङ्घाङ लानिओ छान्ह्च माछान्ह्च कुरा जाटार व्हा ।
H-332	-0.39192575216293335	सहनो लाफाकठा म्यारमीन जोड्डीम लाङ्घाङ लानिओ छान्ह्के माछान्ह्च कुरा व्हा ।
D-332	-0.39192575216293335	सहनो लाफाकठा म्यारमीन जोड्डीम लाङ्घाङ लानिओ छान्ह्के माछान्ह्च कुरा व्हा ।
P-332	-3.4653 -0.7502 -0.2325 -0.0703 -0.0954 -0.0259 -0.0312 -0.0263 -0.0038 -0.1121 -0.7728 -0.5975 -0.0615 -0.4577 -0.1017 -0.0953 -0.0765 -0.0788
S-115	<2mgr>हुन त प्रेमबहादुर सरले मलाई एक पटक अलिकत पनि छोएको थिएन ।
T-115	आल्के च प्रेमबहादुर सरे ङाके काट पटक इटार ड छुच मालेया ।
H-115	-0.2254662662744522	आल्के च प्रेमबहादुर सरय ङाके काट पटक अलीकत ड छुच मालेया ।
D-115	-0.2254662662744522	आल्के च प्रेमबहादुर सरय ङाके काट पटक अलीकत ड छुच मालेया ।
P-115	-0.0183 -0.0519 -0.4126 -0.0500 -0.0283 -0.0628 -0.0236 -0.0422 -0.0736 -0.0522 -0.0305 -0.1577 -0.0766 -0.0455 -0.0214 -0.8865 -0.0242 -0.0147 -0.7087 -0.0282 -1.6392 -0.9049 -0.1181 -0.0898 -0.0752
S-323	<2mgr>मेरो घरदेखि देखिने पारी पाखाको लमतन्न बसेको गाउँ धनसाइ हो ।
T-323	ङौ इमीङ डाङ्के पार्लाक पाखाओ लमतन्न ङुच लाङ्घा धनसाइ आले ।
H-323	-0.3982745409011841	ङौ इमव्हारा डाङार पाखाओ लमटन्न ङुच लाङ्घालीओ धनसाइ आले ।
D-323	-0.3982745409011841	ङौ इमव्हारा डाङार पाखाओ लमटन्न ङुच लाङ्घालीओ धनसाइ आले ।
P-323	-0.0205 -0.1894 -1.1200 -0.0088 -1.4600 -1.6141 -0.0179 -0.4385 -0.2667 -0.0284 -0.1340 -1.5355 -0.6698 -0.1135 -0.5704 -0.6251 -0.0959 -0.0081 -0.0093 -0.0358 -0.0282 -0.0939 -0.0766
S-378	<2mgr>हरीलाल भने जिमिदारको यो व्यवहारले असमन्जस्यतामा पर्यो ।
T-378	हरीलाल डेनाङ जिमिदारो इसे व्यवहारे असमन्जस्यताङ परीसा ।
H-378	-0.40859636664390564	हरीला डेनाङ जिमिदारो इसे व्यवहारे असमन्ज्यताआङ परीसा ।
D-378	-0.40859636664390564	हरीला डेनाङ जिमिदारो इसे व्यवहारे असमन्ज्यताआङ परीसा ।
P-378	-0.0053 -0.0773 -0.1517 -0.0236 -0.0491 -0.0399 -0.0066 -0.0042 -0.0072 -0.0922 -1.5115 -0.0141 -1.0178 -0.2599 -2.1780 -0.0413 -0.0058 -0.6210 -2.6614 -0.0509 -0.0927 -0.0776
S-66	<2mgr>सरकारले खेदाएको सबै नेपाली मूलका भुटानीहरुले भुटान छाडे ।
T-66	सरकारे घल्च पट्ट नेपादली मूलो भुटानीकोइ भुटान डासा ।
H-66	-0.4980492889881134	सरकारे गेस्नाङ जम्मै नेपाली मूलकानीय भुटानी ।
D-66	-0.4980492889881134	सरकारे गेस्नाङ जम्मै नेपाली मूलकानीय भुटानी ।
P-66	-0.0495 -0.0235 -0.0632 -0.7488 -0.0266 -0.0462 -0.0153 -0.0726 -0.3305 -0.0343 -1.7922 -1.5121 -2.2418 -0.0194 -0.0308 -0.9999 -0.8774 -0.0809
S-315	<2mgr>दमिनीलाई खै के भयो ? डोकोमा राखेको मासु चोर्न मन लागेछ ।
T-315	दमिनीके खै ही छान्हा ? ढाकाराङ डाच स्या खुस्के मीमन लैडीस्लेसा ।
H-315	-0.351533442735672	दमिनीके खै ही छान्हा ? ढाकारोआङ डाच स्या खुम मीमन लैडीसलेसा ।
D-315	-0.351533442735672	दमिनीके खै ही छान्हा ? ढाकारोआङ डाच स्या खुम मीमन लैडीसलेसा ।
P-315	-0.0253 -0.0251 -0.0145 -0.0504 -0.0138 -0.0129 -0.0331 -0.0435 -0.0601 -0.1680 -0.4355 -1.0528 -0.7886 -1.2875 -0.2566 -0.0526 -0.0610 -1.3055 -0.7418 -0.9748 -0.0354 -1.1427 -0.0458 -0.0822 -0.0789
S-400	<2mgr>त्यति ठूलो कार्यक्रममा नआउनुको कारण चाँहि पल्लो घरको माइलोलाई भनेको रे ।
T-400	होडीक बड्को कार्यक्रमाङ माराहाच कारण च पार्लाक इमौ माइलाके डेच टा ।
H-400	-0.2151135504245758	होडीक बड्को कार्यक्रमाङ माराहाके कारण च पल्लो इमो माइलाके डेच टा ।
D-400	-0.2151135504245758	होडीक बड्को कार्यक्रमाङ माराहाके कारण च पल्लो इमो माइलाके डेच टा ।
P-400	-0.2670 -0.0267 -0.7636 -0.0634 -0.0268 -0.1872 -0.3631 -0.0049 -0.0805 -0.8866 -0.1301 -0.0291 -0.0376 -1.1495 -0.0306 -0.0544 -0.0140 -0.0211 -0.0234 -0.9342 -0.0879 -0.0151 -0.0172 -0.0845 -0.0791
S-6	<2mgr>अनि म पट्टि फर्केर सोध्यो , 'यो बदमास कस्को छोरा ? '
T-6	अनी ङा पट्टी ल्हेस्म गीना , 'इसे बदमास कुच्यो लेन्जामीजा ?'
H-6	-0.31548866629600525	अनी ङा पट्टी ल्हेस्म गीना , 'इसे बडमासौ लेन्जामीजा ? '
D-6	-0.31548866629600525	अनी ङा पट्टी ल्हेस्म गीना , 'इसे बडमासौ लेन्जामीजा ? '
P-6	-0.2708 -0.1698 -0.0136 -0.0184 -0.0069 -0.3316 -0.0174 -0.0643 -0.1225 -0.0407 -0.0840 -0.0203 -1.2128 -0.4473 -0.1764 -2.1157 -1.0330 -0.2972 -0.0470 -0.0614 -0.0742
S-137	<2mgr>मतवलीको जुठो हाम्रो परम्पराअनुसार हामीले माझ्न मिल्दैन ।
T-137	मतवलीओ जुठो कानुङ परम्पराअनुसार काने छलाम्के माखाट्ले ।
H-137	-0.6105748414993286	मटवारो जुठो कानुङ परम्पराअसार कानकोइ ठुके माखाट्ले ।
D-137	-0.6105748414993286	मटवारो जुठो कानुङ परम्पराअसार कानकोइ ठुके माखाट्ले ।
P-137	-0.4742 -2.6679 -0.0519 -1.4372 -0.1208 -0.0362 -0.5595 -0.0112 -1.5668 -0.0667 -0.1841 -2.2692 -0.0829 -0.9641 -0.5230 -0.0117 -0.9099 -0.0636 -1.1290 -0.0117 -0.4884 -1.4239 -0.0393 -0.0913 -0.0800
S-294	<2mgr>अर्धचेतमा हामी दुईले कविता भनेर के वाचन गरेँ , गरेँ ।
T-294	आढाचेटाङ कान न्हीसे कविता डेम ही वाचन ङाजाटाङ , ङाजाटाङ ।
H-294	-0.3470596373081207	अर्ढचेताङ कान न्हीसय कविता डेम ही वाचन जाटा , ङा ।
D-294	-0.3470596373081207	अर्ढचेताङ कान न्हीसय कविता डेम ही वाचन जाटा , ङा ।
P-294	-1.0748 -0.1178 -1.0322 -0.1452 -0.1285 -0.6631 -0.0255 -0.0648 -0.3649 -0.0193 -0.0892 -0.0881 -0.6892 -0.0271 -0.0343 -0.4702 -0.0801 -1.6435 -0.1034 -0.0800
S-127	<2mgr>लानि दिनिको बुबा पनि सिकर्मी भएकोले खर्च संकलन गर्न गाह्रो भएन ।
T-127	लानि दिनीओ बोइ ड सिकर्मी छान्हुचय खर्च संकलन जाट्के गाह्रो माछान्हा ।
H-127	-0.06739489734172821	लानि दिनिओ बोइ ड सिकर्मी छान्य खर्च ग्होके गाह्रो माछाना ।
D-127	-0.06739489734172821	लानि दिनिओ बोइ ड सिकर्मी छान्य खर्च ग्होके गाह्रो माछाना ।
P-127	-0.0099 -0.3350 -0.2752 -0.0163 -0.2738 -0.0105 -0.0750 -0.0047 -0.0376 -0.0456 -0.0638 -0.0091 -0.0103 -0.0258 -0.0775 -0.0110 -0.0030 -0.0101 -0.0078 -0.1230 -0.0080 -0.0066 -0.0989 -0.0789
S-226	<2mgr>राल्फाली आन्दोलनमा दाज्यु मात्र होइन , दाज्यु जस्तै अरु धेरै साथीहरु पनि थिए ।
T-226	राल्फाली आन्दोलनाङ दाजी मात्रै माहाले , दाजी लखन अरु ढेर लाफाको ड लेया ।
H-226	-0.09155715256929398	राल्फाली आन्दोलनाङ दाजी मात्रै माहाले , दाजी लखन अरु लाफाको ड लेया ।
D-226	-0.09155715256929398	राल्फाली आन्दोलनाङ दाजी मात्रै माहाले , दाजी लखन अरु लाफाको ड लेया ।
P-226	-0.0087 -0.1853 -0.0197 -0.0291 -0.0694 -0.0093 -0.0198 -0.0472 -0.0251 -0.0877 -0.0369 -0.0145 -0.0719 -0.0803 -0.0262 -0.9801 -0.0121 -0.0263 -0.0469 -0.0426 -0.0978 -0.0776
S-468	<2mgr>ठूलीमैया उनको मायालाग्दो अनुहार देखेर मुसुमुसु मात्र हास्थिन् ।
T-468	करङ्चमैया होच्यो मायालैडीस्च मीटाहाङ डाङ्म मुसुमुसु मात्रै रेटोला ।
H-468	-0.3054145872592926	करङ्चमैया होच्यो मायाग्डीस्च मीटाहा डाङार मुसुमुसु मात्रै हाढेमाङ ङापा ।
D-468	-0.3054145872592926	करङ्चमैया होच्यो मायाग्डीस्च मीटाहा डाङार मुसुमुसु मात्रै हाढेमाङ ङापा ।
P-468	-0.0088 -0.0238 -0.0246 -0.0990 -0.9603 -1.4395 -0.0364 -0.0316 -0.0938 -0.0459 -0.1002 -0.9562 -0.0196 -0.0904 -0.0177 -0.0310 -0.5202 -1.6696 -0.0580 -0.4162 -0.2170 -0.0898 -0.0750
S-228	<2mgr>अब राँके मेलामा कति धेरै तरुनीहरु झुन्डिन्छ होला है ।
T-228	अब राँके मेलाङ कुडीक ढेर माजाको चेलोहोके ओला है ।
H-228	-0.5497912764549255	अब राँच मेलाङ कुडीक ढेर चरुनीको झुन्डीस्च ओला ।
D-228	-0.5497912764549255	अब राँच मेलाङ कुडीक ढेर चरुनीको झुन्डीस्च ओला ।
P-228	-0.0334 -0.1058 -1.8864 -2.5122 -0.1659 -0.0468 -0.0590 -0.2894 -2.3154 -0.3315 -0.1082 -0.5910 -0.1007 -0.3355 -0.1049 -0.7093 -0.5683 -0.1037 -0.0788
S-7	<2mgr>गाउँमा जवानहरुलाई सबैले भन्ने गथ्र्यो अब यही गाउँमा बस्नु पर्छ ।
T-7	लाङ्घाङ जवानकोके जम्मैय डेके जाट्ला अब इसे लाङ्घाङ ङुके पर्ले ।
H-7	-0.36690211296081543	लाङ्घाङ जवानकोके जम्मैय डेच ग्रला अब इसे लाङ्घाङ ङुके पर्ले ।
D-7	-0.36690211296081543	लाङ्घाङ जवानकोके जम्मैय डेच ग्रला अब इसे लाङ्घाङ ङुके पर्ले ।
P-7	-0.0152 -0.0504 -0.0166 -0.1058 -0.0871 -0.0128 -0.0688 -0.0770 -0.1839 -1.6258 -3.3323 -0.0261 -0.6790 -0.0055 -0.1269 -0.0166 -0.0943 -0.0802
S-191	<2mgr>संक्रान्ति बजारमा छ्याङको व्यापार गरेकी थिई ।
T-191	संक्रान्ति बजाराङ हानो व्यापार जाट्म लेया।
H-191	-0.34336400032043457	संक्रान्ति बजाराङ ले्याङो व्यापार जाट्म लेया ।
D-191	-0.34336400032043457	संक्रान्ति बजाराङ ले्याङो व्यापार जाट्म लेया ।
P-191	-0.0137 -0.0328 -0.0409 -0.0120 -0.0581 -0.0253 -0.0480 -0.0269 -0.6975 -1.1013 -0.0289 -0.0646 -0.0165 -0.0670 -0.0376 -3.6722 -0.4059 -0.0921 -0.0826
S-3	<2mgr>कान्छीआमा चाँहि उसैको पाराले आँगन बडार्दै थिइ ।
T-3	कान्छीमोइ च होच्यो पारै आर्भा सीट्मन लेया ।
H-3	-0.33438369631767273	कान्छीमोइ च होच्यो पाराय आर्भा सीमन लेया ।
D-3	-0.33438369631767273	कान्छीमोइ च होच्यो पाराय आर्भा सीमन लेया ।
P-3	-0.0210 -0.0116 -0.1096 -0.0086 -2.1108 -1.1192 -0.7438 -0.0005 -0.0304 -0.2743 -0.0701 -0.0111 -0.0904 -0.0799
S-96	<2mgr>कार्यक्रममा तपाईहरुले रचना वाचन गर्न र सुन्न सक्नुहुन्छ ।
T-96	कार्यक्रमाङ नाकोके रचना वाचन जाट्के अनी सेके य्होक्ले ।
H-96	-0.5473661422729492	कार्यक्रमाङ नाकोइ रचना वाचन जाट्के अनी सेके माय्होक्ले ।
D-96	-0.5473661422729492	कार्यक्रमाङ नाकोइ रचना वाचन जाट्के अनी सेके माय्होक्ले ।
P-96	-1.6470 -0.0098 -1.3872 -0.0250 -0.7264 -2.4479 -0.6348 -0.1211 -0.0358 -0.0586 -0.0492 -0.4807 -0.0490 -0.7336 -0.9510 -0.2704 -0.1462 -0.0788
S-256	<2mgr>कमरेड ओखटे उनीहरुले लगेपछि कहिल्यै फर्केर आएन ।
T-256	कमरेड ओखटै होसकोइ नुहुँप्याक सेनर ल्हेस्म माराहा ।
H-256	-0.11720333993434906	कमरेड ओखटे होसकोइ लगेप्याक सेनर माराहा ।
D-256	-0.11720333993434906	कमरेड ओखटे होसकोइ लगेप्याक सेनर माराहा ।
P-256	-0.1808 -0.0587 -0.0363 -0.0059 -0.0069 -0.1553 -0.0917 -0.0666 -0.5615 -0.0572 -0.1893 -0.0744 -0.1303 -0.0614 -0.1183 -0.0807
S-100	<2mgr>त्यस बेला मैले मनमा सोचेँ , 'माया गर्ने मान्छेलाई दाज्यु भन्दो रहेछ । '
T-100	होस बेला ङै मीमनाङ आर्मीटा , 'माया जाट्च भर्मीके दाजी डेके लेसा । '
H-100	-0.19211909174919128	होस बेलाङ ङै मीमनाङ आर्मीटा , 'मामाया जाट्के भर्मीके दाजी डेके लेसा । '
D-100	-0.19211909174919128	होस बेलाङ ङै मीमनाङ आर्मीटा , 'मामाया जाट्के भर्मीके दाजी डेके लेसा । '
P-100	-0.0092 -1.2631 -0.1222 -0.0476 -0.0044 -0.1262 -0.0710 -0.0553 -0.0132 -0.4388 -0.9129 -0.0519 -0.0334 -0.0939 -0.0082 -0.1724 -0.0362 -0.0871 -0.2206 -0.0749
S-140	<2mgr>म कुरा बोल्न खोज्छु उनी मबाट टाढा टाढा हुन खोज्छे ।
T-140	ङा कुरा ङाक्के पानाङ होसे ङालाकीङ लोस लोस छान्ह्के पाके ।
H-140	-0.38588401675224304	ङा कुरा ङाक्के पालाङ होसे ङाकीङ लोसाङ लोसाङन पाले ।
D-140	-0.38588401675224304	ङा कुरा ङाक्के पालाङ होसे ङाकीङ लोसाङ लोसाङन पाले ।
P-140	-0.0313 -0.1062 -0.0028 -0.0362 -0.0093 -1.7170 -0.4446 -0.4616 -1.7797 -0.0518 -0.0158 -0.7435 -0.0537 -0.3299 -1.2199 -0.0835 -0.0726 -0.0915 -0.0810
S-154	<2mgr>मनमायाको बिनित भाव सुनेर उल्टै जिमिदारनी कड्किइन् ।
T-154	मनमायाओ बिनिट भाव सेम उल्टै जिमिदारनी च्याका ।
H-154	-0.959832489490509	मनमायाो बित भाव सेयार उल्टीनी जिमिदारनी कस् ।
D-154	-0.959832489490509	मनमायाो बित भाव सेयार उल्टीनी जिमिदारनी कस् ।
P-154	-0.0128 -0.0725 -0.6241 -2.3146 -0.5632 -2.1502 -0.0581 -3.0070 -0.3195 -0.0062 -2.6387 -1.9183 -0.2548 -0.1790 -0.2154 -0.0513 -0.2284 -4.3547 -0.1476 -0.0801
S-287	<2mgr>पर खोल्सिमा भेला भएका मानिसहरु झस्याङ्ग तर्सिए ।
T-287	पर्लाक खोल्सिआङ भेला छान्ह्च भेमीको झस्याङ्ग गान्हा ।
H-287	-0.4436675012111664	पर खोल्सिआङ भेला छान्हा भर्मीको झस्याङ्ग टर्सिए ।
D-287	-0.4436675012111664	पर खोल्सिआङ भेला छान्हा भर्मीको झस्याङ्ग टर्सिए ।
P-287	-0.8709 -0.0372 -0.0992 -0.7654 -0.1763 -0.0157 -0.2904 -0.0279 -0.0418 -0.2303 -0.0042 -0.0043 -0.0042 -3.4008 -0.0376 -0.9097 -1.3384 -0.0949 -0.0806
S-106	<2mgr>पेमाले सोनाले भनेको कुरा बेझे झैं गरि टाउको हल्लायो ।
T-106	पेमाये सोनाये डेच कुरा बुझडीस्नाङ लख जाट्न मीटालु होयका ।
H-106	-0.09935665130615234	पेमाय सोनाय डेच कुरा बेझे लख जाट्म मीटालु होयोका ।
D-106	-0.09935665130615234	पेमाय सोनाय डेच कुरा बेझे लख जाट्म मीटालु होयोका ।
P-106	-0.0413 -0.0502 -0.0406 -0.0094 -0.0646 -0.0165 -0.0390 -0.7640 -0.4157 -0.1640 -0.0298 -0.0228 -0.0120 -0.0362 -0.0020 -0.0071 -0.0039 -0.0916 -0.0770
S-318	<2mgr>कटेरो पछाडिबाट एक हुल मान्छे व्हारारा पस्यो आरनमा ।
T-318	कटेरा न्हुन्लाकीङ काट हुल भर्मी व्हारारा पैडीसा आरनाङ ।
H-318	-0.7576501965522766	बटुङ न्हुलाकीङ काट छान्ह्के भर्मी बुझ्डीच पैडीसारनाङ ।
D-318	-0.7576501965522766	बटुङ न्हुलाकीङ काट छान्ह्के भर्मी बुझ्डीच पैडीसारनाङ ।
P-318	-3.5880 -0.2843 -0.5020 -0.0526 -0.3189 -0.6863 -0.1448 -2.6737 -0.0253 -1.4373 -1.5622 -0.2499 -1.1066 -0.8863 -0.2535 -0.0941 -0.7755 -0.3541 -0.0748 -0.0826
S-377	<2mgr>इसाराले मलाई कुनातिर जाना देखाउनु हुँदै आमा बीचमा सर्नुभयो ।
T-377	इसाराय ङाके कुनालाक नुहुँके टङाक्मन मोइ बीचाङ सार्डीसाको ।
H-377	-0.3029804229736328	साइराय ङाके कुनालाक नुहुँके टनाक्के छान्ह्मन मोइ बीचाङ सर्को ।
D-377	-0.3029804229736328	साइराय ङाके कुनालाक नुहुँके टनाक्के छान्ह्मन मोइ बीचाङ सर्को ।
P-377	-0.3527 -0.0369 -0.1260 -0.0612 -0.0389 -0.1768 -0.0502 -0.0154 -0.8437 -0.0308 -0.0043 -1.9137 -0.7030 -0.2751 -0.0356 -0.0845 -0.0127 -0.0138 -0.9068 -0.8142 -0.0917 -0.0775
S-227	<2mgr>रिसानी नभए . . . माया भए . . . म बाटो कुरिरहेको हुनेछु ।
T-227	मीरीस मालेनाङ . . . माया लेनाङ . . . ङा लाम वाङ्मलेच छान्हाङ ।
H-227	-0.7188083529472351	हरिनी माछान्ह्नाङ . . माया डेनाङ . . . ङा लाम कुटडीस्म छान्ह्के माछान्ह्ले ।
D-227	-0.7188083529472351	हरिनी माछान्ह्नाङ . . माया डेनाङ . . . ङा लाम कुटडीस्म छान्ह्के माछान्ह्ले ।
P-227	-2.2185 -0.7797 -1.6121 -1.0453 -0.0525 -0.0779 -0.0442 -0.0404 -0.4937 -0.1085 -0.0584 -0.3954 -0.4038 -0.0395 -1.1218 -2.8498 -0.3567 -1.0405 -0.6845 -2.2210 -0.0911 -0.0786
S-514	<2mgr>अलि झिज्यार माने जस्तो , रिसाए जस्तो मात्र भैरहने ।
T-514	अली झीज्यार मन्डीच लख , मीरीस लख मात्रै छान्ह्मङुके ।
H-514	-0.5804044008255005	चेक झीच माच लख , मीरीसनाङ लख मात्रै छान्ह्मनङुआ ।
D-514	-0.5804044008255005	चेक झीच माच लख , मीरीसनाङ लख मात्रै छान्ह्मनङुआ ।
P-514	-0.8198 -0.0126 -0.1071 -0.2560 -0.6401 -3.0678 -1.9274 -0.8181 -0.0506 -0.7216 -0.0072 -0.7283 -0.4864 -0.0165 -0.0268 -0.1250 -1.5876 -0.1434 -0.4674 -0.0963 -0.0824
S-497	<2mgr>'विचर सास जान लागेको हो कि आँसु पो बगाइन' एकजनाले भन्यो ।
T-497	'विचारा सास नुहुँके पाच आले की मीमीकडी पो बगडीच' काटजनै डेया ।
H-497	-0.3946400284767151	'विचर सास नुहुँके पाच आले की मीमीकडी पो बगडीया' काटजनाय डेया ।
D-497	-0.3946400284767151	'विचर सास नुहुँके पाच आले की मीमीकडी पो बगडीया' काटजनाय डेया ।
P-497	-0.0499 -1.3703 -0.0112 -0.0613 -0.4899 -0.2438 -0.0028 -0.0190 -0.0421 -0.0196 -0.0925 -0.2043 -0.1547 -0.2961 -2.7091 -1.9739 -0.0856 -0.0359 -0.5824 -0.4212 -0.0409 -0.0852 -0.0849
S-90	<2mgr>'मलाई लागेको चाँहि यो मान्छे उभो लाग्दैन । ' त्यहीक एकजनाले भने ।
T-90	'ङाके लैडीस्च च इसे भेमी उभो मालैडीस्ले । ' होलाङौ काटजनै डेया ।
H-90	-0.21405567228794098	'ङाकी लग्डीसच च होसे भर्मी उभो मालग्डिसले । ' होलाकाओ काटजनै डेया ।
D-90	-0.21405567228794098	'ङाकी लग्डीसच च होसे भर्मी उभो मालग्डिसले । ' होलाकाओ काटजनै डेया ।
P-90	-0.0621 -0.0390 -0.0110 -0.0025 -0.0075 -0.0264 -0.0207 -0.0209 -0.0441 -4.9508 -0.1302 -0.0140 -0.0167 -0.0177 -0.1577 -0.0036 -0.1927 -0.1140 -0.0101 -0.0080 -0.0910 -0.0502 -0.3332 -0.0549 -0.0238 -0.0242 -0.0276 -0.0036 -0.0082 -0.0928 -0.0764
S-410	<2mgr>गाउँलेहरुलाई थाहा नै भएन माओवादीले लगेको कि सेनाले ।
T-410	लाङ्घालीकोके ठाहा न माछान्हा माओवादीय नुहुँच की सेनाय ।
H-410	-0.23069243133068085	लाङ्घालीकोके ठाहा न माछान्हा माओवादीय नुहुँच की सेना ।
D-410	-0.23069243133068085	लाङ्घालीकोके ठाहा न माछान्हा माओवादीय नुहुँच की सेना ।
P-410	-0.1091 -0.0151 -0.2403 -0.1162 -0.0711 -0.0135 -0.0100 -0.0147 -0.1007 -0.0349 -0.0906 -0.1694 -0.0306 -0.1316 -0.4639 -2.3487 -0.1106 -0.0814
S-478	<2mgr>'ए . . . फेरि पनि छोरी नै पो जन्मिए छ' सासुले भन्नुभयो ।
T-478	'ए . . . फेरी ड माझामीजा न पो फुन्लेसा' सासुय डेया ।
H-478	-0.23217767477035522	'ए . . . फेरी ड माझामीजा न पो जन्मी ले' सासुय डेयाको ।
D-478	-0.23217767477035522	'ए . . . फेरी ड माझामीजा न पो जन्मी ले' सासुय डेयाको ।
P-478	-0.0436 -0.0413 -0.0703 -0.0778 -0.0954 -0.0680 -0.0401 -0.0780 -0.0345 -0.1028 -1.8341 -0.5397 -0.8975 -0.0941 -0.0181 -0.1870 -0.0261 -0.0830 -0.0799
S-177	<2mgr>चोकमा महिनैपिच्छे यस्तै बिदाइ हुँदै आउने गर्छ ।
T-177	चोकाङ महीनैन्हुनीङ इन्च बीडाइ छान्मन राहाम जाट्ले ।
H-177	-0.6170840859413147	चोकाङ महीनानपिचे इन्चन बीडाइ छान्ह्मन राहाके जाट्ले ।
D-177	-0.6170840859413147	चोकाङ महीनानपिचे इन्चन बीडाइ छान्ह्मन राहाके जाट्ले ।
P-177	-0.0246 -0.0323 -1.1532 -0.5464 -0.6234 -3.3129 -0.4417 -0.4054 -2.0874 -0.0418 -0.9377 -1.2252 -0.0656 -0.0549 -0.0211 -0.3739 -0.0814 -0.8412 -0.5210 -0.0882 -0.0796
S-349	<2mgr>दिनि पनि धेरे खुसी भइ दिदी फस्ट डिभिजनमा पास भएकोमा ।
T-349	दिनि ड ढेर खुसी छान्हा डै फस्ट डिभिजनाङ पास छान्हचय ।
H-349	-0.5091338753700256	दिनि ड धेरे खुसी छान्ह्म डै फस्ट डिभिजनाङ पास छान्ह्च ।
D-349	-0.5091338753700256	दिनि ड धेरे खुसी छान्ह्म डै फस्ट डिभिजनाङ पास छान्ह्च ।
P-349	-1.1271 -0.0487 -1.0902 -1.8006 -0.1957 -0.6914 -0.1007 -0.3546 -0.0300 -0.4423 -2.9068 -0.0234 -0.0802 -0.0189 -0.0101 -0.0503 -0.1102 -0.0831
S-382	<2mgr>त्यो 'जागित्रा' हिजो राती पन्छाइएको थियो ।
T-382	होस 'जागित्रा' टीसीनीङ नामबीक पन्छडीच लेया ।
H-382	-0.5224509239196777	होस 'जागित्रा' टीसीनीङ नाबीक पन्छडीस्म लेया ।
D-382	-0.5224509239196777	होस 'जागित्रा' टीसीनीङ नाबीक पन्छडीस्म लेया ।
P-382	-0.0598 -0.2414 -3.1660 -0.6488 -0.0633 -0.1906 -0.0908 -0.1166 -0.4979 -0.1061 -0.1080 -0.5700 -1.4929 -1.2185 -0.0883 -1.0874 -0.0181 -0.0893 -0.0729
S-464	<2mgr>साँचै मैले मेरो महान बाजेलाई देख्न पाइन , बिपनामा ।
T-464	साँचै ङै ङौ महान बाजीके डाङ्के माडीन्हा , याङ्नामाङ ।
H-464	-0.43490731716156006	साँच्चै ङै ङौ गोराक बाजीके डाङ्के डीन्हा , बिपनाङ ।
D-464	-0.43490731716156006	साँच्चै ङै ङौ गोराक बाजीके डाङ्के डीन्हा , बिपनाङ ।
P-464	-0.8800 -1.0330 -0.8145 -0.3816 -0.1429 -0.0349 -2.4873 -0.2691 -0.0361 -0.0502 -0.0499 -0.0179 -0.8452 -0.0966 -0.0649 -0.2396 -0.1602 -0.9216 -0.0897 -0.0827
S-472	<2mgr>'बुढाले चाँहि कुकुरले गु छोडे जसरी छोडे त के गर्ने ? '
T-472	'बुढाय च चीऊय बेन डास्नाङ लख डासा च ही जाट्के ? '
H-472	-0.4471930265426636	' बुढाय च चीऊय मन्डीम जसरी डास्च च ही जाट्के ? '
D-472	-0.4471930265426636	' बुढाय च चीऊय मन्डीम जसरी डास्च च ही जाट्के ? '
P-472	-0.0623 -2.7790 -0.0507 -0.0292 -0.5325 -0.0812 -0.3100 -0.7631 -1.4511 -0.6998 -0.1493 -0.0126 -0.5211 -0.9072 -0.3319 -0.0104 -0.0470 -0.0420 -0.0828 -0.0807
S-516	<2mgr>मैले सबैलाई पालैपालौ पुलुक पुलुक हेर्न मात्र सकेँ ।
T-516	ङै जम्मैके पालैपालौ पुलुक पुलुक ङोस्के मात्रै य्होका ।
H-516	-0.219794362783432	ङै जम्मैके पार्लाक पुलुक पुलुक ङोस्के मात्रै माय्होका ।
D-516	-0.219794362783432	ङै जम्मैके पार्लाक पुलुक पुलुक ङोस्के मात्रै माय्होका ।
P-516	-0.0225 -0.0307 -0.3391 -0.0140 -0.9995 -0.6780 -0.0172 -0.1800 -0.3015 -0.0195 -0.3260 -0.0347 -0.0060 -0.0204 -0.5778 -0.0890 -0.0807
S-16	<2mgr>ती दुईको पुरानो रिस थियो रे , दुबै जना साथी साथी पनि रहेछ ।
T-16	होस न्हीसो पुरानो मीरीस लेया टा , न्हीसान्च लाफा लाफा ड लेसा ।
H-16	-0.17886242270469666	होसे न्हीसओ पुरानो मीरीस लेया टा , न्हीस जना लाफा ड लेसा ।
D-16	-0.17886242270469666	होसे न्हीसओ पुरानो मीरीस लेया टा , न्हीस जना लाफा ड लेसा ।
P-16	-0.3086 -0.2559 -1.4603 -0.0225 -0.0278 -0.0114 -0.0482 -0.0219 -0.1463 -0.0311 -0.4085 -0.0582 -0.0378 -0.1443 -0.0108 -0.1893 -0.0523 -0.0840 -0.0790
S-240	<2mgr>मैले प्लिक्सीमा छापिएका केहि कविताहरु वचन गरेँ ।
T-240	ङै प्लिक्सिआङ छाप्डीस्च हीड कविताको वचन ङाजाटाङ ।
H-240	-0.22375555336475372	ङै प्लिआङ छाप्डीच हीड कविताको वीचन जाटा ।
D-240	-0.22375555336475372	ङै प्लिआङ छाप्डीच हीड कविताको वीचन जाटा ।
P-240	-0.0145 -0.1283 -0.0831 -0.1402 -0.5104 -0.4972 -0.1796 -0.0677 -0.0147 -0.0519 -0.0158 -1.3834 -0.0385 -0.0314 -0.4672 -0.0995 -0.0804
S-93	<2mgr>'लैजाँदै गरौं कि हेरौं कि ? ' लानि दिनिको बुबाले भने ।
T-93	'नुहुँमन जाटीक की ङोसीक की ? ' लानि दिनिओ बोइय डेया ।
H-93	-0.29971662163734436	'लैजाँस्मन जाटीङ की ङोसीङ की ? ' लानि दिनिओ बोइय डेया ।
D-93	-0.29971662163734436	'लैजाँस्मन जाटीङ की ङोसीङ की ? ' लानि दिनिओ बोइय डेया ।
P-93	-0.0426 -0.0398 -1.3103 -0.1608 -2.0026 -0.1175 -0.0303 -0.0112 -0.0160 -0.3506 -0.3060 -0.3900 -0.0349 -0.0434 -0.0094 -0.2347 -1.1818 -0.0036 -0.0733 -0.0631 -0.0888 -0.0831
S-446	<2mgr>'लौ भाइ राम्रो गरि घर गरि खाउ , राम्रो गर' जाने बेलामा ती दाज्युले भन्नुभयो ।
T-446	'लौ भया सेहेम जाट्म इम जाट्म ज्यौ , सेहेच जाटो' नुहुँच बेलाङ होस दाजीय डेयाको ।
H-446	-0.1056356132030487	'लौ भया सेहेच जाट्म इम जाट्म ज्यानी , सेहेच जाटार नुहुँके बेलाङ होस दाजीय डेयाको । '
D-446	-0.1056356132030487	'लौ भया सेहेच जाट्म इम जाट्म ज्यानी , सेहेच जाटार नुहुँके बेलाङ होस दाजीय डेयाको । '
P-446	-0.0416 -0.0041 -0.0133 -0.0549 -0.0241 -0.0899 -0.2069 -0.1278 -0.3208 -0.0479 -0.0266 -0.1193 -0.1397 -0.1493 -0.0455 -0.0407 -0.0214 -0.0090 -0.0901 -0.5618 -0.0836
S-393	<2mgr>साँचै मैले मेरो महान बाजेलाई देख्न पाइन , बिपनामा ।
T-393	साच्चै न ङै ङौ महान बाजीके डाङ्के माडिन्हा चाईन्जो , याङ्नामाङ ।
H-393	-0.43490731716156006	साँच्चै ङै ङौ गोराक बाजीके डाङ्के डीन्हा , बिपनाङ ।
D-393	-0.43490731716156006	साँच्चै ङै ङौ गोराक बाजीके डाङ्के डीन्हा , बिपनाङ ।
P-393	-0.8800 -1.0330 -0.8145 -0.3816 -0.1429 -0.0349 -2.4873 -0.2691 -0.0361 -0.0502 -0.0499 -0.0179 -0.8452 -0.0966 -0.0649 -0.2396 -0.1602 -0.9216 -0.0897 -0.0827
S-276	<2mgr>'यो भाग्य . . ' तिनी टाउको समातेर चिच्याइ ।
T-276	'इसे भाग्य . . . ' होसे मीटालु जीमार च्याका ।
H-276	-0.22384533286094666	'इसे जोहा . . ' होसे मीटालु जीमार चीन्डीच चीन्डीया ।
D-276	-0.22384533286094666	'इसे जोहा . . ' होसे मीटालु जीमार चीन्डीच चीन्डीया ।
P-276	-0.0365 -0.0958 -0.0292 -0.5562 -0.6134 -0.0863 -0.0774 -0.1073 -0.3285 -0.1234 -0.0238 -0.2128 -0.7649 -0.0229 -0.5613 -0.0268 -0.4878 -0.2804 -0.1231 -0.1968 -0.0952 -0.0747
S-69	<2mgr>लोग्ने हिँडेपछि मनमाया जिमिदारको साली आफ्नो सौता बनेर आएपछिको कहालीलाग्दो दृष्य सम्झिदै बस्तुभाउलाई घाँसपानी गर्न थालिन् ।
T-69	लेन्जा व्हाप्याक मनमाया जिमिदारो साली मेनो सौटा ब्नडीस्म राहाप्याकौ कहालीलग्डीस्च डृष्य आर्मीट्म बस्तुभाउके घाँसडी जाट्के ठाला ।
H-69	-0.5907029509544373	लेन्जै व्हाप्याक मनमायाओ साली मेनो सौटा बन्डीयार राहाप्याक कहाके डोङ्च दृष्य आर्मीट्मन बस्तुभाउके घाँस जाट्के ठाला ।
D-69	-0.5907029509544373	लेन्जै व्हाप्याक मनमायाओ साली मेनो सौटा बन्डीयार राहाप्याक कहाके डोङ्च दृष्य आर्मीट्मन बस्तुभाउके घाँस जाट्के ठाला ।
P-69	-0.5873 -0.0131 -3.3335 -0.0453 -0.0407 -0.0258 -0.0255 -0.1995 -0.4794 -0.9407 -0.0373 -0.9281 -0.1104 -0.6288 -0.3156 -1.8707 -0.0212 -0.2677 -0.0112 -0.4511 -0.1831 -1.6941 -0.7072 -3.9975 -1.4826 -0.0694 -0.0083 -0.2633 -1.4918 -0.2763 -0.0979 -1.7902 -0.1638 -0.0459 -0.2228 -0.4704 -0.2586 -0.1100 -0.8982 -0.0737 -0.0927 -0.0790
S-343	<2mgr>आमा साँच्चिकै रिसाएकी छिन् भन्ने लागेपछि आमातिर फर्केर हेर्दै नहेरी दिदी चाहिँको फ्रकको फेर समाएर रुँदै स्कूलतिर गयो ।
T-343	मोइ साँच्चिन मीरीसाङ ले डेम लैडीस्प्याक मोइलाक ल्हेस्म ङोस्म माङोस्म डै चओ फ्रको फेर जीम्म राप्मन स्कूललाक नुहुँआ ।
H-343	-0.6006649732589722	मोइ साँच्चिकै मीरीस जाट्नाङ छीम्प्याक मोइलाक ल्हेस्म ङोस्मन नहेम डै चैडीस्म डैओ फोर्जोहम राप्म स्कडीमन नुहुँआ ।
D-343	-0.6006649732589722	मोइ साँच्चिकै मीरीस जाट्नाङ छीम्प्याक मोइलाक ल्हेस्म ङोस्मन नहेम डै चैडीस्म डैओ फोर्जोहम राप्म स्कडीमन नुहुँआ ।
P-343	-0.0208 -0.0188 -0.0096 -0.0107 -0.2260 -0.0414 -1.2366 -0.0253 -0.1266 -1.1885 -1.9193 -0.7779 -0.2627 -0.0617 -0.0262 -0.0708 -0.0290 -0.0309 -0.2794 -1.7985 -0.8054 -1.1475 -0.0845 -1.1194 -0.0608 -2.2007 -0.0958 -0.0846 -0.0707 -0.8864 -0.4413 -2.3611 -0.2566 -3.4637 -0.6905 -0.6713 -0.3863 -1.4113 -0.1181 -0.5559 -0.0782 -0.0773
S-479	<2mgr>छोरी त लग्यो लग्यो लिम्बू संस्कृति र मुन्धुम अनुसार रितभात गरिदियो रे भन्ने कुराले समाज तरङ्गीत भयो ।
T-479	माझामीजा च नुहुँआ नुहुँआ लिम्बू संस्कृति र मुन्धुम अनुसार रीटभाट जाट्मयाहा टा डेम कुराय समाज टरङगीट छान्हा ।
H-479	-0.794556736946106	माझामीजा टूकाट नुहुँना लिम्बू संस्ति अनी मुन्धुम अनुसार अनुसार गरी टा डेम कुराये जीमा ।
D-479	-0.794556736946106	माझामीजा टूकाट नुहुँना लिम्बू संस्ति अनी मुन्धुम अनुसार अनुसार गरी टा डेम कुराये जीमा ।
P-479	-0.1355 -1.2698 -1.4072 -2.2770 -1.4994 -0.9797 -1.5584 -2.2816 -0.7897 -0.0413 -0.0194 -0.4687 -1.0135 -1.3817 -0.0282 -0.5392 -0.0383 -1.0318 -0.0466 -2.0786 -0.0281 -0.0252 -0.8087 -0.0266 -1.0700 -0.0695 -0.5864 -0.1345 -1.3575 -2.9202 -0.6170 -0.1809 -0.2226 -0.0822
S-74	<2mgr>उमेर अनुसार बढ्न नसकेको मेरो बन्ठे शरीरको शीर अन्तरे झाँक्रीतिर आकाशमा हेरेझैं पूरै उतानो भएँ ।
T-74	उमेर अनुसार करङ्के माय्होक्च ङौ बन्ठे ज्यानो सीर अन्टरे झाँक्रीलाक नामाङ ङोस्नाङलखन पूरै उटानो ङाछान्हाङ ।
H-74	-0.5722839832305908	उमेर अनुसार बढी माय्होक्नाङ ङौ बन्ठे शरीर शीर अन्टरे झाँक्रीलाक आशाङ ङोस्केभ्याचको ।
D-74	-0.5722839832305908	उमेर अनुसार बढी माय्होक्नाङ ङौ बन्ठे शरीर शीर अन्टरे झाँक्रीलाक आशाङ ङोस्केभ्याचको ।
P-74	-0.0326 -0.0054 -0.0045 -0.0065 -0.0176 -0.0976 -0.4094 -1.5904 -1.8639 -0.2964 -0.0391 -0.1146 -0.1101 -0.0331 -0.1146 -0.1897 -0.1519 -0.4642 -1.8823 -0.6921 -0.4251 -0.0571 -0.9907 -0.0464 -0.0133 -0.0405 -0.6735 -0.6370 -1.0677 -0.0148 -0.2841 -4.0510 -0.8278 -2.3319 -0.9382 -0.0872
S-499	<2mgr>सबै बस्तुभाउले हल्ला खल्ला गर्न थालेकोले अघि प्रहर प्रहरमा मात्र बास्ने कुखुरा भालेहरु पनि छिटोछिटो बास्न थाल्यो ।
T-499	जम्मै बस्तुभाउय ह्ल्ला खल्ला जाट्के ठाल्चय म्हेनीङ गोराकाङ मात्रै राट्च ग्वो भाल्याको ड झोकोझोको राट्के ठाला ।
H-499	-0.506595253944397	जम्मै बस्तुभाउय हल्ला जाट्के ठाला ।
D-499	-0.506595253944397	जम्मै बस्तुभाउय हल्ला जाट्के ठाला ।
P-499	-0.0235 -0.0384 -0.0120 -0.0228 -0.0172 -0.0321 -0.0518 -0.2856 -0.0957 -2.6640 -0.1098 -3.1481 -0.0848
S-76	<2mgr>हुस्सुले छेकेर निस्पष्ट रुवाजस्तो आकृति तेर्सिरहेको मरिणलाई तिनले दुई हात जोडेर नमस्कार गरिन् ।
T-76	हुस्सुय हुप्म निस्पष्ट रुवालख आकृति टेर्डीस्मलेच मरिणके होच्यो न्हीस मीहुट जोड्डीम झोरा ।
H-76	-0.7482418417930603	आस्सुय डिन्म निस्कार रुवाजीकृति चेर्सिच मरिणके होसे न्हीस मीहुट जोड्डीम गरी ।
D-76	-0.7482418417930603	आस्सुय डिन्म निस्कार रुवाजीकृति चेर्सिच मरिणके होसे न्हीस मीहुट जोड्डीम गरी ।
P-76	-0.3103 -2.7996 -0.0957 -0.1279 -2.8205 -0.2475 -0.0614 -1.0536 -1.1737 -0.1443 -0.6438 -2.5721 -0.6745 -0.0444 -0.4796 -1.0359 -0.8369 -0.1971 -1.0572 -0.5137 -0.1829 -0.0800 -2.2910 -0.3373 -0.0207 -0.0099 -0.9252 -1.6702 -0.7075 -0.2901 -2.0793 -0.0605 -0.0355 -1.1579 -0.1193 -0.0797
S-2	<2mgr>मनमा माया भए पनि चाहिने बेलामा साथ नदिनेहरुको अगाडि थेन दुःखमा खुसी हुनेहरुको अगाडि आँसु देखाउने मन नभएपनि आँसुलाई रोक्न सकेन मैले ।
T-2	मीमनाङ माया लेनाङ ड चैडीस्च बेलाङ साठ मायाहाचकुङ अगाडी डुखा खुसी लेचकुङ अगाडी मीमीकडी टनाक्के मीमन मालेनाङड मीमीकडीके बाट्के माय्होका ङै ।
H-2	-0.5508630275726318	मीमनाङ माया डेनाङ ड चैडीस्च बेलाङ साथ मायाहाके अगाडी ठडीया माखाट्चकुङ अगाडी छान्ह्के मीमन माछान्ह्नीके माय्होका ङै ।
D-2	-0.5508630275726318	मीमनाङ माया डेनाङ ड चैडीस्च बेलाङ साथ मायाहाके अगाडी ठडीया माखाट्चकुङ अगाडी छान्ह्के मीमन माछान्ह्नीके माय्होका ङै ।
P-2	-0.2462 -0.0135 -0.0079 -1.1288 -0.0223 -0.0241 -0.0834 -0.8296 -0.0318 -0.0400 -0.8200 -1.1085 -0.0252 -0.4115 -0.3682 -0.0596 -1.5041 -0.2874 -0.6174 -2.0501 -1.1038 -0.3230 -0.6484 -0.0095 -1.2099 -0.0605 -2.1803 -0.6569 -1.3905 -0.0932 -0.5889 -0.6275 -0.0747 -0.0828
S-40	<2mgr>'साथी हो बाँचे आईन्छ , मरे राईफल सिरानीमा' सधैं छुट्टिने बेलामा ठट्टा गर्दै उनी भन्ने गथ्र्यो ।
T-40	'लाफा को जीवानाङ राहाले , सीनाङ राईफल सिरानीआङ' सेनडसेन छुट्टडीस्च बर्लाङ ठट्टा जाट्मन होच्य डेके जाट्ला ।
H-40	-0.5225654244422913	'लाफा आले जीवानाङ राहाले , ङारे राक्म सिरानीआङ' सधैं छुच बेलाङ ठट्टा जाट्मन ठट्टा जाट्मन होस डेम जाटोला ।
D-40	-0.5225654244422913	'लाफा आले जीवानाङ राहाले , ङारे राक्म सिरानीआङ' सधैं छुच बेलाङ ठट्टा जाट्मन ठट्टा जाट्मन होस डेम जाटोला ।
P-40	-0.0563 -0.0953 -0.5437 -0.0455 -1.2185 -0.0325 -0.0487 -0.7416 -0.1179 -0.0517 -0.2500 -0.0928 -0.0427 -3.1633 -0.5084 -0.0120 -0.0056 -0.4639 -0.4149 -0.1981 -0.9527 -0.8220 -1.0188 -0.3094 -0.3334 -0.1845 -0.0564 -0.8642 -1.2764 -0.1367 -1.0508 -1.2687 -0.4702 -2.2758 -0.0471 -0.0905 -0.0735
S-272	<2mgr>सामन्य बाक्लो कपडा लाएर उनी टहल्दै रातोपुलको यो गल्लीमा पुग्दा साँझको नौ बजिसकेको थियो ।
T-272	सामन्या बाक्लो कपडा बील्म होसे टहल्मन ग्याचपुलो होस गल्लीआङ टाहानाङ नामारलाको कू ङाह्मभ्याच लेया ।
H-272	-0.37319180369377136	सामन्य बाक्लो कपडा बील्ह्के होसे टीक्मन ग्याच बल्लीआङ इसे गल्लीआङ टानाङ नमार् लाको कु ङाके भ्यामन्या ।
D-272	-0.37319180369377136	सामन्य बाक्लो कपडा बील्ह्के होसे टीक्मन ग्याच बल्लीआङ इसे गल्लीआङ टानाङ नमार् लाको कु ङाके भ्यामन्या ।
P-272	-0.0395 -0.0600 -0.0301 -0.5634 -0.6590 -1.5527 -0.0018 -0.0431 -0.0119 -0.1067 -0.0121 -1.1151 -0.0062 -0.8289 -2.7429 -0.0735 -0.6610 -0.6268 -1.0782 -0.5312 -0.6005 -0.1478 -0.0096 -0.0026 -0.0575 -0.1029 -0.4498 -0.0762 -0.7997 -0.6180 -0.0134 -0.5086 -0.0497 -0.4253 -0.1162 -0.0570 -0.0050 -0.0184 -0.3294 -0.0945 -0.0748
S-153	<2mgr>हिजो बेलुकी छोरी कर्निमाया र छोरो सहनलाई सम्झेर रुँदारुँदै तिनी त्यही बेहोस भएर ढलेकी थिईन् ।
T-153	टीसीनीङ नामारलाक माझामीजा कर्निमाया अनी लेन्जामीजा सहनके आर्मीट्म राप्नाङराप्नाङन होसे होलाङ बेहोस छान्ह्म फुट्म लेया ।
H-153	-0.4743001461029053	टीसीनीङ नामारलाक माझामीजा कर्माया अनी लेन्जामीजाके आर्मीट्म राप्के होसे बेँमन लेया ।
D-153	-0.4743001461029053	टीसीनीङ नामारलाक माझामीजा कर्माया अनी लेन्जामीजाके आर्मीट्म राप्के होसे बेँमन लेया ।
P-153	-0.0215 -0.0146 -0.0084 -0.0578 -0.0920 -0.3434 -0.1677 -0.7303 -0.3369 -0.0423 -0.4672 -0.3113 -0.2737 -0.0870 -0.6158 -0.1390 -0.0606 -0.2304 -0.2507 -1.9080 -0.2760 -0.9844 -0.0221 -3.3655 -1.4818 -0.4368 -0.0810
S-386	<2mgr>'अहँ मलाई चाँहि यो मान्छे उभो लाग्ला जस्तो अतिकता पनि छैन । उभो लाग्ने पारको छँदै छैन । ' ससुराले भन्नु भयो ।
T-386	'अहँ ङाके च इसे भर्मी उभो लैडीस्लर् लख इटार ड माले । उभो लैडीस्च पारो लेमन माले । ' ससुराय डेयाको ।
H-386	-0.38082703948020935	'अँहँ ङाके च इसे भर्मी उभो लैडीस्च लख अटीकता ड माले । उभो लैडीस्च ले । ' ससुराय डेयाको ।
D-386	-0.38082703948020935	'अँहँ ङाके च इसे भर्मी उभो लैडीस्च लख अटीकता ड माले । उभो लैडीस्च ले । ' ससुराय डेयाको ।
P-386	-0.0433 -0.3534 -0.3970 -2.2222 -0.0767 -0.0743 -0.0699 -0.1764 -0.0124 -0.0171 -0.0050 -0.0191 -0.5209 -0.6120 -0.0052 -0.1650 -0.1777 -0.2791 -1.6862 -0.1652 -0.0309 -0.1143 -2.2939 -1.5186 -0.0447 -1.3036 -0.3146 -0.0816 -0.0917 -0.0685 -0.0583 -0.0518 -0.1047 -0.0972 -0.0763
S-425	<2mgr>केहि समय पछि आमाले बुबा पट्टि फनक्क फर्केर भन्नु भयो , 'विद्यालयमा रातो स्वेटर लागाउने भनेर गिज्याएको रे ! '
T-425	हीड समय न्हुनीङ मोइय बोइ पट्टी फनक्क ल्हेस्म डेयाको , 'विद्यालयाङ ग्याच स्वेटर बील्हीच डेम खेरेहेक्च टा ! '
H-425	-0.2705771327018738	हीड समय न्हुनीङ मोइय बोइ पट्टी फनक्क ल्हेस्म डेयाको , 'विद्यालयाङ ग्याच स्वेटर बील्ह्च डेम ग्याङ टा ! '
D-425	-0.2705771327018738	हीड समय न्हुनीङ मोइय बोइ पट्टी फनक्क ल्हेस्म डेयाको , 'विद्यालयाङ ग्याच स्वेटर बील्ह्च डेम ग्याङ टा ! '
P-425	-0.2230 -0.0153 -0.0130 -0.0316 -0.0398 -0.0753 -0.0404 -0.0217 -0.0045 -0.0668 -0.0107 -0.1313 -0.0093 -0.0626 -0.0932 -0.0531 -0.2859 -0.2777 -2.6812 -0.2563 -0.1752 -0.1167 -0.0082 -0.0057 -0.0619 -0.3460 -0.2374 -0.3820 -0.0119 -0.0431 -3.2733 -0.1111 -0.0501 -0.1807 -0.0741
S-503	<2mgr>'बुहारी ! तिमीलाई केहि हुँदैन । नरोउ ल मैले छारीहरुलाई फोन गर्न लगाएँ । तिनीहरु आएपछि अस्पतालमा लान्छौ ल । '
T-503	'बुहारी ! नाङके हीड माछान्ह्ले । माराप्न ल ङै माझामीजाकोके फोन जाट्के बीर्हीना । होसको राहाप्याक अस्पटालाङ नुहुँने ल । '
H-503	-0.48984450101852417	'बुहारी ! नाङके हीड माछान्ह्ले । मारोस्नी ङै माझामीजाकोके फोन जाट्के लैडीस्प्याक अस्पतालाङ नुहुँले । '
D-503	-0.48984450101852417	'बुहारी ! नाङके हीड माछान्ह्ले । मारोस्नी ङै माझामीजाकोके फोन जाट्के लैडीस्प्याक अस्पतालाङ नुहुँले । '
P-503	-0.0606 -0.1024 -0.4989 -0.0428 -0.0155 -0.0297 -0.0156 -0.0345 -0.2967 -3.1246 -0.3378 -2.9828 -0.2014 -0.4157 -0.5984 -0.0063 -0.0081 -0.0291 -0.0740 -0.0468 -0.2332 -1.1355 -0.1215 -0.8406 -1.0382 -0.1057 -0.1598 -2.2690 -0.0778 -0.1481 -0.1339
S-233	<2mgr>बज्यैले भनिन् तिमीले मात्र भनेर हुँदैन अर्को सदस्यहरु सेरे , भक्ते , आइते , माइते र लोडेलाई पनि सोध्नु त ।
T-233	बज्ये डेया ने मात्रै डेम माछान्ह्ले अरुको सदस्यको सेरे , भक्ते ,आइते , माइते अनी लोडैके ड गीनो च ।
H-233	-0.4162929952144623	बज्ये डेयार डेया ने मात्रै माछान्ह्ले आस्काट सदसको सेरे , भ्या , राहा , माइटे , माइटेके ड गीनाको ।
D-233	-0.4162929952144623	बज्ये डेयार डेया ने मात्रै माछान्ह्ले आस्काट सदसको सेरे , भ्या , राहा , माइटे , माइटेके ड गीनाको ।
P-233	-0.0638 -0.0191 -0.0826 -0.9759 -2.8378 -0.6138 -0.0555 -0.0058 -0.0149 -0.0126 -0.0017 -0.0055 -0.4453 -0.1735 -0.5160 -0.0042 -0.4157 -0.0887 -0.0382 -1.3338 -0.5235 -0.3647 -1.1438 -0.1016 -0.4102 -0.6564 -0.0757 -0.4219 -0.3510 -0.1082 -1.4950 -0.6401 -0.0735 -0.0839
S-444	<2mgr>कसैले यति बेला मर्छ भनेर पहिले नै थाहा पाउने भए मान्छेले पहिले नै सबै चिज खाएर पिएर सबैसँग बिदा मागेर बस्थ्यो होला ।
T-444	सुयर इडीक बेला सीले डेम पहीला न ठाहा डीन्के लेनाङ भर्मीय पहीला न जम्मै चिझ ज्याम गाम जम्मैकठा बीडा गीह्म ङुओला ओला ।
H-444	-0.47671058773994446	सुय इटार बेला सीले डेम पहीला न ठाहा डीन्ह्के लेनाङ भर्मीय पहीला न चीज गाम जम्मैकठा पीडास्म ङुओला ओला ।
D-444	-0.47671058773994446	सुय इटार बेला सीले डेम पहीला न ठाहा डीन्ह्के लेनाङ भर्मीय पहीला न चीज गाम जम्मैकठा पीडास्म ङुओला ओला ।
P-444	-0.0383 -0.1370 -1.2217 -1.0752 -0.2409 -0.0710 -0.0686 -0.0627 -0.0479 -0.0306 -0.0050 -0.1640 -0.4167 -0.0409 -0.1207 -0.0292 -0.0891 -0.3139 -0.3342 -1.0864 -0.0090 -1.4578 -0.1889 -2.6176 -1.2724 -1.9891 -1.1173 -0.1060 -0.2585 -0.0871 -0.0802
S-449	<2mgr>कलिलो मुनाबाट भखरै बसन्ततिर प्रवेश गरेका उनीहरुलाई घरगृहस्थी के हो र कसरी चलाउने केही थाहा थिएन ।
T-449	कलिलो मुनीङ भर्खरै बसन्तलाक प्रवेश जाट्च होसकोके इमगृहस्थी ही आले अनी कुटरी केट्के हीड ठाहा मालेया ।
H-449	-0.5126153230667114	कलिलो मीटाहाइङ भखरै बसन्तलाक प्रवेश जाट्च होसकोके इमगृह ढेमाङ ही आले र कुटरी ठाहा मालेया ।
D-449	-0.5126153230667114	कलिलो मीटाहाइङ भखरै बसन्तलाक प्रवेश जाट्च होसकोके इमगृह ढेमाङ ही आले र कुटरी ठाहा मालेया ।
P-449	-0.4158 -0.5346 -0.2115 -2.1142 -1.3711 -0.7414 -0.0141 -0.1132 -0.0594 -0.1864 -1.2287 -1.6708 -0.5068 -0.0277 -0.0297 -0.0315 -0.1741 -0.0962 -0.0124 -0.2524 -0.0079 -0.3319 -0.1453 -3.2525 -0.0438 -0.0207 -0.6257 -0.2030 -0.4141 -0.0244 -2.1817 -0.2220 -0.0864 -0.0775
S-271	<2mgr>बाबु दाज्युले झैं गरि राबत र वियोगी दाज्युले पनि मलाई एकै पटक भन्नु भयो , 'ईश्वर ! तिमी सुर्ता नगर हामी छौं । '
T-271	बाबु दाजीय लखन जाट्म राबत अनी वियोगी दाजीय ड ङाके काटै पटक डेयाको , 'ईश्वर ! ने सुर्टा माजाटो कान्को ले । '
H-271	-0.15952962636947632	बाबु दाजीय लखन जाट्म नाबीकबत अनी वियोगी दाजीय ड ङाके काट पटक डेयाको , 'ईश्वर ! ने सुर्टा माजाटो ले । '
D-271	-0.15952962636947632	बाबु दाजीय लखन जाट्म नाबीकबत अनी वियोगी दाजीय ड ङाके काट पटक डेयाको , 'ईश्वर ! ने सुर्टा माजाटो ले । '
P-271	-0.0110 -0.0446 -0.0453 -0.0688 -0.0070 -1.7450 -0.0429 -0.4200 -0.0523 -0.0134 -0.0593 -0.0118 -0.1654 -0.0473 -0.1906 -0.2332 -0.4398 -0.0423 -0.0692 -0.0394 -0.0097 -0.0246 -0.0698 -0.0084 -0.2886 -0.0140 -0.0452 -0.2536 -0.2273 -0.2465 -0.1901 -0.1182 -0.1039 -0.0755
S-431	<2mgr>दिदीले त्यो स्ट्याटस राखेको समयमा म भर्खरै अस्पतालबाट डिस्चार्ज भएर पाँच दिन मात्र भएको थियो ।
T-431	डैय हवस स्ट्याटस डाम समयाङ ङा भर्खरै अस्पतालाङ डिस्चार्ज छान्ह्म बाङ्गा याक मात्रै छान्ह्च लेया ।
H-431	-0.6247960329055786	डैय होस स्ट्याटस डाच समयाङ ङा भर्खरै अस्पतालव्हारा बीर्जना छान्ह्म याक छान्ह्च मात्रै लेया ।
D-431	-0.6247960329055786	डैय होस स्ट्याटस डाच समयाङ ङा भर्खरै अस्पतालव्हारा बीर्जना छान्ह्म याक छान्ह्च मात्रै लेया ।
P-431	-0.0090 -0.0948 -0.0439 -0.0189 -0.0145 -0.0047 -0.0230 -0.9028 -0.0249 -0.0704 -0.0230 -0.0578 -3.1049 -0.0310 -0.0274 -0.0153 -0.0382 -0.0089 -0.1991 -0.9197 -2.9383 -0.0097 -0.4504 -0.1072 -4.6460 -0.7250 -0.3349 -2.7505 -0.6880 -1.5436 -0.0895 -0.0779
S-170	<2mgr>उ माथी उक्लेर जिमिदार बसेको खाटको भुइमा ओछ्याइरहेको राडीमा अप्ठ्यारो मानीमानी टुसुक्क बस्यो ।
T-170	होस ढेमाङ काल्ह्म जिमिदार ङुच खाटो झाङ टाङ्मलेच राडीआङ अप्ठ्यारो मन्डीममन्डीम टुसुक्क ङुआ ।
H-170	-0.7834517955780029	होस ढेम ख्योहोम जिमिदारो खाटौ भुँइआङ ओछ्यानलेच राप्म अप्ठ्यारो सन्चो ङुवा ।
D-170	-0.7834517955780029	होस ढेम ख्योहोम जिमिदारो खाटौ भुँइआङ ओछ्यानलेच राप्म अप्ठ्यारो सन्चो ङुवा ।
P-170	-0.2071 -1.6414 -0.5691 -2.0291 -0.0153 -0.1853 -0.0643 -0.9026 -0.5973 -0.0037 -2.5916 -0.0195 -2.4218 -0.0142 -0.4633 -0.0395 -3.1777 -0.0345 -1.1637 -0.3639 -0.0367 -0.0428 -0.0152 -1.3582 -0.3756 -1.0581 -2.5946 -0.8669 -1.0539 -0.9965 -0.0908 -0.0765
S-301	<2mgr>मैले तीन चार पटक जति मेरो काँधमा लपक्क टाँसेको टाउको उठाएर उनेको सिटमा राखिदिएँ ।
T-301	ङै सोम बूली पटक जटी ङौ मीकाँढाङ लपक्क लाहाच मीटालु सोटार होच्यो सीटाङ डामयाहा ।
H-301	-0.5681636333465576	ङै सोम बूली पटक जटी ङौ मीचार्डीआङ लपक्क टाँसेओ सोट्के उठालो सोच सीटाङ ङाहा ।
D-301	-0.5681636333465576	ङै सोम बूली पटक जटी ङौ मीचार्डीआङ लपक्क टाँसेओ सोट्के उठालो सोच सीटाङ ङाहा ।
P-301	-0.0179 -0.0148 -0.5878 -0.0835 -0.0280 -0.0680 -0.0348 -0.0290 -0.0138 -0.0069 -0.5815 -0.1357 -0.2263 -0.0040 -0.0112 -2.2026 -1.2918 -0.1714 -0.3346 -0.1307 -1.5379 -1.9830 -0.0723 -0.6585 -0.6498 -0.7171 -3.1468 -0.7663 -0.6182 -1.8848 -0.0971 -0.0750
S-73	<2mgr>सानै उमेरमा आमाले मलाई जन्म दिएकोले हो कि खै किन ? आमाको दूध मैले पुग्ने गरि पिउन पाएन ।
T-73	मार्हचन उमेराङ मोइय ङाके फुन्ह्म याहाचय आले की खै हीक ? मोइओ डुढ ङै ओल्म गरी गाके माडीन्हा ।
H-73	-0.33230680227279663	मार्ह्च उमेराङ मोइय ङाके फुहुचय आले की खै हीकेो डुढ ङै ओल्म गरी गाके डीन्हा ।
D-73	-0.33230680227279663	मार्ह्च उमेराङ मोइय ङाके फुहुचय आले की खै हीकेो डुढ ङै ओल्म गरी गाके डीन्हा ।
P-73	-0.0268 -0.2134 -1.5642 -0.0741 -0.2293 -0.0411 -0.0208 -0.0279 -0.0435 -0.0397 -0.6553 -0.1384 -0.0809 -0.0580 -0.0085 -0.1363 -0.0032 -0.0276 -4.1998 -0.1068 -0.0166 -0.0491 -0.8365 -0.4511 -0.0329 -0.3078 -0.0184 -0.3445 -0.3814 -0.0913 -0.0764
S-311	<2mgr>गजलकार दाज्यु बाबु त्रिपाठीलाई सबैभन्दा पहिले मैले अनाम मण्डलीको एउटा साहित्यिक कार्यक्रममा देखन पाएको थिएँ ।
T-311	गजलकारु दाजी बाबु त्रिपाठीके जम्मैडेनाऽ पहीला ङै अनाम मण्डलीओ काट साहित्यिक कार्यक्रमाङ डाङ्के डीन्ह्च ङालेयाङ ।
H-311	-0.39373746514320374	गजलकार दाजी बाबु ट्रिपाठीके जम्मैडेनाङ पहीला ङै अण्लीओ काट साहित्यिक कार्यक्रमआङ डीन्ह्च ङालेयाङ ।
D-311	-0.39373746514320374	गजलकार दाजी बाबु ट्रिपाठीके जम्मैडेनाङ पहीला ङै अण्लीओ काट साहित्यिक कार्यक्रमआङ डीन्ह्च ङालेयाङ ।
P-311	-0.1521 -0.0726 -0.0226 -0.0635 -0.0568 -0.7417 -0.9371 -0.1483 -0.1254 -0.1499 -0.0057 -0.0941 -0.0596 -0.0744 -0.0423 -0.0405 -0.0814 -0.0209 -3.1736 -0.5939 -0.0529 -0.0289 -2.6281 -0.0071 -0.8679 -1.1583 -0.4750 -0.0758 -0.0766 -0.0966 -0.0820
S-381	<2mgr>भनौन मञ्जुल दाज्यु म जन्मनु भन्दा पहिले नै साहित्याको क्षेत्रमा , गायन क्षेत्रमा चिनिनु हुन्थ्यो ।
T-381	डेइङन मञ्जुल दाजी ङा फुन्ह्च डेनाङ पहीला न साहित्यो क्षेत्राङ , ल्हीङ्च क्षेत्राङ चीन्डीओलाको ।
H-381	-0.2508729100227356	डेइन मञ्जुल दाजी ङा जन्म डेनाङ पहीला न साठौ क्षेत्राङ , गायन क्षेत्राङ चीन्डीओलाको ।
D-381	-0.2508729100227356	डेइन मञ्जुल दाजी ङा जन्म डेनाङ पहीला न साठौ क्षेत्राङ , गायन क्षेत्राङ चीन्डीओलाको ।
P-381	-0.0092 -0.2013 -0.0195 -0.0096 -0.0225 -0.0503 -0.0293 -0.2570 -0.5822 -0.0095 -0.3365 -0.0102 -0.0173 -1.0973 -3.5111 -0.3699 -0.0187 -0.0110 -0.0216 -0.0927 -0.0467 -0.2628 -0.0752 -0.1058 -0.3220 -0.0345 -0.0589 -0.0035 -0.2047 -0.0304 -0.1282 -0.0783
S-487	<2mgr>'कति सुन्ने अर्काको कुरा । सधैं सन्तान सक्किने , सन्तान मास्सिने मात्र भन्ने । '
T-487	'कुडीक सेके अरकुङ कुरा । सेनडसेन सन्टान डुम्के , सन्टान मास्के मात्रै डेके । '
H-487	-0.5205822587013245	'कुडीक सेके अर्काओ कुरा । '
D-487	-0.5205822587013245	'कुडीक सेके अर्काओ कुरा । '
P-487	-0.0417 -0.0626 -1.0687 -0.5540 -0.1285 -0.0278 -1.4497 -0.0510 -0.0288 -0.1215 -2.5269 -0.1856
S-365	<2mgr>रगत आएको अनि दुखेकै बिर्सेर गुराँस फूलको जात्रा बनाएर खेल्थ्यौ हामी दुईजना ।
T-365	मीही राहाच अनी बीक्च म्याकार पटाकसारो जात्रा खासार गेसोला कान न्हीसजना ।
H-365	-0.5745490789413452	रगट राहाच अनी दुखेकै बिर्सम म्युम सारो जात्रा खासार गेस्के कान न्हीसजनाको ।
D-365	-0.5745490789413452	रगट राहाच अनी दुखेकै बिर्सम म्युम सारो जात्रा खासार गेस्के कान न्हीसजनाको ।
P-365	-1.6571 -1.2191 -0.0656 -0.1307 -0.2379 -1.9344 -0.0158 -0.3244 -0.0371 -0.1460 -2.4360 -0.0277 -0.4184 -0.6033 -1.6635 -1.1124 -0.0525 -0.0523 -0.0210 -0.0177 -0.9694 -0.0665 -0.1451 -0.7606 -0.3545 -1.1791 -0.2226 -0.0704 -0.0227 -2.2259 -0.1133 -0.0826
S-206	<2mgr>दाज्यु मञ्जुलले मायाले भन्नुभयो , 'हुँदैन , भाइ दुईजनालाई आज मैले बनाएको चिया खुवाउनु पर्छ । '
T-206	दाजी मञ्जुले जाक्म डेयाको , 'माछान्ह्ले , भया न्हीसजनाके छीनीङ ङे खास्च चाहा कास्के परीस्ले । '
H-206	-0.38492080569267273	दाजी मञ्जुलय जाक्म डेयाको , 'माछान्ह्ले , न्हीसजनाके छीनीङ ङै खास्च चीया । '
D-206	-0.38492080569267273	दाजी मञ्जुलय जाक्म डेयाको , 'माछान्ह्ले , न्हीसजनाके छीनीङ ङै खास्च चीया । '
P-206	-0.2543 -0.0092 -0.0048 -0.0276 -0.5764 -0.2389 -0.2088 -0.5815 -0.0310 -0.0750 -0.0518 -0.8982 -3.1048 -0.0736 -0.8817 -0.6573 -0.1522 -0.1540 -0.0385 -0.8866 -0.0335 -0.0639 -0.0315 -0.1130 -0.1977 -1.2651 -0.0896 -0.0774
S-457	<2mgr>मलाई मानिसहरुले एम्बुलेन्समा हालेर अस्पताल लाँदा आँखाबाट आँसु पिलिलि बगएर बसेको थियो ।
T-457	ङाके भर्मीकोय एम्बुलेन्साङा काम अस्पताल नुहुँनाङ मीमीकीङ मीकीकडी पिलिलि बगडीम ङुम लेया ।
H-457	-0.5319017767906189	ङाके भर्मीकोइ एम्बुलेन्साङ काल्लौ अस्पताल नुहुँके मीमीकीङ मीमीकडी पिलिम ङुम लेया ।
D-457	-0.5319017767906189	ङाके भर्मीकोइ एम्बुलेन्साङ काल्लौ अस्पताल नुहुँके मीमीकीङ मीमीकडी पिलिम ङुम लेया ।
P-457	-0.0558 -0.0442 -0.3950 -0.0211 -0.0323 -0.0103 -0.0086 -0.0072 -0.0806 -1.4034 -1.7376 -3.0204 -0.1141 -1.1171 -0.0725 -1.3820 -0.4490 -1.1121 -0.0056 -0.0048 -1.9650 -0.0171 -0.3839 -0.4813 -0.0969 -0.7086 -0.0913 -0.0755
S-354	<2mgr>म बिरामी भन्ने थाहा पाएर सुष्म दिदीले फेसबुक वालमा एउटा स्ट्याटस मेरो नाममा राख्नु भएछ ।
T-354	ङा छाच डम ठाहा डीन्ह्म सुष्म डैय फेसबुक वालाङ काट स्ट्याटस ङौ म्यारमीनाङ डालेसाको ।
H-354	-0.3931395709514618	ङा छाच डेच ठाहा डीन्ह्म सुष्म डैय फेसबुलाङ काट स्ट्याटस ङौ म्यारमीन डालेसा ।
D-354	-0.3931395709514618	ङा छाच डेच ठाहा डीन्ह्म सुष्म डैय फेसबुलाङ काट स्ट्याटस ङौ म्यारमीन डालेसा ।
P-354	-0.2238 -0.0016 -0.4189 -0.0927 -0.1334 -0.0474 -1.1540 -0.0950 -0.0052 -0.0443 -0.0071 -0.0541 -0.1688 -0.3060 -0.0284 -2.7955 -0.0281 -0.0861 -0.0917 -0.2676 -1.7692 -0.6918 -0.0401 -0.1801 -0.6221 -1.4138 -0.1621 -0.0790
S-428	<2mgr>'हजुर ! मेरो बच्चाले के बिगार गरेछ ? ' , डुकुले बुढा दुई हात जोडेर भित्र पस्यो ।
T-428	'ज्या ! ङौ मीजै ही बीगार जाटा ? ' , डुकुले बुढा न्हीस मीहुट जोर्डीम भीट्री पैडीसा ।
H-428	-0.31410759687423706	'ज्या ! ङौ मीजाकोय ही बिगार जाटा ? ' , डुकुले बुढाय न्हीस मीहुट जोड्डीम भीट्री पैडीसा ।
D-428	-0.31410759687423706	'ज्या ! ङौ मीजाकोय ही बिगार जाटा ? ' , डुकुले बुढाय न्हीस मीहुट जोड्डीम भीट्री पैडीसा ।
P-428	-0.0436 -0.3050 -0.0619 -0.0654 -0.1365 -1.7876 -0.3741 -0.0289 -2.2129 -0.0296 -0.0053 -0.6777 -0.1047 -0.0558 -0.0971 -0.0184 -0.0144 -0.1290 -0.9211 -0.0508 -0.1431 -0.0519 -0.0870 -0.1195 -0.1053 -0.2388 -0.9675 -0.0259 -0.7048 -0.0948 -0.0788
S-239	<2mgr>ए . . . तिमीलाई त्यति धेरै आँट भए त भोलीदेखिनै सबैलाई भेला पारेर तालिम शुरु गर्न पर्छ ।
T-239	ए . . . ने होडीक ढेर आँट लेनाङ च पीहीनीङ न जम्मैके भेला जाटार तालिम सुरु जाट्के पर्ले ।
H-239	-0.3852623403072357	ए . . . नाङके होटार ढेर आँट डेनाङ च पीहीनके भेला जाटा ।
D-239	-0.3852623403072357	ए . . . नाङके होटार ढेर आँट डेनाङ च पीहीनके भेला जाटा ।
P-239	-0.6172 -0.0654 -0.0731 -0.2889 -0.0253 -0.0377 -0.1030 -0.0059 -0.0277 -1.1608 -0.2871 -0.7726 -0.0402 -0.1941 -0.1011 -0.8680 -2.3796 -0.1904 -0.0820
S-465	<2mgr>बुढोले ठूलठूला आँखा फारेर मलाई घुरेर हेर्दै आवेशपूर्ण स्वरमा काम्दै बोल्यो ।
T-465	बुढोय करङ्चकरङ्च मीमीक च्याट्म ङाके घुर्डीस्म ङोस्मन आवेशपूर्ण स्वराङ होयोमन ङाका ।
H-465	-0.45699542760849	बुढोय करङ्च बर्डा मीमीक फारम ङाके घुर्डीम ङोस्मन आवेशपूर्ण स्वराङ काल्ह्मन ङाका ।
D-465	-0.45699542760849	बुढोय करङ्च बर्डा मीमीक फारम ङाके घुर्डीम ङोस्मन आवेशपूर्ण स्वराङ काल्ह्मन ङाका ।
P-465	-0.0824 -0.0203 -0.0370 -0.0843 -2.5293 -0.6000 -0.5276 -0.5126 -0.3815 -0.1962 -0.5928 -0.0925 -0.1101 -1.1120 -1.1983 -0.0030 -0.0328 -0.1775 -0.0632 -0.0204 -0.0096 -0.0230 -0.0075 -0.0109 -2.8995 -2.3016 -0.4534 -0.0741 -0.2906 -0.0062 -0.0977 -0.0757
S-406	<2mgr>तेराथुमको हम्मरजुङे चुरउटेदेखि दमकला पसहाटसम्मको मान्छे आउने ।
T-406	तेराथुमओ हम्मरजुङे चुरउटेईङ दमकला पसहाटसम्मओ भर्मी राहाके ।
H-406	-0.7637009024620056	टेठुमो हम्मेजुङ चुर खोटेव्हारा दम पसौसम्मो भर्मी राहाके भर्मी ।
D-406	-0.7637009024620056	टेठुमो हम्मेजुङ चुर खोटेव्हारा दम पसौसम्मो भर्मी राहाके भर्मी ।
P-406	-2.2491 -0.2787 -0.8118 -0.0328 -0.1767 -1.4569 -0.0059 -0.4498 -1.9635 -0.0480 -0.1702 -0.9070 -1.7111 -0.9147 -0.1740 -0.3360 -0.0219 -1.0712 -1.3930 -0.1057 -0.1616 -1.7263 -2.2700 -0.1416 -0.1541 -3.2435 -0.2370 -0.0422 -0.5792 -0.0778
S-358	<2mgr>कुँडुलेबाट कामीटार , गोपेफेदी हुँदै रामभेँडी डाँडाको उकालो चढ्यौं ।
T-358	कुँडुँलेईङ कामीटार , गोपेफेडी छान्ह्मन रामभेँडी डाँडाओ उकालो काल्हा ।
H-358	-0.5786884427070618	कुँडुँलेइङ कामीकाट , गोपेदी छान्ह्मन रामडीच डाँडाओ उकालो काल्ीङ ।
D-358	-0.5786884427070618	कुँडुँलेइङ कामीकाट , गोपेदी छान्ह्मन रामडीच डाँडाओ उकालो काल्ीङ ।
P-358	-0.0436 -0.1164 -0.0291 -0.1481 -0.1662 -1.2570 -0.2927 -0.0702 -0.0045 -0.6386 -1.7026 -0.0761 -0.7898 -1.1939 -0.0150 -0.2451 -0.0514 -0.0385 -0.0624 -0.9621 -2.7942 -0.8836 -0.2451 -0.0955 -0.2463 -0.0534 -0.0609 -0.0695 -3.6871 -2.3148 -0.0834 -0.0809
S-123	<2mgr>'मलाई थाहा नै छैन साँहिली आमा । मैले त चोरेकै छैन । ' पिँडीको डिलमा निक्लेर भने मैले ।
T-123	'ङाके ठाहा न माले साँहीली मोइ । ङै च खुस्च न माले । ' पीँडीओ छेवाङ ख्योहोम डेया ङै ।
H-123	-0.4555903375148773	'ङाके ठाहा न माले साँहीली मोइ । ङै च चोरेकै माले । ' पीँडीस्म ङे डेया ङै ।
D-123	-0.4555903375148773	'ङाके ठाहा न माले साँहीली मोइ । ङै च चोरेकै माले । ' पीँडीस्म ङे डेया ङै ।
P-123	-0.0597 -0.1506 -0.3492 -0.2660 -0.1104 -0.1204 -0.6157 -0.0905 -0.0125 -0.0859 -0.0076 -0.0930 -0.0079 -0.1939 -0.0629 -0.0813 -4.4107 -0.0375 -0.1000 -0.0292 -0.3704 -0.0027 -0.9895 -1.6560 -1.5379 -1.7688 -0.0415 -0.2322 -0.0964 -0.0873
S-173	<2mgr>'यति लामो वर्षलाई तिमी 'मात्र . . . ' भन्छौ चाइन्जो ए हरीलाला . . . . ? '
T-173	'होटार लोट्च ल्हेसके ने 'मात्र . . . ' डेले चाईन्जो ए हरीलाला . . . ? '
H-173	-0.5406571626663208	'होटार लोट्च ल्हेसके नाङआङत्र . . ' डेलाङ काटजना चाईन्जो ए हरीला . . . ? '
D-173	-0.5406571626663208	'होटार लोट्च ल्हेसके नाङआङत्र . . ' डेलाङ काटजना चाईन्जो ए हरीला . . . ? '
P-173	-0.0413 -0.8574 -0.0602 -0.0651 -0.2829 -0.4695 -0.2568 -0.0758 -0.0492 -1.5296 -2.3348 -0.1223 -0.0694 -0.3464 -0.2279 -0.3420 -2.3979 -1.3013 -1.0916 -0.2106 -0.0105 -0.2590 -1.3904 -0.8545 -0.0818 -0.0573 -0.2846 -0.9408 -0.1371 -0.0715
S-466	<2mgr>मनभित्र बलिरहेको आगो अनि आँसुलाई आँखाभित्रै लुकाएर मैले बाउमाइतीको अगाडि उति दुःख देखाइन ।
T-466	मीमनभीट्री ढामनलेच म्हे अनी मीमीकडीके मीमीकभीट्री आर्चीक्म ङै बोइमाइटीओ अगाडी होडीक डुखा माटानाका ।
H-466	-0.47908270359039307	मीमनभीट्री बलिस्मन म्हेन अनी मीमीकडीके मीमीकभीट्री आर्चीम ङै बोइमाइतीओ अगाडी उडीया ।
D-466	-0.47908270359039307	मीमनभीट्री बलिस्मन म्हेन अनी मीमीकडीके मीमीकभीट्री आर्चीम ङै बोइमाइतीओ अगाडी उडीया ।
P-466	-0.0321 -0.7726 -0.0338 -0.0858 -0.1522 -1.7974 -0.6263 -0.3172 -1.3752 -0.0274 -0.0317 -1.1814 -0.0763 -0.0174 -0.2229 -0.0094 -1.0927 -0.0218 -0.1589 -0.0722 -2.5490 -0.0686 -0.0110 -0.4967 -1.3723 -0.4915 -0.2437 -0.0771
S-209	<2mgr>हिजो बेलुकीको मात्र कुरा हो , १५५ नम्बरको सिबिरमा युएनको गाडी आएको थियो ।
T-209	टीसीनीङ नामबीलाको मात्रै कुरा आले , १५५ नम्बरो सिबिराङ युएनो गाडी राहाच लेया ।
H-209	-0.510841429233551	टीसीनीङ नामारलाक मात्रै कुरा आले , २ नम्बाङ सिबिराङ इसे गाच लेया ।
D-209	-0.510841429233551	टीसीनीङ नामारलाक मात्रै कुरा आले , २ नम्बाङ सिबिराङ इसे गाच लेया ।
P-209	-0.0221 -0.0113 -0.0080 -0.1027 -0.0656 -1.1637 -0.0202 -0.3598 -0.0169 -0.0149 -0.0568 -0.1099 -1.7945 -1.7435 -0.0095 -0.2030 -2.1259 -0.8042 -0.0169 -0.0692 -1.0039 -0.8877 -1.2961 -1.2016 -0.0974 -0.0767
S-396	<2mgr>तपाईंलाई थाहा नै छ , हाम्रो गाउँमा मन भुलाउने अरु कुनै मनोरन्जनको उपाय पनि त छैन ।
T-396	नाकोके ठाहा न ले , कानुङ लाङ्घाङ मीमन भुलडीके अरु सुड मनोरन्जनो उपाय ड च माले ।
H-396	-0.3076329827308655	नाकोके ठाहा न ले , कानुङ लाङ्घाङ मीमन भुट्डीके अरुन मनोरन्जनो उपाय ड माले ।
D-396	-0.3076329827308655	नाकोके ठाहा न ले , कानुङ लाङ्घाङ मीमन भुट्डीके अरुन मनोरन्जनो उपाय ड माले ।
P-396	-0.0123 -0.0433 -0.3518 -0.0956 -0.0251 -0.0624 -0.0240 -0.0176 -0.1466 -0.2660 -2.2289 -0.8739 -0.6256 -0.0605 -0.0982 -0.1645 -0.0444 -0.0330 -0.9145 -0.5091 -0.0686 -0.0081 -0.9201 -0.0294 -0.2102 -0.0247 -0.6776 -0.0779
S-328	<2mgr>मेरो शिक्षण अभ्यास भएको विद्यालय चाँहि भक्तपुरको कुटञ्जेमा भएको महेन्द्र निमाविमा थियो ।
T-328	ङौ शिक्षण अभ्यास छान्ह्च विद्यालय च भक्तपुरो कुटञ्जेआङ लेच महेन्द्र निमाविआङ लेया ।
H-328	-0.3782269060611725	ङौ शिक्षण अभ्यास छान्ह्च विद्यालय च भक्तपुरो कुटञ्जे छान्ह्च मन्द्रआङ निन्द्रआङ लेया ।
D-328	-0.3782269060611725	ङौ शिक्षण अभ्यास छान्ह्च विद्यालय च भक्तपुरो कुटञ्जे छान्ह्च मन्द्रआङ निन्द्रआङ लेया ।
P-328	-0.0286 -0.0466 -0.0229 -0.0440 -0.0252 -0.2113 -0.2137 -0.2254 -0.1067 -0.0412 -0.0113 -0.0341 -0.0097 -2.6648 -0.4985 -2.2458 -0.3371 -1.2199 -0.2371 -0.1548 -0.1371 -0.9884 -0.4294 -0.0837 -0.2348 -0.5110 -0.0381 -0.0915 -0.0759
S-384	<2mgr>'अब यिनी ठिक होला जस्तो छैन । अघि भन्दा केहि परिवर्तण छैन त ? ' ससुराले भन्नु भयो ।
T-384	'अब इसे ठीक ओला लख माले । म्हेनीङ डेनाङ हीड परिवर्तण माले च ? ' ससुराय डेयाको ।
H-384	-0.24538832902908325	'अब इस ठिक ओला लख माले । म्हेनीङ हीड परिवर्ण माले च ? ' ससुराय डेयाको ।
D-384	-0.24538832902908325	'अब इस ठिक ओला लख माले । म्हेनीङ हीड परिवर्ण माले च ? ' ससुराय डेयाको ।
P-384	-0.0494 -0.0184 -0.0162 -0.1352 -0.8552 -0.0052 -1.0018 -0.1125 -0.0094 -0.0180 -0.1189 -1.0208 -0.0144 -0.0733 -0.1112 -1.4328 -0.0230 -0.3091 -0.1181 -0.7516 -0.0545 -0.0559 -0.0127 -0.0604 -0.0622 -0.1067 -0.0786
S-337	<2mgr>यकिना दाज्युको पुस्तक पढेपछि मैले आफ्नो मातृभाषामा जगल लेख्न थालेँ , थाहा नपाइ ।
T-337	यकिना दाजीओ पुस्तक पढीस्प्याक ङै मेनो मोइभाषाङ जगल रीक्के ङाठालाङ , ठाहा माडीन्ह्म ।
H-337	-0.4164031445980072	यीना दाजीओ पुस्तक पढीस्प्याक ङै मेनो मोइभाषाङ जगल रीक्के ठाल्च , ठाहा माडीन्ह्म माडीन्हा ।
D-337	-0.4164031445980072	यीना दाजीओ पुस्तक पढीस्प्याक ङै मेनो मोइभाषाङ जगल रीक्के ठाल्च , ठाहा माडीन्ह्म माडीन्हा ।
P-337	-3.1674 -2.1905 -0.2878 -0.0504 -0.0268 -0.0409 -0.0183 -0.0826 -0.0254 -0.0463 -0.3977 -0.1521 -0.0217 -0.0308 -0.0132 -0.0574 -0.1215 -0.0963 -0.0200 -0.0492 -0.5195 -1.5931 -0.1221 -0.0151 -0.4576 -0.2923 -1.2334 -1.1787 -0.1063 -0.0776
S-458	<2mgr>राल्फाली आन्दोलन ताका दाज्युले धेरै गीतहरु जनताको सामु अनुवाद गरेर गाउँनु भएछ ।
T-458	राल्फाली आन्दोलन टाका दाजीय ढेर ल्हीङको जनतौ सामु अनुवाद जाट्म ल्हीङ्लेसा ।
H-458	-0.30136001110076904	राल्फाली आन्दोलन टाका दाजीय ढेर ल्हीङको जनताओ सामुवाद जाट्म लाङ्घा जाटलेसा ।
D-458	-0.30136001110076904	राल्फाली आन्दोलन टाका दाजीय ढेर ल्हीङको जनताओ सामुवाद जाट्म लाङ्घा जाटलेसा ।
P-458	-0.0126 -0.0523 -0.0224 -0.0312 -0.0985 -0.0172 -0.0084 -0.0346 -0.0700 -0.1887 -0.1148 -0.0035 -0.0897 -0.0084 -0.1102 -0.0473 -0.0327 -0.0059 -0.1711 -0.1371 -0.0043 -1.3849 -0.1284 -1.3170 -0.3838 -3.1021 -0.8239 -0.2595 -0.0792
S-216	<2mgr>हिसाब तिरेर हिड्नै लाग्दा 'दिदीहरु कता जान लागेको ? ' भनेर मैले सोधेँ ।
T-216	हीसाब टीर्डीम व्हाके न पानाङ 'डैय कुलाक नुहुँके पाच ? ' डेम ङै गीना ।
H-216	-0.5865013599395752	टीबै टीर्डीम व्हाके पानाङ 'दिदीको कुलाक नुहुँके पाच ? ' ङै गीना ।
D-216	-0.5865013599395752	टीबै टीर्डीम व्हाके पानाङ 'दिदीको कुलाक नुहुँके पाच ? ' ङै गीना ।
P-216	-0.4752 -0.0596 -2.2964 -2.6571 -1.8985 -0.7741 -0.0119 -0.0266 -0.2231 -0.2055 -0.1323 -2.8895 -0.2159 -0.1539 -0.8510 -0.0467 -0.1800 -0.0229 -0.0428 -0.0730 -0.0470 -0.5583 -0.1502 -0.0846
S-171	<2mgr>हिले बजारको चिसो हावाले यता हान्ने उता हान्ने गर्दा गर्दै बस हिड्ने समय भयो ।
T-171	हिले बजारो क्योक्च नाम्सुय इलाक ङाप्के आलाक ङाप्के जाट्नाङ जाट्नाङ बस व्हाके समय छान्हा ।
H-171	-0.33011212944984436	हीले बजारो क्योक्च नाम्सुय इलाक व्हाके उलाक व्हाके समय व्हाके समय छान्हा ।
D-171	-0.33011212944984436	हीले बजारो क्योक्च नाम्सुय इलाक व्हाके उलाक व्हाके समय व्हाके समय छान्हा ।
P-171	-0.0113 -0.0082 -0.0110 -0.0423 -0.0216 -0.0059 -0.0057 -0.0025 -0.2519 -0.1988 -0.4473 -0.0710 -0.0797 -0.1113 -0.7705 -0.3287 -1.7143 -0.4928 -2.0966 -0.1370 -0.0881 -1.1818 -0.5753 -0.0270 -0.0567 -0.0963 -0.0795
S-409	<2mgr>तालुङ गाउँको ठिटाहरुले सीप सिकेर सिपालु भएपछि कसैले गाउँमै कारखाना चलाउला।
T-409	तालुङ लाङ्घौ ठीटाकोके सीप पाहार सिपालु छान्प्याक सुय लाङ्घाङ न कारखाना केटचले ।
H-409	-0.515555739402771	तालुङ लाङ्घौ ठिटाकोय सीप सीपालु लेनाङ सुयर लाङ्घा न कारखाना काउला ।
D-409	-0.515555739402771	तालुङ लाङ्घौ ठिटाकोय सीप सीपालु लेनाङ सुयर लाङ्घा न कारखाना काउला ।
P-409	-0.0278 -0.0246 -0.0486 -0.0319 -0.0132 -0.0568 -0.7888 -0.0553 -0.2898 -0.2503 -0.0106 -0.3793 -1.6424 -3.0569 -0.3546 -1.6167 -0.0280 -0.1766 -1.2998 -1.7560 -0.1292 -0.0697 -0.0207 -1.3457 -0.0787 -0.6565 -0.1495 -0.0777
S-440	<2mgr>त्यही आइमाईले बिना पारिश्रमिक रक्सिले मेरो होस नखुलेसम्म स्याहारेर बस्यो ।
T-440	होसे माझाय बिना पारीश्रमिक रक्सिय ङौ होस माखुल्डीस्नाङसम्म स्याहार्डीम ङुआ ।
H-440	-0.8955070972442627	होसे माझामीजै बिन पार्डीसमिक अनी ङौ होस माखुर्सीय ङौ मासेहेम ङुटा ।
D-440	-0.8955070972442627	होसे माझामीजै बिन पार्डीसमिक अनी ङौ होस माखुर्सीय ङौ मासेहेम ङुटा ।
P-440	-0.1140 -2.8712 -0.3091 -0.4074 -0.0385 -1.2312 -2.4503 -0.6650 -0.6608 -0.6470 -0.6414 -0.0889 -0.0886 -0.9460 -1.5378 -0.0989 -1.4736 -2.0622 -0.7076 -0.0683 -0.8173 -3.4193 -1.0250 -0.0499 -0.9632 -1.5125 -0.1037 -0.0755
S-517	<2mgr>गर्मीयाममा न गर्मी नै हुन्छ , जाडोयाममा न त अचाक्ली जाडो नै हुन्छ ।
T-517	उम्चयामाङ न उम्च न छान्ह्ले , जुम्ह्चयामाङ न च अचाक्की जुम्ह्च न छान्ह्ले ।
H-517	-0.03969922289252281	उमनामाङ न गर्मी न छान्ने , जुमनामाङ न च बड्को जुम्म न छान्ने ।
D-517	-0.03969922289252281	उमनामाङ न गर्मी न छान्ने , जुमनामाङ न च बड्को जुम्म न छान्ने ।
P-517	-0.0194 -0.0098 -0.0209 -0.0666 -0.0247 -0.0009 -0.0105 -0.0498 -0.0165 -0.0100 -0.1161 -0.0735 -0.0140 -0.0110 -0.0776 -0.0410 -0.0232 -0.0108 -0.0249 -0.0082 -0.0951 -0.0279 -0.0173 -0.0918 -0.0296 -0.1003 -0.0803
S-314	<2mgr>कक्षाभित्र पहिलो पटक शिक्षण अभ्यास गरेको भए पनि विद्यार्थीहरुलाई पढाएको चाँहि मेरो पहिलो पटक थिएन ।
T-314	कक्षाभीट्री पहीलो पटक शिक्षण अभ्यास जाट्च डेनाङ ड विद्यार्थीकोके पढीसाक्च च ङौ पहीलो पटक मालेया ।
H-314	-0.15839238464832306	कक्षाभीट्री पहिला पटक शिक्षण अभ्यास जाट्च लेनाङ ड विद्यार्थीकोके पढीसाक्च च ङौ पहीलो पटक मालेया ।
D-314	-0.15839238464832306	कक्षाभीट्री पहिला पटक शिक्षण अभ्यास जाट्च लेनाङ ड विद्यार्थीकोके पढीसाक्च च ङौ पहीलो पटक मालेया ।
P-314	-0.0100 -0.1716 -0.0327 -0.0331 -0.2630 -0.0339 -0.1205 -0.0598 -0.1460 -0.0336 -0.0380 -0.0139 -0.0366 -0.0516 -0.5220 -0.0520 -0.0417 -0.0218 -0.0869 -0.5447 -0.0774 -0.0204 -0.0137 -1.8076 -0.0451 -0.1231 -0.0231 -0.0914 -0.0784
S-370	<2mgr>सुन्यौ माईला यिनीहरुले जित्यो भने त हामीजस्तो गरिबको दिन फिर्छ रे ।
T-370	सेया माईला इसकोइ जीटा डेनाङ च कानलख गरीबो याक ल्हेस्ले टा ।
H-370	-0.4791082441806793	सुन्यौ माईला इटारकोय जीटा डेनाङ कान चलख गरीबौ याक फीर्ले टा ।
D-370	-0.4791082441806793	सुन्यौ माईला इटारकोय जीटा डेनाङ कान चलख गरीबौ याक फीर्ले टा ।
P-370	-0.0072 -0.0687 -0.2351 -0.2766 -0.0178 -0.0220 -0.4835 -3.3010 -0.9189 -0.2003 -0.0027 -1.8517 -0.0795 -0.5955 -0.7531 -1.9549 -0.0260 -1.4932 -0.0251 -0.0567 -0.0183 -0.2112 -0.0798 -0.0092 -0.5439 -0.0194 -0.0858 -0.0778
S-455	<2mgr>दाज्युले त्यसो भनि रहनुहुँदा मैले दाज्युको अनुहारमा पुलुक्क हेरेँ , दाज्युले थाहा नपाउने गरि ।
T-455	दाजीय होट डेम लेनाङ ङै दाजीओ मीटाहाङ पुलुक्क ङाङोसाङ , दाजीय ठाहा माडीन्ह्म गरी ।
H-455	-0.38646477460861206	दाजीय होट डेया अनी माछान्ह्नाङ ङै दाजीओ मीटाहाङ पुलुक्क ङोसा , दाजीय ठाहा माडीन्ह्म गरी ।
D-455	-0.38646477460861206	दाजीय होट डेया अनी माछान्ह्नाङ ङै दाजीओ मीटाहाङ पुलुक्क ङोसा , दाजीय ठाहा माडीन्ह्म गरी ।
P-455	-0.0127 -0.4243 -2.6826 -0.1354 -3.7330 -1.1791 -0.0523 -0.0563 -0.0119 -0.0489 -0.0144 -0.1454 -0.2505 -0.0086 -0.0342 -0.1497 -0.1472 -0.0631 -0.0111 -0.0570 -0.2117 -0.0289 -0.0210 -0.1022 -0.0802
S-136	<2mgr>कुखुरा माउ क्लक क्लक आवाज निकालेर चल्लाहरुलाई फाकाउँदै थियो सायद ।
T-136	ग्वा मोइ क्लक क्लक आवाज छ्युक्म ग्वामीजाकोके होम्मन लेया सायद ।
H-136	-0.3160707950592041	ग्वा मोइ क्लक क्लक आवाज निकालीकोके फाक्मन लेया सायद ।
D-136	-0.3160707950592041	ग्वा मोइ क्लक क्लक आवाज निकालीकोके फाक्मन लेया सायद ।
P-136	-0.1109 -0.1098 -0.2307 -0.0857 -0.0986 -0.0156 -0.0539 -0.1094 -0.9944 -0.0071 -2.7068 -0.5902 -0.2626 -0.1009 -0.3872 -0.3527 -0.0803 -0.0298 -0.0406 -0.4856 -0.0675 -0.5060 -0.0818 -0.0776
S-175	<2mgr>समाजको अन्धो कानुनको डारीले उनीहरुलाई पनि च्याप्प बाँधेर राखेको छ ।
T-175	समाजो अन्ढा कानुनो डारीय होसकोके ड च्याप्प छ्याक्म डाम ले ।
H-175	-0.5392450094223022	साङजौ अन्धो काके डानीय होसकोके ड च्याप्प छ्याक्म डाम ले ।
D-175	-0.5392450094223022	साङजौ अन्धो काके डानीय होसकोके ड च्याप्प छ्याक्म डाम ले ।
P-175	-0.7776 -0.9473 -0.3114 -0.1117 -0.1637 -0.0069 -0.6579 -0.0340 -0.2667 -2.0589 -0.5927 -2.5579 -1.4356 -0.5560 -0.0189 -0.0296 -0.0598 -0.1889 -0.0717 -1.2454 -1.0471 -0.5334 -0.0138 -0.1434 -0.5461 -0.1043 -0.0790
S-130	<2mgr>कातिके डाँडा पर्यटकीय दृष्टिले अति नै रमणीय स्थल हो ।
T-130	कातिके डाँडा पर्यटकीय दृष्टिय ढेर न मीमराङ्च स्थल आले ।
H-130	-0.5810521841049194	हामीलाई डाँडा परीस्यौकीले दृष्टिय अति न अनीमणी तिथल आले ।
D-130	-0.5810521841049194	हामीलाई डाँडा परीस्यौकीले दृष्टिय अति न अनीमणी तिथल आले ।
P-130	-3.9088 -0.1508 -0.1103 -1.2544 -0.1391 -0.2087 -0.7232 -0.3850 -0.0838 -0.0117 -0.0764 -0.0758 -0.2436 -0.0453 -0.5091 -0.0339 -0.2500 -0.7893 -0.4275 -2.0905 -0.1715 -0.5038 -3.7251 -0.0162 -0.1411 -0.0156 -0.1005 -0.0785
S-132	<2mgr>'तिर्खामा नपाएको मोहि र बैसमा नपाएको पोइ के काम ? ' अब मैले हारेँ ।
T-132	'डी सुन्नाङ माडीन्च मोही अनी बैसाङ माडीन्च लेन्जा ही काम ? ' अब ङै हार्डीसा ।
H-132	-0.6614450216293335	'नाकाङ माडीन्ह्च मोही अनी बैसाङ माडीन्म ही काम ? ' ङै होयोका ।
D-132	-0.6614450216293335	'नाकाङ माडीन्ह्च मोही अनी बैसाङ माडीन्म ही काम ? ' ङै होयोका ।
P-132	-0.0437 -3.6313 -0.8581 -0.1745 -1.9386 -1.2489 -0.0839 -0.4138 -0.0174 -0.1846 -1.0931 -1.0903 -0.1429 -1.2181 -0.1664 -0.0583 -0.1061 -0.2338 -0.0085 -0.2651 -0.0524 -2.6573 -0.0974 -0.0900
S-211	<2mgr>'प्लिक्सि' छापेरे केहि महिना पछि मैले सुष्म दिदीलाई फोन मार्फत् सम्झेँ ।
T-211	'प्लिक्सि' छाप्डीम हीड महीना न्हुनीङ ङै सुष्म डैके फोन ईङ आर्मीटा ।
H-211	-0.042809247970581055	'प्लिक्सि' छाप्डिआर सुर महिना न्हुन ङै सुष्म डैकी फोन लाकिङ आर्मीटा ।
D-211	-0.042809247970581055	'प्लिक्सि' छाप्डिआर सुर महिना न्हुन ङै सुष्म डैकी फोन लाकिङ आर्मीटा ।
P-211	-0.0406 -0.0055 -0.0221 -0.0098 -0.0158 -0.0969 -0.0142 -0.0138 -0.0584 -0.0090 -0.0105 -0.0737 -0.4293 -0.0197 -0.0709 -0.0284 -0.0162 -0.0216 -0.0147 -0.0135 -0.0069 -0.0446 -0.0019 -0.0120 -0.0361 -0.0182 -0.0279 -0.0160 -0.0176 -0.0877 -0.0735
S-119	<2mgr>पेटभरि खाना पायो भने अनि आङभरि लगाउन पायो भने मलाई पुग्यो , अरु केही चाहिदैन ।
T-119	मीटुकभरी ज्याकी डीना डेनाङ अनी ज्यानभरी बील्की डीना डेनाङ ङाकी ओल्ले , अरु हीड माचैडीस्ले ।
H-119	-0.5439395904541016	मीटुकभरी ज्याके डीन्हा डेनाङ अनी आर्ङभरी लैडीया डेनाङ ङाके टाहा , अरु चैडीसा हीड माचैडीस्ले ।
D-119	-0.5439395904541016	मीटुकभरी ज्याके डीन्हा डेनाङ अनी आर्ङभरी लैडीया डेनाङ ङाके टाहा , अरु चैडीसा हीड माचैडीस्ले ।
P-119	-0.3082 -0.0176 -0.2014 -0.0653 -1.9380 -0.1236 -0.0107 -0.0179 -0.2167 -1.4642 -1.4213 -0.7710 -3.7649 -0.1044 -0.0129 -0.0693 -0.1168 -0.3385 -0.0492 -0.4544 -0.4315 -1.0444 -0.3559 -0.0433 -2.1119 -0.0288 -0.1215 -0.0916 -0.0792
S-168	<2mgr>'लै नयाँ दुलाही आइपुगी सगुन राख' जम्मा भइरहेका भित्रैबाट एकजनाले भन्यो ।
T-168	'लै नयाँ दुलाही टाराहा सगुन डानी' जम्मा छान्ह्मनलेच भीट्रीईङ काटजनै डेया ।
H-168	-0.3045119047164917	'लै नयाँ दुलाही टागी सगुन डानी' जम्मा छान्ह्मलेच भीट्रीङ काटजनाय डेया ।
D-168	-0.3045119047164917	'लै नयाँ दुलाही टागी सगुन डानी' जम्मा छान्ह्मलेच भीट्रीङ काटजनाय डेया ।
P-168	-0.0454 -0.0737 -0.0481 -0.0963 -0.2790 -0.2247 -1.1269 -2.4488 -0.0066 -0.0082 -0.0424 -0.2226 -0.6543 -0.0463 -0.0081 -0.0069 -0.0283 -0.5820 -0.8413 -0.0777 -0.0200 -0.0289 -0.6084 -0.3948 -0.1363 -0.0827 -0.0832
S-220	<2mgr>मेरो भर्खरै 'नोरि' नामको कविता संग्रह निक्लेर केहि महिना मात्र भएको थियो ।
T-220	ङौ भर्खरै 'नोरि' म्यारमीनो कविता संग्रह ख्योहोच हीड महीना मात्रै छान्ह्च लेया ।
H-220	-0.22144320607185364	ङौ भर्खरै 'नोरि' म्यारमीनो कविता संग्रह ख्योहोम हीड महीना मात्रै छान्ह्च लेया ।
D-220	-0.22144320607185364	ङौ भर्खरै 'नोरि' म्यारमीनो कविता संग्रह ख्योहोम हीड महीना मात्रै छान्ह्च लेया ।
P-220	-0.0143 -0.0090 -0.0324 -0.0073 -0.0252 -0.0821 -0.0165 -0.1118 -0.0792 -0.0697 -0.0008 -0.0214 -0.0222 -0.0125 -0.0028 -0.2287 -2.9223 -0.0123 -0.0958 -0.0269 -0.1344 -0.0241 -0.3348 -1.4804 -0.0469 -0.0973 -0.0679
S-152	<2mgr>छिप्पिएर सुक्न लागेको उखु जस्तै जवानीको रसले निथ्रुक्क भिज्यो ।
T-152	मराङ्म छोक्के पाच खुम लख जवानीओ रसे निथ्रुक्क छीमाहा ।
H-152	-0.5933682322502136	छप्पिडीस्म सुक्डीके पाच होच्यो लख जवानीओ रसय निठुक्क छीना ।
D-152	-0.5933682322502136	छप्पिडीस्म सुक्डीके पाच होच्यो लख जवानीओ रसय निठुक्क छीना ।
P-152	-1.1042 -0.6508 -0.0971 -0.6855 -0.5275 -1.3174 -0.1270 -2.2681 -0.2306 -0.1818 -0.0110 -3.1048 -0.3882 -0.5625 -0.0236 -0.1304 -0.1013 -0.3784 -0.0372 -0.2446 -0.3793 -1.4958 -0.0264 -0.0313 -0.3446 -1.9963 -0.0926 -0.0759
S-317	<2mgr>त्यो कुकुरले गर्दा सानोमा बाघले थपक्क टिपेर लगेको घरको कुकुरलाई सम्झेँ ।
T-317	होस चीऊय जाट्नाङ मार्ह्नाङ बाघे ठपक्क ढुम्म नुहुँच इमौ चीऊके आर्मीटा ।
H-317	-0.16492731869220734	होस चीऊय जाट्नाङ मार्ह्चाङ बाघय ठपक्क ढुमार नुहुँच इमो चीऊके आर्मीटा ।
D-317	-0.16492731869220734	होस चीऊय जाट्नाङ मार्ह्चाङ बाघय ठपक्क ढुमार नुहुँच इमो चीऊके आर्मीटा ।
P-317	-0.0065 -0.0285 -0.0603 -0.0092 -0.2470 -0.1873 -1.3058 -0.0666 -0.0091 -0.4546 -0.0161 -0.0181 -0.0932 -0.0514 -0.0284 -0.6629 -0.0063 -0.0227 -0.2108 -0.1100 -0.0221 -0.1714 -0.0916 -0.0784
S-196	<2mgr>'अब म यसको आँखाले नदेख्ने ठाउँमा टाढा जान्छु आमा' फुर्साङले भन्यो ।
T-196	'अब ङा इच्यो मीमीके माडाङ्च ठाउँआङ लोसाङ नुहुँले मोइ' फुर्साङे डेया ।
H-196	-0.16890902817249298	'अब ङा इच्यो मीमीक माडाङ्च ठाउँआङ लोसाङ लोसाङ नुहुँले मोइ' फुर्साङ डेया ।
D-196	-0.16890902817249298	'अब ङा इच्यो मीमीक माडाङ्च ठाउँआङ लोसाङ लोसाङ नुहुँले मोइ' फुर्साङ डेया ।
P-196	-0.0543 -0.0257 -0.0447 -0.0418 -0.0796 -0.0259 -0.2237 -0.4430 -0.1025 -0.0409 -0.1039 -0.0045 -0.1029 -0.0094 -0.2909 -0.1956 -0.2944 -0.2253 -0.1256 -0.3488 -0.2196 -0.0556 -0.0196 -0.0154 -1.3019 -0.0903 -0.0747
S-512	<2mgr>त्यस बेला पोङ समातेपछि पोङ राखेकोलाई छोडेर अर्कोलाई जान नहुने चलन थियो ।
T-512	होडीक बेला पोङ जीम्प्याक पोङ डाचके डासार आस्काट्के नुहुँक्के माछान्ह्के चलन लेया ।
H-512	-0.3638664484024048	होस बेला पोङ जीम्प्याक पोङ डाचके डासार आस्काटके नुहुँके माछान्ह्च चलन लेया ।
D-512	-0.3638664484024048	होस बेला पोङ जीम्प्याक पोङ डाचके डासार आस्काटके नुहुँके माछान्ह्च चलन लेया ।
P-512	-0.0120 -0.0574 -0.0290 -0.0996 -0.0579 -2.8828 -0.0280 -0.0232 -0.1598 -0.0310 -1.3969 -0.0834 -0.0138 -0.4568 -0.2428 -0.0447 -0.0809 -0.2838 -1.6354 -1.3110 -0.2415 -0.0586 -0.0389 -0.0222 -0.0911 -0.0780
S-326	<2mgr>त्यो घरको कुकुर र त्यो न्यातपोल मन्दिरमा भेटेको कुकुरमा रङ केहि भिन्न थिएन ।
T-326	होस इमौ चीऊ अनी होस न्यातपोल मन्दिराङ डूप्च चीऊआङ रङ हीड भीन्न मालेया ।
H-326	-0.18005944788455963	होस इमो चीऊ अनी होस न्यातपोल मन्दिराङ डूप्च चीऊ अनी हीड भीन्न मालेया ।
D-326	-0.18005944788455963	होस इमो चीऊ अनी होस न्यातपोल मन्दिराङ डूप्च चीऊ अनी हीड भीन्न मालेया ।
P-326	-0.2553 -0.0145 -0.0165 -0.1339 -0.0618 -0.2515 -0.0187 -0.0217 -0.0316 -0.0565 -0.0256 -0.0172 -0.0118 -0.0085 -0.0853 -0.0119 -0.5896 -0.2783 -0.0320 -1.2900 -1.0631 -0.0199 -0.0318 -0.0983 -0.0760
S-231	<2mgr>पूजा नगरी खानु हुँदैन छोरा ! मरिणठाकुरलाई भाकाल बुझाउनु पर्छ ।
T-231	पूजा माजाट्म ज्याके माछान्ह्ले लेन्जामीजा ! मरिणठाकुरके भाकाल बुझडीके पर्ले ।
H-231	-0.40403661131858826	पूजा मागरी ज्याके माछान्ह्ले लेन्जामीजा ! मरिणठाकुरे भाकाल बुझडीके पर्ले ।
D-231	-0.40403661131858826	पूजा मागरी ज्याके माछान्ह्ले लेन्जामीजा ! मरिणठाकुरे भाकाल बुझडीके पर्ले ।
P-231	-0.0187 -0.0056 -0.0266 -0.6130 -2.3039 -0.0239 -0.7261 -0.0456 -0.4330 -0.3020 -0.1753 -1.4088 -0.0205 -0.0787 -1.8900 -0.0517 -0.9642 -0.2425 -0.0064 -0.0279 -0.4645 -0.2671 -0.2033 -0.0254 -0.1015 -0.0789
S-527	<2mgr>भूत , प्रेत र धामीप्रति विश्वास गर्नेहरु भन्थे , 'जहा" अन्तरे काकाले टेक्छ त्यहा" बोक्सी त के जस्तोसुकै शक्तिशाली आत्मले पनि नौडा"डा काट्छ । '
T-527	nan
H-527	-0.6330388784408569	भूट , प्रेत अनी धामीप्रटी विश्वास जाट्के डेम डेमन्या , 'हा अन्टरे काकाय टेक्डीया । '
D-527	-0.6330388784408569	भूट , प्रेत अनी धामीप्रटी विश्वास जाट्के डेम डेमन्या , 'हा अन्टरे काकाय टेक्डीया । '
P-527	-0.0212 -0.0497 -0.1340 -0.2075 -0.0246 -0.5096 -0.0077 -0.1864 -0.2358 -0.0859 -0.6469 -0.4531 -0.6626 -0.0217 -0.0641 -0.0523 -0.1971 -0.4376 -1.2029 -4.3127 -2.5441 -1.5570 -0.0822 -0.0429 -0.7982 -2.0363 -0.3486 -0.0177 -0.1259 -1.2914 -0.3104 -0.6334 -0.0501 -0.0474 -1.3308 -2.3109 -1.3058 -0.2235 -0.1189
S-25	<2mgr>'मैले किन जाँड रक्सी खाएको थाहा छ ? तिमीहरुले गर्दा ऋण भयो । ऋणले गर्दा सहन नसकेर मैले यसो गरेका हो । अब बुहारीको सुन बेचेर तिर्नु पर्यो । हुन्छ कि हुँदैन बुहारी ? ' ससुराले मलाइ कराउँदै सोध्नु भयो ।
T-25	'ङै हीके हान रक्सी गाच ठाहा ले ? ने जाट्नाङ ऋण छान्हा । ऋणय जाट्नाङ सहैडीके माय्होक्म ङै इट जाट्च आले । अब बुहारीओ सुन आर्लार टीर्डीके परीसा । छान्ह्ले की माछान्ह्ले बुहारी ?' ससुराय ङाके च्याक्म गीनाको ।
H-25	-0.4227139949798584	'ङै हीके हान रक्सी गाच ठाहा ले ? नाङइ जाट्नाङ ऋण छान्हा ।' च्याकाको ।
D-25	-0.4227139949798584	'ङै हीके हान रक्सी गाच ठाहा ले ? नाङइ जाट्नाङ ऋण छान्हा ।' च्याकाको ।
P-25	-0.0572 -0.0441 -0.0279 -0.0483 -0.0291 -0.0378 -0.0255 -0.0567 -0.0583 -0.2904 -0.0120 -0.1054 -0.7082 -0.4085 -0.0797 -0.7683 -0.1203 -0.0326 -0.0780 -0.1302 -1.5773 -5.0395 -0.0486 -0.0368 -1.0866 -0.0832
S-469	<2mgr>'कि लौ लौ यो केटीले त कत्रो कोसेली पो ल्याइछ्यौ भनेको त माइतमा मादल पो बोकेर आइछ्यौ है भनेर भाउजु-संगीले जिस्क्याउलान् भनेर हो ? '
T-469	'की लौ लौ इसे माझै च कङ्च कोसेली पो उन्नेसा डेच च माइटाङ माडल पो बुम राहालेसा है डेम भनी-लाफाय खेहेके डेम आले ? '
H-469	-0.6847060322761536	'कि लौ लौ इसे माझामीजै च कत्रो कोसेली पो राक्लेसा डेच च माइटल माङाहाले डेम राहाले ? '
D-469	-0.6847060322761536	'कि लौ लौ इसे माझामीजै च कत्रो कोसेली पो राक्लेसा डेच च माइटल माङाहाले डेम राहाले ? '
P-469	-0.0562 -0.1326 -0.9647 -0.0038 -1.1683 -0.0083 -0.0249 -0.6039 -2.3246 -0.1187 -0.0060 -0.0981 -0.4566 -0.4765 -0.0704 -4.1791 -0.4174 -0.0079 -0.1446 -1.0833 -1.2049 -0.3436 -0.0895 -0.0849 -0.1266 -3.1755 -0.1796 -1.6212 -0.8394 -1.2474 -0.7599 -0.7559 -0.5414 -0.8142 -0.9446 -0.0317 -0.2281
S-416	<2mgr>खै मनमा के कुरा खेलाउँदै थिईन् कुन्नि , एक्कासी पहलमानले लाठी हल्लाएझैं दाहिने हातले पक्डिरहेको खुर्पालाई हावामा बेस्सरी फनफनी नच्चाईन् ।
T-416	खै मीमनाङ ही कुरा गेसाक्मन लेया छेन , कलापीङ पहलमाने डाङ्गा होयोक्नाङलखन डोर मीहुटे घोमनलेच खुर्पाके नामसूआङ बेस्सरी फनफनी स्याकाका ।
H-416	-0.6007375121116638	खै मीमनाङ ही कुरा गेट्मन लेया छेउ , एक्कासी पहलाङने बीठी हल्लाइ माङ्मन डासा ।
D-416	-0.6007375121116638	खै मीमनाङ ही कुरा गेट्मन लेया छेउ , एक्कासी पहलाङने बीठी हल्लाइ माङ्मन डासा ।
P-416	-0.0430 -0.0144 -0.3344 -0.0121 -0.0423 -0.0448 -0.1657 -0.2247 -0.0357 -0.0107 -0.0573 -0.0827 -1.4466 -0.0873 -0.0081 -0.0117 -0.0041 -0.1155 -0.6916 -0.0249 -0.7575 -3.9527 -0.8666 -0.0312 -0.4985 -0.0339 -3.6530 -1.3018 -0.7077 -1.0677 -0.6732 -1.9768 -1.8470 -0.1255 -0.0750
S-23	<2mgr>'छोरीमान्छे भएपछि जन्मघर छाड्नै पर्छ , पराई घर जानै पर्छ । लौ छोरी , नयाँ दुलही बनेर राम्रोसँग खाएस् , बाउमाइतीको नाक राखेर घरजम गर । '
T-23	'माझाभर्मी छान्ह्प्याक फुन्चइम ङास्केन पर्ले , पराई इम नुहुँके न पर्ले । लौ माझामीजा , नयाँ दुलही छान्हार सेहेचकठा ज्याओस् , बोइमाइटीओ मीनाह डार वीहा जाटो । '
H-23	-0.8014407157897949	'नानी माझाभर्मी छान्ह्प्याक जन्मघर डाके पर्ले , पराई इमाङ नुङ्के पर्ले । लौ माझामीजा , नयाँ दुलमकठा ज्यारकाट्च । '
D-23	-0.8014407157897949	'नानी माझाभर्मी छान्ह्प्याक जन्मघर डाके पर्ले , पराई इमाङ नुङ्के पर्ले । लौ माझामीजा , नयाँ दुलमकठा ज्यारकाट्च । '
P-23	-0.0495 -0.3350 -1.9921 -0.9614 -0.1987 -0.0106 -0.1397 -0.0066 -4.2761 -0.0094 -0.3043 -0.0511 -1.2656 -0.6596 -0.4927 -0.0587 -0.1273 -0.2006 -0.0193 -1.9724 -1.8124 -0.0665 -0.3727 -0.2093 -0.0071 -0.0890 -0.0721 -0.0572 -0.0771 -0.3519 -0.0403 -4.1470 -3.0637 -1.1707 -0.9080 -3.2257 -1.2304 -1.6959 -0.6124 -0.2415 -0.2774
S-453	<2mgr>मलाई झोलाभित्रबाट 'शिवपुरी सन्देश'को एउटा नयाँ अंक निकालेर दिनुहुँदै वियोगी दाज्युले भन्नु भयो , 'भाइको एउटा कविता भए पनि , गजल भए पनि दिनु म छाप्छु । '
T-453	ङाके झोलाभीट्रीईङ 'शिवपुरी सन्देश'ओ काट नयाँ अंक डोन्ह्म याहामन वियोगी दाजीय डेयाको , 'भयौ काट कविता डेनाङ ड , गजल डेनाङ ड याहानी ङै छाप्डीलाङ । '
H-453	-0.45749402046203613	ङाके झोलाभीट्री 'शिवपुरी सन्देश'ओ काट अंकडीस्म याहामन वियोगी दाजीय डेयाको , 'भाङो काट कविता छान्ह्म याहालाङ । '
D-453	-0.45749402046203613	ङाके झोलाभीट्री 'शिवपुरी सन्देश'ओ काट अंकडीस्म याहामन वियोगी दाजीय डेयाको , 'भाङो काट कविता छान्ह्म याहालाङ । '
P-453	-0.0216 -0.0461 -0.1675 -0.0805 -0.0765 -0.2354 -0.0867 -0.0351 -0.0391 -0.0731 -0.0281 -0.0066 -0.0795 -0.0273 -0.0514 -2.0755 -0.0093 -0.0520 -0.0084 -0.5646 -2.9463 -0.1335 -0.3427 -0.6772 -1.1250 -0.6105 -0.3700 -0.0284 -0.2271 -0.0520 -0.0522 -1.0385 -3.1554 -0.1429 -0.5957 -0.0804 -2.9715 -0.5708 -0.0285 -0.1777 -0.0514 -0.0728
S-486	<2mgr>'यहाँ मान्छेलाई बारुलाले चिलेर मार्न लाग्यो तिमी चाँहि . . . कसैलाई केको धन्दा कसैलाई केको . . . भनेझैं कामको मात्र माया' कमलाले धनहाङ पट्टि फर्केर भनी ।
T-486	'इलाङ भर्मीके वामै जीकार साट्के पा नाङ च . . . सुके हीओ ढन्डा कुके हीओ . . . डनाङ लख कामो मात्रै माया' कमलाय धनहाङ पट्टी ल्हेसार डेया ।
H-486	-0.7336686849594116	'इलाङ भर्मीके बारुलाय चीन्डीम सान लैडीसा नाङ च . . सुन्दीओ धन्दा सुकोके ही . . . डेनाङ काम पट्टी ल्हेस्च धन्यक्डीया । '
D-486	-0.7336686849594116	'इलाङ भर्मीके बारुलाय चीन्डीम सान लैडीसा नाङ च . . सुन्दीओ धन्दा सुकोके ही . . . डेनाङ काम पट्टी ल्हेस्च धन्यक्डीया । '
P-486	-0.0652 -0.1236 -0.0187 -0.0499 -0.0726 -0.0225 -0.1714 -0.0432 -0.4438 -0.0983 -0.0655 -0.4062 -0.3788 -0.6248 -1.0929 -0.4800 -0.5750 -0.1020 -0.0638 -0.0445 -0.0556 -3.0225 -1.8116 -1.5754 -0.8753 -1.2422 -0.2905 -1.5521 -0.0196 -1.0877 -0.0450 -1.2109 -0.7266 -0.1114 -4.8984 -0.0176 -0.7565 -2.4799 -0.1529 -1.5232 -3.3455 -1.3978 -0.2184 -0.1437 -0.0755 -0.1703
S-84	<2mgr>एकदिन हामी दुईजना धारा छेवैमा बसेर एकै ठाउँमा हात हालेर चिउरा खाँदै थियौं क्षेत्री बाहुनका छोराछोरी आएर मलाई गिज्याउन थाले ।
T-84	कायाक कान न्हीसजना ढारा छेवाङ ङुम काट्न ठाउँआङ मीहुट काम चीउरा ज्यामन लेया क्षेत्री बाहुनो मीजाको राहार ङाके खेरेके ठाला ।
H-84	-0.6033426523208618	कायाक कान न्हीसजना ढारा छेवाङ ङुम एकै ठाउँआङ मीहुटाङ मीहुट चीन्डीम खाँडीस्मन लेया बाहुनो लेन्जामीजै हीरी ङाके नुहुँआ ।
D-84	-0.6033426523208618	कायाक कान न्हीसजना ढारा छेवाङ ङुम एकै ठाउँआङ मीहुटाङ मीहुट चीन्डीम खाँडीस्मन लेया बाहुनो लेन्जामीजै हीरी ङाके नुहुँआ ।
P-84	-0.0077 -0.0176 -0.0236 -0.0083 -0.0630 -0.0098 -0.7719 -0.0232 -0.0785 -0.5053 -0.0981 -1.5633 -0.0383 -2.1802 -0.1514 -0.0239 -0.0776 -0.0167 -1.6946 -0.1075 -3.4941 -0.2151 -0.1322 -0.5374 -0.0327 -0.3476 -1.7442 -0.0044 -0.0153 -0.3212 -1.1218 -0.0576 -0.1313 -0.3028 -3.3710 -1.2112 -0.5262 -2.7534 -0.2747 -0.0792
S-237	<2mgr>निरज दाज्युले हामी दुईलाई पिलिक्क हेरेर भन्नु भयो , 'कहिले कहिलेदेखि आज भेट भएको छ । तिमीहरु दुईजनाको कविता नसुनेको पनि निक्कै समय भएछ हिँड एक ठाउँ बसेर कुरा गरौं । '
T-237	निरज दाजीय कान न्हीके पिलिक्क ङोस्म डेयाको , 'सेन सेनीङव्हारा छीनीङ डूप्म ले । नाको न्हीसजनौ कविता मासेच ड निक्कै समय छान्ह्लेसा हूई काट ठाउँ ङुम कुरा जाटीङ । '
H-237	-0.48614004254341125	निरज दाजीय कान न्हीसके पिलिक्क ङोस्म डेयाको , 'सुले सेनव्हारा छीनीङ डुप्च ले । नाङ न्हीसजनाओ कविता निक्कै समय जाटा । '
D-237	-0.48614004254341125	निरज दाजीय कान न्हीसके पिलिक्क ङोस्म डेयाको , 'सुले सेनव्हारा छीनीङ डुप्च ले । नाङ न्हीसजनाओ कविता निक्कै समय जाटा । '
P-237	-0.0151 -0.0163 -0.0291 -0.0186 -0.0057 -0.1145 -0.0606 -0.0233 -0.0174 -0.0757 -0.0193 -0.0228 -0.0300 -0.0762 -0.0558 -0.1405 -1.5530 -0.9171 -3.8898 -0.0201 -0.0115 -0.6183 -0.0308 -0.0498 -0.1363 -0.8338 -0.0237 -0.0364 -1.0328 -0.0283 -4.1344 -0.0111 -0.2184 -0.4160 -3.4592 -0.1642 -0.0896 -0.0778
S-364	<2mgr>असरल्ल छरिएको कपालको झाँक्रो फिजाएर आक्रोशको ज्वालाले राता भएका आँखा पल्टाउँदै कुखुरा छोपी राखेको डोको उघारिन् ।
T-364	असरल्ल छर्डीस्च मीछामो झाँक्रो फीजडीम आक्रोशओ ज्वालाय ग्याच छान्ह्च मीमीक पल्टडीमन ग्वा घोम डाच ढाकर सोटा ।
H-364	-1.0460710525512695	असल्ल छरिच मीछाम माझामीजा होरो फिजाक्म आरो्वालाय ज्वाला राका मीमीक पल्टाडीमनलेच ग्वा डार डा ।
D-364	-1.0460710525512695	असल्ल छरिच मीछाम माझामीजा होरो फिजाक्म आरो्वालाय ज्वाला राका मीमीक पल्टाडीमनलेच ग्वा डार डा ।
P-364	-0.0777 -0.8147 -1.5337 -0.0650 -0.0439 -0.7160 -1.2137 -0.3185 -0.5604 -0.2415 -3.7060 -2.0030 -1.7683 -0.9650 -0.8786 -0.2545 -0.2305 -1.8163 -0.3419 -0.1306 -3.3148 -0.0747 -0.0694 -0.2399 -0.0332 -0.1870 -0.7779 -1.8982 -2.4475 -1.9737 -1.0521 -0.0369 -1.3085 -0.0925 -2.7831 -0.4438 -2.6424 -1.4801 -1.3788 -2.8982 -0.0763
S-207	<2mgr>मैले केहि नभन्दा नै बुबाले भन्नुभयो , 'भक्तपुरमा युकेजीसम्म पढेर आएको त्यसैले एबीसीडी , वानटुथ्री सबै पानी बराबर आउँछ बच्चालाई । '
T-207	ङै हीड माडेनाङ न बोइय डेयाको , 'भक्तपुराङ युकेजीसम्म पढीस्म राहाच होटै एबीसीडी , वानटुथ्री जम्मै डी बराबर राहाले जजाके । '
H-207	-0.5373232960700989	ङै हीड माडेनाङ न बोइय डेयाको , 'भक्तपुराङ युक्जीसम्म पढीस्म राहाच होटै एकाबिउँडीया , वाक जम्मैके राहाले । '
D-207	-0.5373232960700989	ङै हीड माडेनाङ न बोइय डेयाको , 'भक्तपुराङ युक्जीसम्म पढीस्म राहाच होटै एकाबिउँडीया , वाक जम्मैके राहाले । '
P-207	-0.0111 -0.0328 -0.1530 -0.0152 -0.0113 -0.0929 -0.0086 -0.0940 -0.1035 -0.0686 -0.0376 -1.0871 -0.1020 -0.0106 -0.0239 -1.9367 -0.0118 -1.7469 -1.7942 -0.0676 -0.0154 -0.7272 -0.0155 -0.5221 -0.0092 -0.9594 -0.9604 -3.4818 -0.9379 -0.6437 -0.4143 -0.0521 -0.0097 -1.5040 -0.3436 -3.0950 -0.5356 -0.2331 -0.0434 -0.0451 -0.0721
S-375	<2mgr>खाए पनि नखाए पनि साता सातामा यूएनले बाँड्ने उसिना चामाल , एक पाकेट नुन , तीन लिटर मट्टीतेल र खद्दरको कपडा ।
T-375	ज्यानाङ ड माज्यानाङ ड साटा साटाङ यूएने पुङ्च उसिना सुरु , काट पाकीट छा , सोम लीटर मट्टीसीडी अनी खद्दरो कपडा ।
H-375	-1.021121859550476	ज्या ड माज्यानाङ ड साटानाङ इचूएके बाँझि होच्यो चाल , काट पार्लाक , काट पाखन लिनर मटलपट्टि आर्जुल अनी ङा खेरेपढीस्के ।
D-375	-1.021121859550476	ज्या ड माज्यानाङ ड साटानाङ इचूएके बाँझि होच्यो चाल , काट पार्लाक , काट पाखन लिनर मटलपट्टि आर्जुल अनी ङा खेरेपढीस्के ।
P-375	-0.4987 -0.2728 -0.5716 -0.0666 -0.4750 -0.0835 -0.5644 -3.3633 -2.5966 -0.8618 -0.5424 -0.8954 -2.7411 -1.6135 -0.8865 -0.8282 -3.6224 -0.2562 -0.9173 -0.6214 -0.0872 -0.0526 -0.2034 -0.4299 -2.3302 -0.4260 -0.4725 -0.8771 -2.7203 -0.1539 -0.6855 -2.5303 -0.3018 -1.1213 -1.4107 -0.8188 -2.6817 -1.0506 -0.5046 -1.3117 -0.0493 -1.0763 -0.2966 -2.1646 -1.4873 -0.0074 -3.0249 -0.0604 -0.3576 -0.0824
S-53	<2mgr>हामी दुईले केहि नभन्दै हामी दुईलाई देखाउँदै दाज्युले आफूसँग सँगै आएका साथीतर्फ देखाउँदै भन्नुभयो , 'यी भाइ दुईजना चाँहि कवि भाइहरु । राम्रो राम्रो कविता लेख्नुहुन्छ । '
T-53	कान न्हीसे हीड माडेमन कान न्हीसके टनाक्म दाजीय मेकोकठा कठा राहाच लाफालाक टनाक्म डेयाको , 'इसे चया न्हीसजना च कवि भयाको । सेहेच सेहेच कविता रीक्लेको । '
H-53	-0.6049485206604004	कान न्हीसे हीड माडेम कान न्हीसके टनाक्मन दाजीय ङाल्ला कठान राहाच लाफाकार्फ टनाक्मन डेयाको , 'यी भया च कविताको रीक्लेको । '
D-53	-0.6049485206604004	कान न्हीसे हीड माडेम कान न्हीसके टनाक्मन दाजीय ङाल्ला कठान राहाच लाफाकार्फ टनाक्मन डेयाको , 'यी भया च कविताको रीक्लेको । '
P-53	-0.0256 -1.1121 -0.1358 -0.0215 -0.1938 -0.0728 -0.1206 -0.0198 -0.0323 -1.2232 -0.0042 -0.0142 -0.0752 -0.1151 -0.0374 -0.7564 -0.7392 -2.0971 -0.0062 -1.5206 -0.2642 -3.2482 -0.2251 -0.0075 -0.1803 -0.0722 -1.1297 -0.4507 -0.0243 -0.0621 -0.0531 -1.9932 -1.2626 -0.1065 -2.2469 -1.9564 -0.1591 -1.3038 -0.9134 -1.8613 -0.0619 -0.0332 -0.0739
S-151	<2mgr>बाजेहरुले भन्नुभयो हाम्रो त म्हेनिङ मात्र रहेछ , देवता नागलाई साङ सेरकेम गर्ने , साङ सेरकेम गर्ने , खेप्पासुङ मनाउने मात्र पो हुने रहेछ ।
T-151	बाजीकोइ डेयाको कानुङ च म्हेनिङ मात्रै लेसा , देवटा नागके साङ सेरकेम जाट्के , साङ सेरकेम जाट्के , खेप्पासुङ मन्डीके मात्रै पो छान्ह्के लेसा ।
H-151	-0.7224319577217102	बाजीकोइ डेयाको कानुङ च आगोङ मात्रै लेसा , डेवटाके साङमो साङ साङ्मलाई जाट्के , सेर जाट्के लेसा ।
D-151	-0.7224319577217102	बाजीकोइ डेयाको कानुङ च आगोङ मात्रै लेसा , डेवटाके साङमो साङ साङ्मलाई जाट्के , सेर जाट्के लेसा ।
P-151	-0.1218 -0.1340 -0.0376 -0.8008 -0.0582 -0.0667 -0.7864 -0.2113 -1.9355 -0.0373 -0.0287 -0.0764 -0.6068 -0.0130 -0.1239 -0.9867 -0.0072 -0.0968 -2.3930 -0.2750 -0.1111 -2.9112 -0.4441 -0.3253 -1.8929 -1.3497 -0.2335 -0.0386 -1.7899 -1.9888 -1.9308 -1.9449 -0.0826
S-110	<2mgr>भाउजु सुस्मिताले दाज्युतिर फर्केर भन्नुभयो , 'भाइ दुईजना आइपुग्नु भएको छ तपाईलाई भेट्न । तपाई भाईहरुसँग कुरा गर्नुहोस् , चिया म बनाउँछु । '
T-110	भजी सुस्मिताय दाजीललाक ल्हेसम डेयाको , 'भया न्हीसजना टाराह्म लेको नाकोके डूप्के । नाको भयाकोकठा कुरा जाट्नी , चाहा ङा खास्लाङ ।
H-110	-0.3358614146709442	भजी सुस्मिताय दाजीलाक ल्हेस्म डेयाको , 'भया न्हीसजना टाराहाको नाकोके डूप्के लेको । '
D-110	-0.3358614146709442	भजी सुस्मिताय दाजीलाक ल्हेस्म डेयाको , 'भया न्हीसजना टाराहाको नाकोके डूप्के लेको । '
P-110	-0.0252 -0.0598 -0.0262 -0.0045 -0.0144 -0.0482 -0.3531 -0.0251 -0.0350 -0.0525 -0.0076 -0.0664 -0.0987 -0.0605 -0.3760 -0.0286 -0.5978 -0.0452 -2.1551 -0.1251 -0.2763 -0.1646 -0.5674 -0.5748 -0.1834 -0.1580 -1.0372 -2.4839 -0.0893
S-439	<2mgr>'यहाँबाट त रिरियन्त्र र लुका मात्र जान्छ । लुकामा एउटा सिट त छ रे त दिदी जानु नि त्यसैमा' , मैले त्यसो भन्दा ती महिलाको अनुहारमा उज्यालो छायो ।
T-439	'इटीङ च रिरियन्त्र अनी लुका मात्रै नुहुँले । लुकाङ काट सीट च ले छ टा च डै नुहुँनी नी होलाङन' , ङै होट डेनाङ होसे माझौ मीटाहाङ ट्याङ्च छान्हा ।
H-439	-0.755879282951355	'इलाङीङ च मीरीसयन्त्र अनी आर्चीक्लाङ । लुकााङ काट सीट ले ता होटै डोन्म लेया नी होडीया । ' , ङै डेया ।
D-439	-0.755879282951355	'इलाङीङ च मीरीसयन्त्र अनी आर्चीक्लाङ । लुकााङ काट सीट ले ता होटै डोन्म लेया नी होडीया । ' , ङै डेया ।
P-439	-0.0699 -0.0164 -0.0874 -0.4230 -0.0848 -0.8617 -0.1265 -0.2387 -1.1091 -0.2819 -0.1337 -0.1859 -0.1910 -0.0213 -0.4289 -1.7046 -0.2632 -1.0159 -0.0120 -1.4781 -0.0098 -0.5608 -0.3965 -0.1796 -2.7180 -1.9779 -1.6531 -1.6016 -0.2352 -1.6348 -2.6065 -0.2170 -0.9251 -0.7205 -2.2681 -0.2613 -0.0695 -0.7894 -0.0309 -4.0133 -0.0714 -0.0729
Generate test with beam=5: BLEU4 = 35.78, 68.0/45.1/30.3/21.0 (BP=0.957, ratio=0.958, syslen=4082, reflen=4262)
